Component: ARM Compiler 5.06 update 7 (build 960) Tool: armlink [4d3601]

==============================================================================

Section Cross References

    startup_stm32f103xe.o(STACK) refers (Special) to heapauxi.o(.text) for __use_two_region_memory
    startup_stm32f103xe.o(HEAP) refers (Special) to heapauxi.o(.text) for __use_two_region_memory
    startup_stm32f103xe.o(RESET) refers (Special) to heapauxi.o(.text) for __use_two_region_memory
    startup_stm32f103xe.o(RESET) refers to startup_stm32f103xe.o(STACK) for __initial_sp
    startup_stm32f103xe.o(RESET) refers to startup_stm32f103xe.o(.text) for Reset_Handler
    startup_stm32f103xe.o(RESET) refers to stm32f1xx_it.o(i.NMI_Handler) for NMI_Handler
    startup_stm32f103xe.o(RESET) refers to stm32f1xx_it.o(i.HardFault_Handler) for HardFault_Handler
    startup_stm32f103xe.o(RESET) refers to stm32f1xx_it.o(i.MemManage_Handler) for MemManage_Handler
    startup_stm32f103xe.o(RESET) refers to stm32f1xx_it.o(i.BusFault_Handler) for BusFault_Handler
    startup_stm32f103xe.o(RESET) refers to stm32f1xx_it.o(i.UsageFault_Handler) for UsageFault_Handler
    startup_stm32f103xe.o(RESET) refers to port.o(.emb_text) for SVC_Handler
    startup_stm32f103xe.o(RESET) refers to stm32f1xx_it.o(i.DebugMon_Handler) for DebugMon_Handler
    startup_stm32f103xe.o(RESET) refers to delay.o(i.SysTick_Handler) for SysTick_Handler
    startup_stm32f103xe.o(RESET) refers to exti.o(i.EXTI3_IRQHandler) for EXTI3_IRQHandler
    startup_stm32f103xe.o(RESET) refers to exti.o(i.EXTI4_IRQHandler) for EXTI4_IRQHandler
    startup_stm32f103xe.o(RESET) refers to adc.o(i.DMA1_Channel1_IRQHandler) for DMA1_Channel1_IRQHandler
    startup_stm32f103xe.o(RESET) refers to usart.o(i.USART1_IRQHandler) for USART1_IRQHandler
    startup_stm32f103xe.o(.text) refers (Special) to heapauxi.o(.text) for __use_two_region_memory
    startup_stm32f103xe.o(.text) refers to system_stm32f1xx.o(i.SystemInit) for SystemInit
    startup_stm32f103xe.o(.text) refers to __main.o(!!!main) for __main
    startup_stm32f103xe.o(.text) refers to startup_stm32f103xe.o(HEAP) for Heap_Mem
    startup_stm32f103xe.o(.text) refers to startup_stm32f103xe.o(STACK) for Stack_Mem
    main.o(i.main) refers to stm32f1xx_hal.o(i.HAL_Init) for HAL_Init
    main.o(i.main) refers to sys.o(i.sys_stm32_clock_init) for sys_stm32_clock_init
    main.o(i.main) refers to delay.o(i.delay_init) for delay_init
    main.o(i.main) refers to usart.o(i.usart_init) for usart_init
    main.o(i.main) refers to led.o(i.led_init) for led_init
    main.o(i.main) refers to key.o(i.key_init) for key_init
    main.o(i.main) refers to atim.o(i.atim_timx_cplm_pwm_init) for atim_timx_cplm_pwm_init
    main.o(i.main) refers to atim.o(i.atim_timx_cplm_pwm_set) for atim_timx_cplm_pwm_set
    main.o(i.main) refers to exti.o(i.exti_init) for exti_init
    main.o(i.main) refers to freertos_demo.o(i.freertos_demo) for freertos_demo
    system_stm32f1xx.o(i.SystemCoreClockUpdate) refers to system_stm32f1xx.o(.data) for SystemCoreClock
    system_stm32f1xx.o(i.SystemCoreClockUpdate) refers to system_stm32f1xx.o(.constdata) for AHBPrescTable
    freertos_demo.o(i.freertos_demo) refers to queue.o(i.xQueueGenericCreate) for xQueueGenericCreate
    freertos_demo.o(i.freertos_demo) refers to noretval__2printf.o(.text) for __2printf
    freertos_demo.o(i.freertos_demo) refers to tasks.o(i.xTaskCreate) for xTaskCreate
    freertos_demo.o(i.freertos_demo) refers to tasks.o(i.vTaskStartScheduler) for vTaskStartScheduler
    freertos_demo.o(i.freertos_demo) refers to freertos_demo.o(.data) for AD0_queue
    freertos_demo.o(i.freertos_demo) refers to freertos_demo.o(i.start_task) for start_task
    freertos_demo.o(i.start_task) refers to port.o(i.vPortEnterCritical) for vPortEnterCritical
    freertos_demo.o(i.start_task) refers to tasks.o(i.xTaskCreate) for xTaskCreate
    freertos_demo.o(i.start_task) refers to tasks.o(i.vTaskDelete) for vTaskDelete
    freertos_demo.o(i.start_task) refers to port.o(i.vPortExitCritical) for vPortExitCritical
    freertos_demo.o(i.start_task) refers to freertos_demo.o(.data) for Task1Task_Handler
    freertos_demo.o(i.start_task) refers to freertos_demo.o(i.task1) for task1
    freertos_demo.o(i.start_task) refers to freertos_demo.o(i.task2) for task2
    freertos_demo.o(i.start_task) refers to freertos_demo.o(i.task3) for task3
    freertos_demo.o(i.start_task) refers to freertos_demo.o(i.test_task) for test_task
    freertos_demo.o(i.task1) refers to stm32f1xx_hal_gpio.o(i.HAL_GPIO_WritePin) for HAL_GPIO_WritePin
    freertos_demo.o(i.task1) refers to stm32f1xx_hal_gpio.o(i.HAL_GPIO_TogglePin) for HAL_GPIO_TogglePin
    freertos_demo.o(i.task1) refers to tasks.o(i.vTaskDelay) for vTaskDelay
    freertos_demo.o(i.task1) refers to freertos_demo.o(.data) for work_flag
    freertos_demo.o(i.task2) refers to _printf_percent.o(.ARM.Collect$$_printf_percent$$00000000) for _printf_percent
[...]
    i.vTaskSuspendAll                        0x08005b58   Section        0  tasks.o(i.vTaskSuspendAll)
    i.vTaskSwitchContext                     0x08005b68   Section        0  tasks.o(i.vTaskSwitchContext)
    i.xPortStartScheduler                    0x08005c20   Section        0  port.o(i.xPortStartScheduler)
    i.xPortSysTickHandler                    0x08005d6c   Section        0  port.o(i.xPortSysTickHandler)
    i.xQueueGenericCreate                    0x08005da0   Section        0  queue.o(i.xQueueGenericCreate)
    i.xQueueGenericReset                     0x08005e30   Section        0  queue.o(i.xQueueGenericReset)
    i.xQueueGenericSend                      0x08005f2c   Section        0  queue.o(i.xQueueGenericSend)
    i.xQueueReceive                          0x08006110   Section        0  queue.o(i.xQueueReceive)
    i.xTaskCheckForTimeOut                   0x08006290   Section        0  tasks.o(i.xTaskCheckForTimeOut)
    i.xTaskCreate                            0x0800635c   Section        0  tasks.o(i.xTaskCreate)
    i.xTaskGetSchedulerState                 0x080063bc   Section        0  tasks.o(i.xTaskGetSchedulerState)
    i.xTaskGetTickCount                      0x080063dc   Section        0  tasks.o(i.xTaskGetTickCount)
    i.xTaskIncrementTick                     0x080063e8   Section        0  tasks.o(i.xTaskIncrementTick)
    i.xTaskPriorityDisinherit                0x080065d0   Section        0  tasks.o(i.xTaskPriorityDisinherit)
    i.xTaskRemoveFromEventList               0x080066e0   Section        0  tasks.o(i.xTaskRemoveFromEventList)
    i.xTaskResumeAll                         0x0800682c   Section        0  tasks.o(i.xTaskResumeAll)
    i.xTimerCreateTimerTask                  0x080069cc   Section        0  timers.o(i.xTimerCreateTimerTask)
    locale$$code                             0x08006a4c   Section       44  lc_numeric_c.o(locale$$code)
    x$fpl$d2f                                0x08006a78   Section       98  d2f.o(x$fpl$d2f)
    x$fpl$ddiv                               0x08006adc   Section      688  ddiv.o(x$fpl$ddiv)
    ddiv_entry                               0x08006ae3   Thumb Code     0  ddiv.o(x$fpl$ddiv)
    x$fpl$dmul                               0x08006d8c   Section      340  dmul.o(x$fpl$dmul)
    x$fpl$dnaninf                            0x08006ee0   Section      156  dnaninf.o(x$fpl$dnaninf)
    x$fpl$dretinf                            0x08006f7c   Section       12  dretinf.o(x$fpl$dretinf)
    x$fpl$f2d                                0x08006f88   Section       86  f2d.o(x$fpl$f2d)
    x$fpl$ffltu                              0x08006fe0   Section       38  fflt_clz.o(x$fpl$ffltu)
    x$fpl$fmul                               0x08007008   Section      258  fmul.o(x$fpl$fmul)
    x$fpl$fnaninf                            0x0800710a   Section      140  fnaninf.o(x$fpl$fnaninf)
    x$fpl$fretinf                            0x08007196   Section       10  fretinf.o(x$fpl$fretinf)
    x$fpl$printf1                            0x080071a0   Section        4  printf1.o(x$fpl$printf1)
    .constdata                               0x080071a4   Section       24  system_stm32f1xx.o(.constdata)
    x$fpl$usenofp                            0x080071a4   Section        0  usenofp.o(x$fpl$usenofp)
    .constdata                               0x080071bc   Section      148  bigflt0.o(.constdata)
    tenpwrs_x                                0x080071bc   Data          60  bigflt0.o(.constdata)
    tenpwrs_i                                0x080071f8   Data          64  bigflt0.o(.constdata)
    locale$$data                             0x08007270   Section       28  lc_numeric_c.o(locale$$data)
    __lcnum_c_name                           0x08007274   Data           2  lc_numeric_c.o(locale$$data)
    __lcnum_c_start                          0x0800727c   Data           0  lc_numeric_c.o(locale$$data)
    __lcnum_c_point                          0x08007288   Data           0  lc_numeric_c.o(locale$$data)
    __lcnum_c_thousands                      0x0800728a   Data           0  lc_numeric_c.o(locale$$data)
    __lcnum_c_grouping                       0x0800728b   Data           0  lc_numeric_c.o(locale$$data)
    __lcnum_c_end                            0x0800728c   Data           0  lc_numeric_c.o(locale$$data)
    .data                                    0x20000000   Section        4  system_stm32f1xx.o(.data)
    .data                                    0x20000004   Section       36  freertos_demo.o(.data)
    .data                                    0x20000028   Section        2  delay.o(.data)
    g_fac_us                                 0x20000028   Data           2  delay.o(.data)
    .data                                    0x2000002c   Section        7  usart.o(.data)
    .data                                    0x20000034   Section        9  stm32f1xx_hal.o(.data)
    .data                                    0x2000003d   Section        1  adc.o(.data)
    .data                                    0x2000003e   Section        2  exti.o(.data)
    oring_pwm                                0x2000003e   Data           2  exti.o(.data)
    .data                                    0x20000040   Section       64  tasks.o(.data)
    pxDelayedTaskList                        0x20000044   Data           4  tasks.o(.data)
    pxOverflowDelayedTaskList                0x20000048   Data           4  tasks.o(.data)
    uxDeletedTasksWaitingCleanUp             0x2000004c   Data           4  tasks.o(.data)
    uxCurrentNumberOfTasks                   0x20000050   Data           4  tasks.o(.data)
    xTickCount                               0x20000054   Data           4  tasks.o(.data)
    uxTopReadyPriority                       0x20000058   Data           4  tasks.o(.data)
    xSchedulerRunning                        0x2000005c   Data           4  tasks.o(.data)
    xPendedTicks                             0x20000060   Data           4  tasks.o(.data)
    xYieldPending                            0x20000064   Data           4  tasks.o(.data)
    xNumOfOverflows                          0x20000068   Data           4  tasks.o(.data)
    uxTaskNumber                             0x2000006c   Data           4  tasks.o(.data)
    xNextTaskUnblockTime                     0x20000070   Data           4  tasks.o(.data)
    xIdleTaskHandle                          0x20000074   Data           4  tasks.o(.data)
    uxSchedulerSuspended                     0x2000007c   Data           4  tasks.o(.data)
    .data                                    0x20000080   Section       20  timers.o(.data)
    pxCurrentTimerList                       0x20000080   Data           4  timers.o(.data)
    pxOverflowTimerList                      0x20000084   Data           4  timers.o(.data)
    xTimerQueue                              0x20000088   Data           4  timers.o(.data)
    xTimerTaskHandle                         0x2000008c   Data           4  timers.o(.data)
    xLastTime                                0x20000090   Data           4  timers.o(.data)
    .data                                    0x20000094   Section       32  heap_4.o(.data)
    xStart                                   0x20000094   Data           8  heap_4.o(.data)
    pxEnd                                    0x2000009c   Data           4  heap_4.o(.data)
    xFreeBytesRemaining                      0x200000a0   Data           4  heap_4.o(.data)
    xMinimumEverFreeBytesRemaining           0x200000a4   Data           4  heap_4.o(.data)
    xNumberOfSuccessfulAllocations           0x200000a8   Data           4  heap_4.o(.data)
    xNumberOfSuccessfulFrees                 0x200000ac   Data           4  heap_4.o(.data)
    xBlockAllocatedBit                       0x200000b0   Data           4  heap_4.o(.data)
    .data                                    0x200000b4   Section       12  port.o(.data)
    uxCriticalNesting                        0x200000b4   Data           4  port.o(.data)
    ucMaxSysCallPriority                     0x200000b8   Data           1  port.o(.data)
    ulMaxPRIGROUPValue                       0x200000bc   Data           4  port.o(.data)
    .bss                                     0x200000c0   Section       60  freertos_demo.o(.bss)
    .bss                                     0x200000fc   Section      264  usart.o(.bss)
    .bss                                     0x20000204   Section      116  adc.o(.bss)
    .bss                                     0x20000278   Section      104  atim.o(.bss)
    g_timx_cplm_pwm_handle                   0x20000278   Data          72  atim.o(.bss)
    sBreakDeadTimeConfig                     0x200002c0   Data          32  atim.o(.bss)
    .bss                                     0x200002e0   Section       64  queue.o(.bss)
    .bss                                     0x20000320   Section      740  tasks.o(.bss)
    pxReadyTasksLists                        0x20000320   Data         640  tasks.o(.bss)
    xDelayedTaskList1                        0x200005a0   Data          20  tasks.o(.bss)
    xDelayedTaskList2                        0x200005b4   Data          20  tasks.o(.bss)
    xPendingReadyList                        0x200005c8   Data          20  tasks.o(.bss)
    xTasksWaitingTermination                 0x200005dc   Data          20  tasks.o(.bss)
    xSuspendedTaskList                       0x200005f0   Data          20  tasks.o(.bss)
    .bss                                     0x20000604   Section       40  timers.o(.bss)
    xActiveTimerList1                        0x20000604   Data          20  timers.o(.bss)
    xActiveTimerList2                        0x20000618   Data          20  timers.o(.bss)
    .bss                                     0x2000062c   Section    10240  heap_4.o(.bss)
    ucHeap                                   0x2000062c   Data       10240  heap_4.o(.bss)
    .bss                                     0x20002e2c   Section       96  libspace.o(.bss)
    HEAP                                     0x20002e90   Section      512  startup_stm32f103xe.o(HEAP)
    Heap_Mem                                 0x20002e90   Data         512  startup_stm32f103xe.o(HEAP)
    STACK                                    0x20003090   Section     1024  startup_stm32f103xe.o(STACK)
    Stack_Mem                                0x20003090   Data        1024  startup_stm32f103xe.o(STACK)
    __initial_sp                             0x20003490   Data           0  startup_stm32f103xe.o(STACK)

    Global Symbols

    Symbol Name                              Value     Ov Type        Size  Object(Section)

    BuildAttributes$$THM_ISAv4$P$D$K$B$S$PE$A:L22UL41UL21$X:L11$S22US41US21$IEEE1$IW$USESV6$~STKCKD$USESV7$~SHL$OTIME$ROPI$IEEEJ$EBA8$UX$STANDARDLIB$REQ8$PRES8$EABIv2 0x00000000   Number         0  anon$$obj.o ABSOLUTE
    __ARM_use_no_argv                        0x00000000   Number         0  main.o ABSOLUTE
    __ARM_exceptions_init                     - Undefined Weak Reference
    __alloca_initialize                       - Undefined Weak Reference
    __arm_fini_                               - Undefined Weak Reference
    __arm_preinit_                            - Undefined Weak Reference
    __cpp_initialize__aeabi_                  - Undefined Weak Reference
    __cxa_finalize                            - Undefined Weak Reference
    __sigvec_lookup                           - Undefined Weak Reference
    _atexit_init                              - Undefined Weak Reference
    _call_atexit_fns                          - Undefined Weak Reference
    _clock_init                               - Undefined Weak Reference
    _fp_trap_init                             - Undefined Weak Reference
    _fp_trap_shutdown                         - Undefined Weak Reference
    _get_lc_collate                           - Undefined Weak Reference
    _get_lc_ctype                             - Undefined Weak Reference
    _get_lc_monetary                          - Undefined Weak Reference
    _get_lc_time                              - Undefined Weak Reference
    _getenv_init                              - Undefined Weak Reference
    _handle_redirection                       - Undefined Weak Reference
    _init_alloc                               - Undefined Weak Reference
    _init_user_alloc                          - Undefined Weak Reference
    _initio                                   - Undefined Weak Reference
    _mutex_acquire                            - Undefined Weak Reference
    _mutex_release                            - Undefined Weak Reference
    _printf_mbtowc                            - Undefined Weak Reference
    _printf_post_padding                      - Undefined Weak Reference
    _printf_pre_padding                       - Undefined Weak Reference
    _printf_truncate_signed                   - Undefined Weak Reference
    _printf_truncate_unsigned                 - Undefined Weak Reference
    _rand_init                                - Undefined Weak Reference
    _signal_finish                            - Undefined Weak Reference
    _signal_init                              - Undefined Weak Reference
    _terminate_alloc                          - Undefined Weak Reference
    _terminate_user_alloc                     - Undefined Weak Reference
    _terminateio                              - Undefined Weak Reference
    __Vectors_Size                           0x00000130   Number         0  startup_stm32f103xe.o ABSOLUTE
    __Vectors                                0x08000000   Data           4  startup_stm32f103xe.o(RESET)
    __Vectors_End                            0x08000130   Data           0  startup_stm32f103xe.o(RESET)
    __main                                   0x08000131   Thumb Code     8  __main.o(!!!main)
    __scatterload                            0x08000139   Thumb Code     0  __scatter.o(!!!scatter)
    __scatterload_rt2                        0x08000139   Thumb Code    44  __scatter.o(!!!scatter)
    __scatterload_rt2_thumb_only             0x08000139   Thumb Code     0  __scatter.o(!!!scatter)
    __scatterload_null                       0x08000147   Thumb Code     0  __scatter.o(!!!scatter)
    __scatterload_copy                       0x0800016d   Thumb Code    26  __scatter_copy.o(!!handler_copy)
    __scatterload_zeroinit                   0x08000189   Thumb Code    28  __scatter_zi.o(!!handler_zi)
    _printf_f                                0x080001a5   Thumb Code     0  _printf_f.o(.ARM.Collect$$_printf_percent$$00000003)
    _printf_percent                          0x080001a5   Thumb Code     0  _printf_percent.o(.ARM.Collect$$_printf_percent$$00000000)
    _printf_d                                0x080001ab   Thumb Code     0  _printf_d.o(.ARM.Collect$$_printf_percent$$00000009)
    _printf_s                                0x080001b1   Thumb Code     0  _printf_s.o(.ARM.Collect$$_printf_percent$$00000014)
    _printf_percent_end                      0x080001b7   Thumb Code     0  _printf_percent_end.o(.ARM.Collect$$_printf_percent$$00000017)
    __rt_lib_init                            0x080001bb   Thumb Code     0  libinit.o(.ARM.Collect$$libinit$$00000000)
    __rt_lib_init_fp_1                       0x080001bd   Thumb Code     0  libinit2.o(.ARM.Collect$$libinit$$00000002)
    __rt_lib_init_heap_1                     0x080001bd   Thumb Code     0  libinit2.o(.ARM.Collect$$libinit$$0000000A)
    __rt_lib_init_lc_common                  0x080001bd   Thumb Code     0  libinit2.o(.ARM.Collect$$libinit$$0000000F)
    __rt_lib_init_preinit_1                  0x080001bd   Thumb Code     0  libinit2.o(.ARM.Collect$$libinit$$00000004)
    __rt_lib_init_rand_1                     0x080001bd   Thumb Code     0  libinit2.o(.ARM.Collect$$libinit$$0000000E)
    __rt_lib_init_user_alloc_1               0x080001bd   Thumb Code     0  libinit2.o(.ARM.Collect$$libinit$$0000000C)
    __rt_lib_init_lc_collate_1               0x080001c3   Thumb Code     0  libinit2.o(.ARM.Collect$$libinit$$00000011)
    __rt_lib_init_lc_ctype_1                 0x080001c3   Thumb Code     0  libinit2.o(.ARM.Collect$$libinit$$00000013)
    __rt_lib_init_lc_monetary_1              0x080001c3   Thumb Code     0  libinit2.o(.ARM.Collect$$libinit$$00000015)
    __rt_lib_init_lc_numeric_2               0x080001c3   Thumb Code     0  libinit2.o(.ARM.Collect$$libinit$$00000016)
    __rt_lib_init_alloca_1                   0x080001cd   Thumb Code     0  libinit2.o(.ARM.Collect$$libinit$$0000002E)
    __rt_lib_init_argv_1                     0x080001cd   Thumb Code     0  libinit2.o(.ARM.Collect$$libinit$$0000002C)
    __rt_lib_init_atexit_1                   0x080001cd   Thumb Code     0  libinit2.o(.ARM.Collect$$libinit$$0000001B)
    __rt_lib_init_clock_1                    0x080001cd   Thumb Code     0  libinit2.o(.ARM.Collect$$libinit$$00000021)
    __rt_lib_init_cpp_1                      0x080001cd   Thumb Code     0  libinit2.o(.ARM.Collect$$libinit$$00000032)
    __rt_lib_init_exceptions_1               0x080001cd   Thumb Code     0  libinit2.o(.ARM.Collect$$libinit$$00000030)
    __rt_lib_init_fp_trap_1                  0x080001cd   Thumb Code     0  libinit2.o(.ARM.Collect$$libinit$$0000001F)
    __rt_lib_init_getenv_1                   0x080001cd   Thumb Code     0  libinit2.o(.ARM.Collect$$libinit$$00000023)
    __rt_lib_init_lc_numeric_1               0x080001cd   Thumb Code     0  libinit2.o(.ARM.Collect$$libinit$$00000017)
    __rt_lib_init_lc_time_1                  0x080001cd   Thumb Code     0  libinit2.o(.ARM.Collect$$libinit$$00000019)
    __rt_lib_init_return                     0x080001cd   Thumb Code     0  libinit2.o(.ARM.Collect$$libinit$$00000033)
    __rt_lib_init_signal_1                   0x080001cd   Thumb Code     0  libinit2.o(.ARM.Collect$$libinit$$0000001D)
    __rt_lib_init_stdio_1                    0x080001cd   Thumb Code     0  libinit2.o(.ARM.Collect$$libinit$$00000025)
    __rt_lib_shutdown                        0x080001cf   Thumb Code     0  libshutdown.o(.ARM.Collect$$libshutdown$$00000000)
    __rt_lib_shutdown_cpp_1                  0x080001d1   Thumb Code     0  libshutdown2.o(.ARM.Collect$$libshutdown$$00000004)
    __rt_lib_shutdown_fini_1                 0x080001d1   Thumb Code     0  libshutdown2.o(.ARM.Collect$$libshutdown$$00000002)
    __rt_lib_shutdown_fp_trap_1              0x080001d1   Thumb Code     0  libshutdown2.o(.ARM.Collect$$libshutdown$$00000009)
    __rt_lib_shutdown_heap_1                 0x080001d1   Thumb Code     0  libshutdown2.o(.ARM.Collect$$libshutdown$$00000011)
    __rt_lib_shutdown_return                 0x080001d1   Thumb Code     0  libshutdown2.o(.ARM.Collect$$libshutdown$$00000012)
    __rt_lib_shutdown_signal_1               0x080001d1   Thumb Code     0  libshutdown2.o(.ARM.Collect$$libshutdown$$0000000C)
    __rt_lib_shutdown_stdio_1                0x080001d1   Thumb Code     0  libshutdown2.o(.ARM.Collect$$libshutdown$$00000006)
    __rt_lib_shutdown_user_alloc_1           0x080001d1   Thumb Code     0  libshutdown2.o(.ARM.Collect$$libshutdown$$0000000E)
    __rt_entry                               0x080001d3   Thumb Code     0  __rtentry.o(.ARM.Collect$$rtentry$$00000000)
    __rt_entry_presh_1                       0x080001d3   Thumb Code     0  __rtentry2.o(.ARM.Collect$$rtentry$$00000002)
    __rt_entry_sh                            0x080001d3   Thumb Code     0  __rtentry4.o(.ARM.Collect$$rtentry$$00000004)
    __rt_entry_li                            0x080001d9   Thumb Code     0  __rtentry2.o(.ARM.Collect$$rtentry$$0000000A)
    __rt_entry_postsh_1                      0x080001d9   Thumb Code     0  __rtentry2.o(.ARM.Collect$$rtentry$$00000009)
    __rt_entry_main                          0x080001dd   Thumb Code     0  __rtentry2.o(.ARM.Collect$$rtentry$$0000000D)
    __rt_entry_postli_1                      0x080001dd   Thumb Code     0  __rtentry2.o(.ARM.Collect$$rtentry$$0000000C)
    __rt_exit                                0x080001e5   Thumb Code     0  rtexit.o(.ARM.Collect$$rtexit$$00000000)
    __rt_exit_ls                             0x080001e7   Thumb Code     0  rtexit2.o(.ARM.Collect$$rtexit$$00000003)
    __rt_exit_prels_1                        0x080001e7   Thumb Code     0  rtexit2.o(.ARM.Collect$$rtexit$$00000002)
    __rt_exit_exit                           0x080001eb   Thumb Code     0  rtexit2.o(.ARM.Collect$$rtexit$$00000004)
    SVC_Handler                              0x080001f1   Thumb Code    32  port.o(.emb_text)
    __asm___6_port_c_39a90d8d__prvStartFirstTask 0x08000215   Thumb Code    28  port.o(.emb_text)
    PendSV_Handler                           0x08000235   Thumb Code    72  port.o(.emb_text)
    vPortGetIPSR                             0x08000281   Thumb Code     6  port.o(.emb_text)
    Reset_Handler                            0x08000289   Thumb Code     8  startup_stm32f103xe.o(.text)
    ADC1_2_IRQHandler                        0x080002a3   Thumb Code     0  startup_stm32f103xe.o(.text)
    ADC3_IRQHandler                          0x080002a3   Thumb Code     0  startup_stm32f103xe.o(.text)
    CAN1_RX1_IRQHandler                      0x080002a3   Thumb Code     0  startup_stm32f103xe.o(.text)
    CAN1_SCE_IRQHandler                      0x080002a3   Thumb Code     0  startup_stm32f103xe.o(.text)
    DMA1_Channel2_IRQHandler                 0x080002a3   Thumb Code     0  startup_stm32f103xe.o(.text)
    DMA1_Channel3_IRQHandler                 0x080002a3   Thumb Code     0  startup_stm32f103xe.o(.text)
    DMA1_Channel4_IRQHandler                 0x080002a3   Thumb Code     0  startup_stm32f103xe.o(.text)
    DMA1_Channel5_IRQHandler                 0x080002a3   Thumb Code     0  startup_stm32f103xe.o(.text)
    DMA1_Channel6_IRQHandler                 0x080002a3   Thumb Code     0  startup_stm32f103xe.o(.text)
    DMA1_Channel7_IRQHandler                 0x080002a3   Thumb Code     0  startup_stm32f103xe.o(.text)
    DMA2_Channel1_IRQHandler                 0x080002a3   Thumb Code     0  startup_stm32f103xe.o(.text)
    DMA2_Channel2_IRQHandler                 0x080002a3   Thumb Code     0  startup_stm32f103xe.o(.text)
    DMA2_Channel3_IRQHandler                 0x080002a3   Thumb Code     0  startup_stm32f103xe.o(.text)
    DMA2_Channel4_5_IRQHandler               0x080002a3   Thumb Code     0  startup_stm32f103xe.o(.text)
    EXTI0_IRQHandler                         0x080002a3   Thumb Code     0  startup_stm32f103xe.o(.text)
    EXTI15_10_IRQHandler                     0x080002a3   Thumb Code     0  startup_stm32f103xe.o(.text)
    EXTI1_IRQHandler                         0x080002a3   Thumb Code     0  startup_stm32f103xe.o(.text)
    EXTI2_IRQHandler                         0x080002a3   Thumb Code     0  startup_stm32f103xe.o(.text)
    EXTI9_5_IRQHandler                       0x080002a3   Thumb Code     0  startup_stm32f103xe.o(.text)
    FLASH_IRQHandler                         0x080002a3   Thumb Code     0  startup_stm32f103xe.o(.text)
    FSMC_IRQHandler                          0x080002a3   Thumb Code     0  startup_stm32f103xe.o(.text)
    I2C1_ER_IRQHandler                       0x080002a3   Thumb Code     0  startup_stm32f103xe.o(.text)
    I2C1_EV_IRQHandler                       0x080002a3   Thumb Code     0  startup_stm32f103xe.o(.text)
    I2C2_ER_IRQHandler                       0x080002a3   Thumb Code     0  startup_stm32f103xe.o(.text)
    I2C2_EV_IRQHandler                       0x080002a3   Thumb Code     0  startup_stm32f103xe.o(.text)
    PVD_IRQHandler                           0x080002a3   Thumb Code     0  startup_stm32f103xe.o(.text)
    RCC_IRQHandler                           0x080002a3   Thumb Code     0  startup_stm32f103xe.o(.text)
    RTC_Alarm_IRQHandler                     0x080002a3   Thumb Code     0  startup_stm32f103xe.o(.text)
    RTC_IRQHandler                           0x080002a3   Thumb Code     0  startup_stm32f103xe.o(.text)
    SDIO_IRQHandler                          0x080002a3   Thumb Code     0  startup_stm32f103xe.o(.text)
    SPI1_IRQHandler                          0x080002a3   Thumb Code     0  startup_stm32f103xe.o(.text)
    SPI2_IRQHandler                          0x080002a3   Thumb Code     0  startup_stm32f103xe.o(.text)
    SPI3_IRQHandler                          0x080002a3   Thumb Code     0  startup_stm32f103xe.o(.text)
    TAMPER_IRQHandler                        0x080002a3   Thumb Code     0  startup_stm32f103xe.o(.text)
    TIM1_BRK_IRQHandler                      0x080002a3   Thumb Code     0  startup_stm32f103xe.o(.text)
    TIM1_CC_IRQHandler                       0x080002a3   Thumb Code     0  startup_stm32f103xe.o(.text)
    TIM1_TRG_COM_IRQHandler                  0x080002a3   Thumb Code     0  startup_stm32f103xe.o(.text)
    TIM1_UP_IRQHandler                       0x080002a3   Thumb Code     0  startup_stm32f103xe.o(.text)
    TIM2_IRQHandler                          0x080002a3   Thumb Code     0  startup_stm32f103xe.o(.text)
    TIM3_IRQHandler                          0x080002a3   Thumb Code     0  startup_stm32f103xe.o(.text)
    TIM4_IRQHandler                          0x080002a3   Thumb Code     0  startup_stm32f103xe.o(.text)
    TIM5_IRQHandler                          0x080002a3   Thumb Code     0  startup_stm32f103xe.o(.text)
    TIM6_IRQHandler                          0x080002a3   Thumb Code     0  startup_stm32f103xe.o(.text)
    TIM7_IRQHandler                          0x080002a3   Thumb Code     0  startup_stm32f103xe.o(.text)
    TIM8_BRK_IRQHandler                      0x080002a3   Thumb Code     0  startup_stm32f103xe.o(.text)
    TIM8_CC_IRQHandler                       0x080002a3   Thumb Code     0  startup_stm32f103xe.o(.text)
    TIM8_TRG_COM_IRQHandler                  0x080002a3   Thumb Code     0  startup_stm32f103xe.o(.text)
    TIM8_UP_IRQHandler                       0x080002a3   Thumb Code     0  startup_stm32f103xe.o(.text)
    UART4_IRQHandler                         0x080002a3   Thumb Code     0  startup_stm32f103xe.o(.text)
    UART5_IRQHandler                         0x080002a3   Thumb Code     0  startup_stm32f103xe.o(.text)
    USART2_IRQHandler                        0x080002a3   Thumb Code     0  startup_stm32f103xe.o(.text)
    USART3_IRQHandler                        0x080002a3   Thumb Code     0  startup_stm32f103xe.o(.text)
    USBWakeUp_IRQHandler                     0x080002a3   Thumb Code     0  startup_stm32f103xe.o(.text)
    USB_HP_CAN1_TX_IRQHandler                0x080002a3   Thumb Code     0  startup_stm32f103xe.o(.text)
    USB_LP_CAN1_RX0_IRQHandler               0x080002a3   Thumb Code     0  startup_stm32f103xe.o(.text)
    WWDG_IRQHandler                          0x080002a3   Thumb Code     0  startup_stm32f103xe.o(.text)
    __user_initial_stackheap                 0x080002a5   Thumb Code     0  startup_stm32f103xe.o(.text)
    __use_no_semihosting                     0x080002c9   Thumb Code     2  use_no_semi_2.o(.text)
    __2printf                                0x080002cd   Thumb Code    20  noretval__2printf.o(.text)
    __printf                                 0x080002e5   Thumb Code   104  __printf.o(.text)
    _printf_str                              0x0800034d   Thumb Code    82  _printf_str.o(.text)
    _printf_int_dec                          0x080003a1   Thumb Code   104  _printf_dec.o(.text)
    __aeabi_memcpy                           0x08000419   Thumb Code     0  rt_memcpy_v6.o(.text)
    __rt_memcpy                              0x08000419   Thumb Code   138  rt_memcpy_v6.o(.text)
    _memcpy_lastbytes                        0x0800047f   Thumb Code     0  rt_memcpy_v6.o(.text)
    __aeabi_memset                           0x080004a3   Thumb Code    16  aeabi_memset.o(.text)
    __aeabi_memclr4                          0x080004b3   Thumb Code     0  rt_memclr_w.o(.text)
    __aeabi_memclr8                          0x080004b3   Thumb Code     0  rt_memclr_w.o(.text)
    __rt_memclr_w                            0x080004b3   Thumb Code    78  rt_memclr_w.o(.text)
    _memset_w                                0x080004b7   Thumb Code     0  rt_memclr_w.o(.text)
    __use_two_region_memory                  0x08000501   Thumb Code     2  heapauxi.o(.text)
    __rt_heap_escrow$2region                 0x08000503   Thumb Code     2  heapauxi.o(.text)
    __rt_heap_expand$2region                 0x08000505   Thumb Code     2  heapauxi.o(.text)
    __semihosting$guard                      0x08000507   Thumb Code     0  use_no_semi.o(.text)
    __use_no_semihosting_swi                 0x08000507   Thumb Code     2  use_no_semi.o(.text)
    _printf_int_common                       0x08000509   Thumb Code   178  _printf_intcommon.o(.text)
    __lib_sel_fp_printf                      0x080005bb   Thumb Code     2  _printf_fp_dec.o(.text)
    _printf_fp_dec_real                      0x0800076d   Thumb Code   620  _printf_fp_dec.o(.text)
    _printf_char_common                      0x080009e3   Thumb Code    32  _printf_char_common.o(.text)
    _printf_cs_common                        0x08000a09   Thumb Code    20  _printf_char.o(.text)
    _printf_char                             0x08000a1d   Thumb Code    16  _printf_char.o(.text)
    _printf_string                           0x08000a2d   Thumb Code     8  _printf_char.o(.text)
    _printf_char_file                        0x08000a35   Thumb Code    32  _printf_char_file.o(.text)
    __aeabi_memcpy4                          0x08000a59   Thumb Code     0  rt_memcpy_w.o(.text)
    __aeabi_memcpy8                          0x08000a59   Thumb Code     0  rt_memcpy_w.o(.text)
    __rt_memcpy_w                            0x08000a59   Thumb Code   100  rt_memcpy_w.o(.text)
    _memcpy_lastbytes_aligned                0x08000aa1   Thumb Code     0  rt_memcpy_w.o(.text)
    __aeabi_memclr                           0x08000abd   Thumb Code     0  rt_memclr.o(.text)
    __rt_memclr                              0x08000abd   Thumb Code    68  rt_memclr.o(.text)
    _memset                                  0x08000ac1   Thumb Code     0  rt_memclr.o(.text)
    __rt_locale                              0x08000b01   Thumb Code     8  rt_locale_intlibspace.o(.text)
    _ll_udiv10                               0x08000b09   Thumb Code   138  lludiv10.o(.text)
    _printf_fp_infnan                        0x08000b95   Thumb Code   112  _printf_fp_infnan.o(.text)
    _btod_etento                             0x08000c15   Thumb Code   224  bigflt0.o(.text)
    ferror                                   0x08000cf9   Thumb Code     8  ferror.o(.text)
    __user_libspace                          0x08000d01   Thumb Code     8  libspace.o(.text)
    __user_perproc_libspace                  0x08000d01   Thumb Code     0  libspace.o(.text)
    __user_perthread_libspace                0x08000d01   Thumb Code     0  libspace.o(.text)
    __user_setup_stackheap                   0x08000d09   Thumb Code    74  sys_stackheap_outer.o(.text)
    exit                                     0x08000d53   Thumb Code    18  exit.o(.text)
    strcmp                                   0x08000d65   Thumb Code   128  strcmpv7m.o(.text)
    _btod_d2e                                0x08000de5   Thumb Code    62  btod.o(CL$$btod_d2e)
    _d2e_denorm_low                          0x08000e23   Thumb Code    70  btod.o(CL$$btod_d2e_denorm_low)
    _d2e_norm_op1                            0x08000e69   Thumb Code    96  btod.o(CL$$btod_d2e_norm_op1)
    __btod_div_common                        0x08000ec9   Thumb Code   696  btod.o(CL$$btod_div_common)
    _e2e                                     0x08001201   Thumb Code   220  btod.o(CL$$btod_e2e)
    _btod_ediv                               0x080012dd   Thumb Code    42  btod.o(CL$$btod_ediv)
    _btod_emul                               0x08001307   Thumb Code    42  btod.o(CL$$btod_emul)
    __btod_mult_common                       0x08001331   Thumb Code   580  btod.o(CL$$btod_mult_common)
    ADC_ConversionStop_Disable               0x08001575   Thumb Code    82  stm32f1xx_hal_adc.o(i.ADC_ConversionStop_Disable)
    ADC_DMAConvCplt                          0x080015c7   Thumb Code    82  stm32f1xx_hal_adc.o(i.ADC_DMAConvCplt)
    ADC_DMAError                             0x08001619   Thumb Code    30  stm32f1xx_hal_adc.o(i.ADC_DMAError)
    ADC_DMAHalfConvCplt                      0x08001637   Thumb Code    14  stm32f1xx_hal_adc.o(i.ADC_DMAHalfConvCplt)
    ADC_Enable                               0x08001645   Thumb Code   122  stm32f1xx_hal_adc.o(i.ADC_Enable)
    AD_Trans                                 0x080016c9   Thumb Code    78  adc.o(i.AD_Trans)
    BusFault_Handler                         0x08001721   Thumb Code     4  stm32f1xx_it.o(i.BusFault_Handler)
    DMA1_Channel1_IRQHandler                 0x08001725   Thumb Code    34  adc.o(i.DMA1_Channel1_IRQHandler)
    DebugMon_Handler                         0x0800177d   Thumb Code     2  stm32f1xx_it.o(i.DebugMon_Handler)
    EXTI3_IRQHandler                         0x08001781   Thumb Code    16  exti.o(i.EXTI3_IRQHandler)
    EXTI4_IRQHandler                         0x08001795   Thumb Code    16  exti.o(i.EXTI4_IRQHandler)
    HAL_ADCEx_Calibration_Start              0x080017a9   Thumb Code   256  stm32f1xx_hal_adc_ex.o(i.HAL_ADCEx_Calibration_Start)
    HAL_ADC_ConfigChannel                    0x080018ad   Thumb Code   338  stm32f1xx_hal_adc.o(i.HAL_ADC_ConfigChannel)
    HAL_ADC_ConvCpltCallback                 0x08001a0d   Thumb Code     2  stm32f1xx_hal_adc.o(i.HAL_ADC_ConvCpltCallback)
    HAL_ADC_ConvHalfCpltCallback             0x08001a0f   Thumb Code     2  stm32f1xx_hal_adc.o(i.HAL_ADC_ConvHalfCpltCallback)
    HAL_ADC_ErrorCallback                    0x08001a11   Thumb Code     2  stm32f1xx_hal_adc.o(i.HAL_ADC_ErrorCallback)
    HAL_ADC_Init                             0x08001a15   Thumb Code   340  stm32f1xx_hal_adc.o(i.HAL_ADC_Init)
    HAL_ADC_MspInit                          0x08001b75   Thumb Code     2  stm32f1xx_hal_adc.o(i.HAL_ADC_MspInit)
    HAL_ADC_Start_DMA                        0x08001b79   Thumb Code   362  stm32f1xx_hal_adc.o(i.HAL_ADC_Start_DMA)
    HAL_DMA_Abort_IT                         0x08001cf9   Thumb Code   414  stm32f1xx_hal_dma.o(i.HAL_DMA_Abort_IT)
    HAL_DMA_Init                             0x08001ea1   Thumb Code   132  stm32f1xx_hal_dma.o(i.HAL_DMA_Init)
    HAL_DMA_Start_IT                         0x08001f2d   Thumb Code   156  stm32f1xx_hal_dma.o(i.HAL_DMA_Start_IT)
    HAL_GPIO_EXTI_Callback                   0x08001fc9   Thumb Code   134  exti.o(i.HAL_GPIO_EXTI_Callback)
    HAL_GPIO_EXTI_IRQHandler                 0x0800208d   Thumb Code    24  stm32f1xx_hal_gpio.o(i.HAL_GPIO_EXTI_IRQHandler)
    HAL_GPIO_Init                            0x080020a9   Thumb Code   792  stm32f1xx_hal_gpio.o(i.HAL_GPIO_Init)
    HAL_GPIO_ReadPin                         0x080023e9   Thumb Code    16  stm32f1xx_hal_gpio.o(i.HAL_GPIO_ReadPin)
    HAL_GPIO_TogglePin                       0x080023f9   Thumb Code    20  stm32f1xx_hal_gpio.o(i.HAL_GPIO_TogglePin)
    HAL_GPIO_WritePin                        0x0800240d   Thumb Code    12  stm32f1xx_hal_gpio.o(i.HAL_GPIO_WritePin)
    HAL_GetTick                              0x08002419   Thumb Code     6  stm32f1xx_hal.o(i.HAL_GetTick)
    HAL_IncTick                              0x08002425   Thumb Code    16  stm32f1xx_hal.o(i.HAL_IncTick)
    HAL_Init                                 0x0800243d   Thumb Code    34  stm32f1xx_hal.o(i.HAL_Init)
    HAL_InitTick                             0x08002465   Thumb Code    64  stm32f1xx_hal.o(i.HAL_InitTick)
    HAL_MspInit                              0x080024b1   Thumb Code     2  stm32f1xx_hal.o(i.HAL_MspInit)
    HAL_NVIC_EnableIRQ                       0x080024b3   Thumb Code    32  stm32f1xx_hal_cortex.o(i.HAL_NVIC_EnableIRQ)
    HAL_NVIC_SetPriority                     0x080024d3   Thumb Code   124  stm32f1xx_hal_cortex.o(i.HAL_NVIC_SetPriority)
    HAL_NVIC_SetPriorityGrouping             0x08002551   Thumb Code    32  stm32f1xx_hal_cortex.o(i.HAL_NVIC_SetPriorityGrouping)
    HAL_RCCEx_GetPeriphCLKFreq               0x08002579   Thumb Code   276  stm32f1xx_hal_rcc_ex.o(i.HAL_RCCEx_GetPeriphCLKFreq)
    HAL_RCCEx_PeriphCLKConfig                0x080026ad   Thumb Code   290  stm32f1xx_hal_rcc_ex.o(i.HAL_RCCEx_PeriphCLKConfig)
    HAL_RCC_ClockConfig                      0x080027dd   Thumb Code   376  stm32f1xx_hal_rcc.o(i.HAL_RCC_ClockConfig)
    HAL_RCC_GetHCLKFreq                      0x08002969   Thumb Code     6  stm32f1xx_hal_rcc.o(i.HAL_RCC_GetHCLKFreq)
    HAL_RCC_GetPCLK1Freq                     0x08002975   Thumb Code    22  stm32f1xx_hal_rcc.o(i.HAL_RCC_GetPCLK1Freq)
    HAL_RCC_GetPCLK2Freq                     0x08002995   Thumb Code    22  stm32f1xx_hal_rcc.o(i.HAL_RCC_GetPCLK2Freq)
    HAL_RCC_GetSysClockFreq                  0x080029b5   Thumb Code   116  stm32f1xx_hal_rcc.o(i.HAL_RCC_GetSysClockFreq)
    HAL_RCC_OscConfig                        0x08002a49   Thumb Code  1114  stm32f1xx_hal_rcc.o(i.HAL_RCC_OscConfig)
    HAL_SYSTICK_CLKSourceConfig              0x08002ead   Thumb Code    40  stm32f1xx_hal_cortex.o(i.HAL_SYSTICK_CLKSourceConfig)
    HAL_SYSTICK_Config                       0x08002ed5   Thumb Code    52  stm32f1xx_hal_cortex.o(i.HAL_SYSTICK_Config)
    HAL_TIMEx_ConfigBreakDeadTime            0x08002f09   Thumb Code   116  stm32f1xx_hal_tim_ex.o(i.HAL_TIMEx_ConfigBreakDeadTime)
    HAL_TIMEx_PWMN_Start                     0x08002f7d   Thumb Code   198  stm32f1xx_hal_tim_ex.o(i.HAL_TIMEx_PWMN_Start)
    HAL_TIM_PWM_ConfigChannel                0x08003059   Thumb Code   252  stm32f1xx_hal_tim.o(i.HAL_TIM_PWM_ConfigChannel)
    HAL_TIM_PWM_Init                         0x08003155   Thumb Code   102  stm32f1xx_hal_tim.o(i.HAL_TIM_PWM_Init)
    HAL_TIM_PWM_MspInit                      0x080031bb   Thumb Code     2  stm32f1xx_hal_tim.o(i.HAL_TIM_PWM_MspInit)
    HAL_TIM_PWM_Start                        0x080031bd   Thumb Code   222  stm32f1xx_hal_tim.o(i.HAL_TIM_PWM_Start)
    HAL_UART_ErrorCallback                   0x080032b1   Thumb Code     2  stm32f1xx_hal_uart.o(i.HAL_UART_ErrorCallback)
    HAL_UART_IRQHandler                      0x080032b5   Thumb Code   334  stm32f1xx_hal_uart.o(i.HAL_UART_IRQHandler)
    HAL_UART_Init                            0x08003409   Thumb Code   114  stm32f1xx_hal_uart.o(i.HAL_UART_Init)
    HAL_UART_MspInit                         0x0800347d   Thumb Code   152  usart.o(i.HAL_UART_MspInit)
    HAL_UART_Receive_IT                      0x08003521   Thumb Code   112  stm32f1xx_hal_uart.o(i.HAL_UART_Receive_IT)
    HAL_UART_RxCpltCallback                  0x08003591   Thumb Code   134  usart.o(i.HAL_UART_RxCpltCallback)
    HAL_UART_TxCpltCallback                  0x0800362d   Thumb Code     2  stm32f1xx_hal_uart.o(i.HAL_UART_TxCpltCallback)
    HardFault_Handler                        0x0800362f   Thumb Code     4  stm32f1xx_it.o(i.HardFault_Handler)
    MemManage_Handler                        0x08003633   Thumb Code     4  stm32f1xx_it.o(i.MemManage_Handler)
    NMI_Handler                              0x08003637   Thumb Code     2  stm32f1xx_it.o(i.NMI_Handler)
    SysTick_Handler                          0x08003661   Thumb Code    20  delay.o(i.SysTick_Handler)
    SystemInit                               0x08003675   Thumb Code     2  system_stm32f1xx.o(i.SystemInit)
    TIM_Base_SetConfig                       0x08003679   Thumb Code   134  stm32f1xx_hal_tim.o(i.TIM_Base_SetConfig)
    TIM_CCxChannelCmd                        0x08003715   Thumb Code    34  stm32f1xx_hal_tim.o(i.TIM_CCxChannelCmd)
    TIM_OC2_SetConfig                        0x080037c9   Thumb Code   114  stm32f1xx_hal_tim.o(i.TIM_OC2_SetConfig)
    USART1_IRQHandler                        0x08003b61   Thumb Code    10  usart.o(i.USART1_IRQHandler)
    UsageFault_Handler                       0x08003b71   Thumb Code     4  stm32f1xx_it.o(i.UsageFault_Handler)
    __ARM_fpclassify                         0x08003b75   Thumb Code    40  fpclassify.o(i.__ARM_fpclassify)
    _sys_exit                                0x08003bd5   Thumb Code     4  usart.o(i._sys_exit)
    adc_dma_enable                           0x08003bd9   Thumb Code    76  adc.o(i.adc_dma_enable)
    adc_nch_dma_init                         0x08003c2d   Thumb Code   336  adc.o(i.adc_nch_dma_init)
    atim_timx_cplm_pwm_init                  0x08003d95   Thumb Code   260  atim.o(i.atim_timx_cplm_pwm_init)
    atim_timx_cplm_pwm_set                   0x08003eb1   Thumb Code    40  atim.o(i.atim_timx_cplm_pwm_set)
    delay_init                               0x08003ee5   Thumb Code    74  delay.o(i.delay_init)
    delay_ms                                 0x08003f35   Thumb Code    24  delay.o(i.delay_ms)
    delay_us                                 0x08003f4d   Thumb Code    68  delay.o(i.delay_us)
    exti_init                                0x08003f95   Thumb Code   142  exti.o(i.exti_init)
    fputc                                    0x08004031   Thumb Code    24  usart.o(i.fputc)
    freertos_demo                            0x0800404d   Thumb Code   130  freertos_demo.o(i.freertos_demo)
    key_init                                 0x08004169   Thumb Code   118  key.o(i.key_init)
    led_init                                 0x080041e9   Thumb Code   188  led.o(i.led_init)
    main                                     0x080042ad   Thumb Code    68  main.o(i.main)
    pvPortMalloc                             0x08004e49   Thumb Code   306  heap_4.o(i.pvPortMalloc)
    pxPortInitialiseStack                    0x08004fdd   Thumb Code    30  port.o(i.pxPortInitialiseStack)
    start_task                               0x08005001   Thumb Code   102  freertos_demo.o(i.start_task)
    sys_stm32_clock_init                     0x080050b1   Thumb Code    86  sys.o(i.sys_stm32_clock_init)
    task1                                    0x08005109   Thumb Code    94  freertos_demo.o(i.task1)
    task2                                    0x08005171   Thumb Code   216  freertos_demo.o(i.task2)
    task3                                    0x08005319   Thumb Code   188  freertos_demo.o(i.task3)
    test_task                                0x0800540d   Thumb Code     2  freertos_demo.o(i.test_task)
    usart_init                               0x08005411   Thumb Code    60  usart.o(i.usart_init)
    uxListRemove                             0x08005459   Thumb Code    40  list.o(i.uxListRemove)
    vListInitialise                          0x08005481   Thumb Code    26  list.o(i.vListInitialise)
    vListInitialiseItem                      0x0800549b   Thumb Code     6  list.o(i.vListInitialiseItem)
    vListInsert                              0x080054a1   Thumb Code    52  list.o(i.vListInsert)
    vListInsertEnd                           0x080054d5   Thumb Code    24  list.o(i.vListInsertEnd)
    vPortEnterCritical                       0x080054ed   Thumb Code    68  port.o(i.vPortEnterCritical)
    vPortExitCritical                        0x08005581   Thumb Code    48  port.o(i.vPortExitCritical)
    vPortFree                                0x080055fd   Thumb Code   130  heap_4.o(i.vPortFree)
    vPortSetupTimerInterrupt                 0x080056d5   Thumb Code    38  port.o(i.vPortSetupTimerInterrupt)
    vQueueAddToRegistry                      0x08005701   Thumb Code    84  queue.o(i.vQueueAddToRegistry)
    vQueueWaitForMessageRestricted           0x0800578d   Thumb Code    74  queue.o(i.vQueueWaitForMessageRestricted)
    vTaskDelay                               0x080057d9   Thumb Code    72  tasks.o(i.vTaskDelay)
    vTaskDelete                              0x0800585d   Thumb Code   200  tasks.o(i.vTaskDelete)
    vTaskInternalSetTimeOutState             0x08005981   Thumb Code    14  tasks.o(i.vTaskInternalSetTimeOutState)
    vTaskMissedYield                         0x08005999   Thumb Code     8  tasks.o(i.vTaskMissedYield)
    vTaskPlaceOnEventList                    0x080059a5   Thumb Code    42  tasks.o(i.vTaskPlaceOnEventList)
    vTaskPlaceOnEventListRestricted          0x08005a09   Thumb Code    84  tasks.o(i.vTaskPlaceOnEventListRestricted)
    vTaskStartScheduler                      0x08005a95   Thumb Code   112  tasks.o(i.vTaskStartScheduler)
    vTaskSuspendAll                          0x08005b59   Thumb Code    12  tasks.o(i.vTaskSuspendAll)
    vTaskSwitchContext                       0x08005b69   Thumb Code   110  tasks.o(i.vTaskSwitchContext)
    xPortStartScheduler                      0x08005c21   Thumb Code   240  port.o(i.xPortStartScheduler)
    xPortSysTickHandler                      0x08005d6d   Thumb Code    46  port.o(i.xPortSysTickHandler)
    xQueueGenericCreate                      0x08005da1   Thumb Code    92  queue.o(i.xQueueGenericCreate)
    xQueueGenericReset                       0x08005e31   Thumb Code   194  queue.o(i.xQueueGenericReset)
    xQueueGenericSend                        0x08005f2d   Thumb Code   426  queue.o(i.xQueueGenericSend)
    xQueueReceive                            0x08006111   Thumb Code   326  queue.o(i.xQueueReceive)
    xTaskCheckForTimeOut                     0x08006291   Thumb Code   140  tasks.o(i.xTaskCheckForTimeOut)
    xTaskCreate                              0x0800635d   Thumb Code    96  tasks.o(i.xTaskCreate)
    xTaskGetSchedulerState                   0x080063bd   Thumb Code    24  tasks.o(i.xTaskGetSchedulerState)
    xTaskGetTickCount                        0x080063dd   Thumb Code     6  tasks.o(i.xTaskGetTickCount)
    xTaskIncrementTick                       0x080063e9   Thumb Code   390  tasks.o(i.xTaskIncrementTick)
    xTaskPriorityDisinherit                  0x080065d1   Thumb Code   206  tasks.o(i.xTaskPriorityDisinherit)
    xTaskRemoveFromEventList                 0x080066e1   Thumb Code   254  tasks.o(i.xTaskRemoveFromEventList)
    xTaskResumeAll                           0x0800682d   Thumb Code   328  tasks.o(i.xTaskResumeAll)
    xTimerCreateTimerTask                    0x080069cd   Thumb Code    56  timers.o(i.xTimerCreateTimerTask)
    _get_lc_numeric                          0x08006a4d   Thumb Code    44  lc_numeric_c.o(locale$$code)
    __aeabi_d2f                              0x08006a79   Thumb Code     0  d2f.o(x$fpl$d2f)
    _d2f                                     0x08006a79   Thumb Code    98  d2f.o(x$fpl$d2f)
    __aeabi_ddiv                             0x08006add   Thumb Code     0  ddiv.o(x$fpl$ddiv)
    _ddiv                                    0x08006add   Thumb Code   552  ddiv.o(x$fpl$ddiv)
    __aeabi_dmul                             0x08006d8d   Thumb Code     0  dmul.o(x$fpl$dmul)
    _dmul                                    0x08006d8d   Thumb Code   332  dmul.o(x$fpl$dmul)
    __fpl_dnaninf                            0x08006ee1   Thumb Code   156  dnaninf.o(x$fpl$dnaninf)
    __fpl_dretinf                            0x08006f7d   Thumb Code    12  dretinf.o(x$fpl$dretinf)
    __aeabi_f2d                              0x08006f89   Thumb Code     0  f2d.o(x$fpl$f2d)
    _f2d                                     0x08006f89   Thumb Code    86  f2d.o(x$fpl$f2d)
    __aeabi_ui2f                             0x08006fe1   Thumb Code     0  fflt_clz.o(x$fpl$ffltu)
    _ffltu                                   0x08006fe1   Thumb Code    38  fflt_clz.o(x$fpl$ffltu)
    __aeabi_fmul                             0x08007009   Thumb Code     0  fmul.o(x$fpl$fmul)
    _fmul                                    0x08007009   Thumb Code   258  fmul.o(x$fpl$fmul)
    __fpl_fnaninf                            0x0800710b   Thumb Code   140  fnaninf.o(x$fpl$fnaninf)
    __fpl_fretinf                            0x08007197   Thumb Code    10  fretinf.o(x$fpl$fretinf)
    _printf_fp_dec                           0x080071a1   Thumb Code     4  printf1.o(x$fpl$printf1)
    AHBPrescTable                            0x080071a4   Data          16  system_stm32f1xx.o(.constdata)
    __I$use$fp                               0x080071a4   Number         0  usenofp.o(x$fpl$usenofp)
    APBPrescTable                            0x080071b4   Data           8  system_stm32f1xx.o(.constdata)
    Region$$Table$$Base                      0x08007250   Number         0  anon$$obj.o(Region$$Table)
    Region$$Table$$Limit                     0x08007270   Number         0  anon$$obj.o(Region$$Table)
    SystemCoreClock                          0x20000000   Data           4  system_stm32f1xx.o(.data)
    StartTask_Handler                        0x20000004   Data           4  freertos_demo.o(.data)
    Task1Task_Handler                        0x20000008   Data           4  freertos_demo.o(.data)
    Task2Task_Handler                        0x2000000c   Data           4  freertos_demo.o(.data)
    Task3Task_Handler                        0x20000010   Data           4  freertos_demo.o(.data)
    Test_Task_Handler                        0x20000014   Data           4  freertos_demo.o(.data)
    work_flag                                0x20000018   Data           1  freertos_demo.o(.data)
    AD0_queue                                0x2000001c   Data           4  freertos_demo.o(.data)
    AD1_queue                                0x20000020   Data           4  freertos_demo.o(.data)
    AD2_queue                                0x20000024   Data           4  freertos_demo.o(.data)
    __stdout                                 0x2000002c   Data           4  usart.o(.data)
    g_usart_rx_sta                           0x20000030   Data           2  usart.o(.data)
    aRxBuffer                                0x20000032   Data           1  usart.o(.data)
    uwTick                                   0x20000034   Data           4  stm32f1xx_hal.o(.data)
    uwTickPrio                               0x20000038   Data           4  stm32f1xx_hal.o(.data)
    uwTickFreq                               0x2000003c   Data           1  stm32f1xx_hal.o(.data)
    g_adc_dma_sta                            0x2000003d   Data           1  adc.o(.data)
    pxCurrentTCB                             0x20000040   Data           4  tasks.o(.data)
    uxTopUsedPriority                        0x20000078   Data           4  tasks.o(.data)
    g_adc_dma_buf                            0x200000c0   Data          60  freertos_demo.o(.bss)
    g_usart_rx_buf                           0x200000fc   Data         200  usart.o(.bss)
    uartx_handler                            0x200001c4   Data          64  usart.o(.bss)
    g_dma_nch_adc_handle                     0x20000204   Data          68  adc.o(.bss)
    g_adc_nch_dma_handle                     0x20000248   Data          48  adc.o(.bss)
    xQueueRegistry                           0x200002e0   Data          64  queue.o(.bss)
    __libspace_start                         0x20002e2c   Data          96  libspace.o(.bss)
    __temporary_stack_top$libspace           0x20002e8c   Data           0  libspace.o(.bss)



==============================================================================

Memory Map of the image

  Image Entry point : 0x08000131

  Load Region LR_IROM1 (Base: 0x08000000, Size: 0x0000734c, Max: 0x00040000, ABSOLUTE)

    Execution Region ER_IROM1 (Exec base: 0x08000000, Load base: 0x08000000, Size: 0x0000728c, Max: 0x00040000, ABSOLUTE)

    Exec Addr    Load Addr    Size         Type   Attr      Idx    E Section Name        Object

    0x08000000   0x08000000   0x00000130   Data   RO            3    RESET               startup_stm32f103xe.o
    0x08000130   0x08000130   0x00000008   Code   RO         5417  * !!!main             c_w.l(__main.o)
    0x08000138   0x08000138   0x00000034   Code   RO         5664    !!!scatter          c_w.l(__scatter.o)
    0x0800016c   0x0800016c   0x0000001a   Code   RO         5666    !!handler_copy      c_w.l(__scatter_copy.o)
    0x08000186   0x08000186   0x00000002   PAD
    0x08000188   0x08000188   0x0000001c   Code   RO         5668    !!handler_zi        c_w.l(__scatter_zi.o)
    0x080001a4   0x080001a4   0x00000000   Code   RO         5402    .ARM.Collect$$_printf_percent$$00000000  c_w.l(_printf_percent.o)
    0x080001a4   0x080001a4   0x00000006   Code   RO         5401    .ARM.Collect$$_printf_percent$$00000003  c_w.l(_printf_f.o)
    0x080001aa   0x080001aa   0x00000006   Code   RO         5399    .ARM.Collect$$_printf_percent$$00000009  c_w.l(_printf_d.o)
    0x080001b0   0x080001b0   0x00000006   Code   RO         5398    .ARM.Collect$$_printf_percent$$00000014  c_w.l(_printf_s.o)
    0x080001b6   0x080001b6   0x00000004   Code   RO         5454    .ARM.Collect$$_printf_percent$$00000017  c_w.l(_printf_percent_end.o)
    0x080001ba   0x080001ba   0x00000002   Code   RO         5544    .ARM.Collect$$libinit$$00000000  c_w.l(libinit.o)
    0x080001bc   0x080001bc   0x00000000   Code   RO         5546    .ARM.Collect$$libinit$$00000002  c_w.l(libinit2.o)
    0x080001bc   0x080001bc   0x00000000   Code   RO         5548    .ARM.Collect$$libinit$$00000004  c_w.l(libinit2.o)
    0x080001bc   0x080001bc   0x00000000   Code   RO         5551    .ARM.Collect$$libinit$$0000000A  c_w.l(libinit2.o)
    0x080001bc   0x080001bc   0x00000000   Code   RO         5553    .ARM.Collect$$libinit$$0000000C  c_w.l(libinit2.o)
    0x080001bc   0x080001bc   0x00000000   Code   RO         5555    .ARM.Collect$$libinit$$0000000E  c_w.l(libinit2.o)
    0x080001bc   0x080001bc   0x00000006   Code   RO         5556    .ARM.Collect$$libinit$$0000000F  c_w.l(libinit2.o)
    0x080001c2   0x080001c2   0x00000000   Code   RO         5558    .ARM.Collect$$libinit$$00000011  c_w.l(libinit2.o)
    0x080001c2   0x080001c2   0x00000000   Code   RO         5560    .ARM.Collect$$libinit$$00000013  c_w.l(libinit2.o)
    0x080001c2   0x080001c2   0x00000000   Code   RO         5562    .ARM.Collect$$libinit$$00000015  c_w.l(libinit2.o)
    0x080001c2   0x080001c2   0x0000000a   Code   RO         5563    .ARM.Collect$$libinit$$00000016  c_w.l(libinit2.o)
    0x080001cc   0x080001cc   0x00000000   Code   RO         5564    .ARM.Collect$$libinit$$00000017  c_w.l(libinit2.o)
    0x080001cc   0x080001cc   0x00000000   Code   RO         5566    .ARM.Collect$$libinit$$00000019  c_w.l(libinit2.o)
    0x080001cc   0x080001cc   0x00000000   Code   RO         5568    .ARM.Collect$$libinit$$0000001B  c_w.l(libinit2.o)
    0x080001cc   0x080001cc   0x00000000   Code   RO         5570    .ARM.Collect$$libinit$$0000001D  c_w.l(libinit2.o)
    0x080001cc   0x080001cc   0x00000000   Code   RO         5572    .ARM.Collect$$libinit$$0000001F  c_w.l(libinit2.o)
    0x080001cc   0x080001cc   0x00000000   Code   RO         5574    .ARM.Collect$$libinit$$00000021  c_w.l(libinit2.o)
    0x080001cc   0x080001cc   0x00000000   Code   RO         5576    .ARM.Collect$$libinit$$00000023  c_w.l(libinit2.o)
    0x080001cc   0x080001cc   0x00000000   Code   RO         5578    .ARM.Collect$$libinit$$00000025  c_w.l(libinit2.o)
    0x080001cc   0x080001cc   0x00000000   Code   RO         5582    .ARM.Collect$$libinit$$0000002C  c_w.l(libinit2.o)
    0x080001cc   0x080001cc   0x00000000   Code   RO         5584    .ARM.Collect$$libinit$$0000002E  c_w.l(libinit2.o)
    0x080001cc   0x080001cc   0x00000000   Code   RO         5586    .ARM.Collect$$libinit$$00000030  c_w.l(libinit2.o)
    0x080001cc   0x080001cc   0x00000000   Code   RO         5588    .ARM.Collect$$libinit$$00000032  c_w.l(libinit2.o)
    0x080001cc   0x080001cc   0x00000002   Code   RO         5589    .ARM.Collect$$libinit$$00000033  c_w.l(libinit2.o)
    0x080001ce   0x080001ce   0x00000002   Code   RO         5615    .ARM.Collect$$libshutdown$$00000000  c_w.l(libshutdown.o)
    0x080001d0   0x080001d0   0x00000000   Code   RO         5623    .ARM.Collect$$libshutdown$$00000002  c_w.l(libshutdown2.o)
    0x080001d0   0x080001d0   0x00000000   Code   RO         5625    .ARM.Collect$$libshutdown$$00000004  c_w.l(libshutdown2.o)
    0x080001d0   0x080001d0   0x00000000   Code   RO         5627    .ARM.Collect$$libshutdown$$00000006  c_w.l(libshutdown2.o)
    0x080001d0   0x080001d0   0x00000000   Code   RO         5630    .ARM.Collect$$libshutdown$$00000009  c_w.l(libshutdown2.o)
    0x080001d0   0x080001d0   0x00000000   Code   RO         5633    .ARM.Collect$$libshutdown$$0000000C  c_w.l(libshutdown2.o)
    0x080001d0   0x080001d0   0x00000000   Code   RO         5635    .ARM.Collect$$libshutdown$$0000000E  c_w.l(libshutdown2.o)
    0x080001d0   0x080001d0   0x00000000   Code   RO         5638    .ARM.Collect$$libshutdown$$00000011  c_w.l(libshutdown2.o)
    0x080001d0   0x080001d0   0x00000002   Code   RO         5639    .ARM.Collect$$libshutdown$$00000012  c_w.l(libshutdown2.o)
    0x080001d2   0x080001d2   0x00000000   Code   RO         5441    .ARM.Collect$$rtentry$$00000000  c_w.l(__rtentry.o)
    0x080001d2   0x080001d2   0x00000000   Code   RO         5469    .ARM.Collect$$rtentry$$00000002  c_w.l(__rtentry2.o)
    0x080001d2   0x080001d2   0x00000006   Code   RO         5481    .ARM.Collect$$rtentry$$00000004  c_w.l(__rtentry4.o)
    0x080001d8   0x080001d8   0x00000000   Code   RO         5471    .ARM.Collect$$rtentry$$00000009  c_w.l(__rtentry2.o)
    0x080001d8   0x080001d8   0x00000004   Code   RO         5472    .ARM.Collect$$rtentry$$0000000A  c_w.l(__rtentry2.o)
    0x080001dc   0x080001dc   0x00000000   Code   RO         5474    .ARM.Collect$$rtentry$$0000000C  c_w.l(__rtentry2.o)
    0x080001dc   0x080001dc   0x00000008   Code   RO         5475    .ARM.Collect$$rtentry$$0000000D  c_w.l(__rtentry2.o)
    0x080001e4   0x080001e4   0x00000002   Code   RO         5590    .ARM.Collect$$rtexit$$00000000  c_w.l(rtexit.o)
    0x080001e6   0x080001e6   0x00000000   Code   RO         5597    .ARM.Collect$$rtexit$$00000002  c_w.l(rtexit2.o)
    0x080001e6   0x080001e6   0x00000004   Code   RO         5598    .ARM.Collect$$rtexit$$00000003  c_w.l(rtexit2.o)
    0x080001ea   0x080001ea   0x00000006   Code   RO         5599    .ARM.Collect$$rtexit$$00000004  c_w.l(rtexit2.o)
    0x080001f0   0x080001f0   0x00000096   Code   RO         5273    .emb_text           port.o
    0x08000286   0x08000286   0x00000002   PAD
    0x08000288   0x08000288   0x00000040   Code   RO            4    .text               startup_stm32f103xe.o
    0x080002c8   0x080002c8   0x00000002   Code   RO         5361    .text               c_w.l(use_no_semi_2.o)
    0x080002ca   0x080002ca   0x00000002   PAD
    0x080002cc   0x080002cc   0x00000018   Code   RO         5367    .text               c_w.l(noretval__2printf.o)
    0x080002e4   0x080002e4   0x00000068   Code   RO         5371    .text               c_w.l(__printf.o)
    0x0800034c   0x0800034c   0x00000052   Code   RO         5373    .text               c_w.l(_printf_str.o)
    0x0800039e   0x0800039e   0x00000002   PAD
    0x080003a0   0x080003a0   0x00000078   Code   RO         5375    .text               c_w.l(_printf_dec.o)
    0x08000418   0x08000418   0x0000008a   Code   RO         5407    .text               c_w.l(rt_memcpy_v6.o)
    0x080004a2   0x080004a2   0x00000010   Code   RO         5411    .text               c_w.l(aeabi_memset.o)
    0x080004b2   0x080004b2   0x0000004e   Code   RO         5413    .text               c_w.l(rt_memclr_w.o)
    0x08000500   0x08000500   0x00000006   Code   RO         5415    .text               c_w.l(heapauxi.o)
    0x08000506   0x08000506   0x00000002   Code   RO         5439    .text               c_w.l(use_no_semi.o)
    0x08000508   0x08000508   0x000000b2   Code   RO         5442    .text               c_w.l(_printf_intcommon.o)
    0x080005ba   0x080005ba   0x0000041e   Code   RO         5444    .text               c_w.l(_printf_fp_dec.o)
    0x080009d8   0x080009d8   0x00000030   Code   RO         5446    .text               c_w.l(_printf_char_common.o)
    0x08000a08   0x08000a08   0x0000002c   Code   RO         5450    .text               c_w.l(_printf_char.o)
    0x08000a34   0x08000a34   0x00000024   Code   RO         5452    .text               c_w.l(_printf_char_file.o)
    0x08000a58   0x08000a58   0x00000064   Code   RO         5455    .text               c_w.l(rt_memcpy_w.o)
    0x08000abc   0x08000abc   0x00000044   Code   RO         5457    .text               c_w.l(rt_memclr.o)
    0x08000b00   0x08000b00   0x00000008   Code   RO         5486    .text               c_w.l(rt_locale_intlibspace.o)
    0x08000b08   0x08000b08   0x0000008a   Code   RO         5488    .text               c_w.l(lludiv10.o)
    0x08000b92   0x08000b92   0x00000002   PAD
    0x08000b94   0x08000b94   0x00000080   Code   RO         5490    .text               c_w.l(_printf_fp_infnan.o)
    0x08000c14   0x08000c14   0x000000e4   Code   RO         5494    .text               c_w.l(bigflt0.o)
    0x08000cf8   0x08000cf8   0x00000008   Code   RO         5519    .text               c_w.l(ferror.o)
    0x08000d00   0x08000d00   0x00000008   Code   RO         5530    .text               c_w.l(libspace.o)
    0x08000d08   0x08000d08   0x0000004a   Code   RO         5533    .text               c_w.l(sys_stackheap_outer.o)
    0x08000d52   0x08000d52   0x00000012   Code   RO         5535    .text               c_w.l(exit.o)
    0x08000d64   0x08000d64   0x00000080   Code   RO         5537    .text               c_w.l(strcmpv7m.o)
    0x08000de4   0x08000de4   0x0000003e   Code   RO         5497    CL$$btod_d2e        c_w.l(btod.o)
    0x08000e22   0x08000e22   0x00000046   Code   RO         5499    CL$$btod_d2e_denorm_low  c_w.l(btod.o)
    0x08000e68   0x08000e68   0x00000060   Code   RO         5498    CL$$btod_d2e_norm_op1  c_w.l(btod.o)
    0x08000ec8   0x08000ec8   0x00000338   Code   RO         5507    CL$$btod_div_common  c_w.l(btod.o)
    0x08001200   0x08001200   0x000000dc   Code   RO         5504    CL$$btod_e2e        c_w.l(btod.o)
    0x080012dc   0x080012dc   0x0000002a   Code   RO         5501    CL$$btod_ediv       c_w.l(btod.o)
    0x08001306   0x08001306   0x0000002a   Code   RO         5500    CL$$btod_emul       c_w.l(btod.o)
    0x08001330   0x08001330   0x00000244   Code   RO         5506    CL$$btod_mult_common  c_w.l(btod.o)
    0x08001574   0x08001574   0x00000052   Code   RO         3304    i.ADC_ConversionStop_Disable  stm32f1xx_hal_adc.o
    0x080015c6   0x080015c6   0x00000052   Code   RO         3305    i.ADC_DMAConvCplt   stm32f1xx_hal_adc.o
    0x08001618   0x08001618   0x0000001e   Code   RO         3306    i.ADC_DMAError      stm32f1xx_hal_adc.o
    0x08001636   0x08001636   0x0000000e   Code   RO         3307    i.ADC_DMAHalfConvCplt  stm32f1xx_hal_adc.o
    0x08001644   0x08001644   0x00000084   Code   RO         3308    i.ADC_Enable        stm32f1xx_hal_adc.o
    0x080016c8   0x080016c8   0x00000058   Code   RO         3635    i.AD_Trans          adc.o
    0x08001720   0x08001720   0x00000004   Code   RO          443    i.BusFault_Handler  stm32f1xx_it.o
    0x08001724   0x08001724   0x0000002c   Code   RO         3636    i.DMA1_Channel1_IRQHandler  adc.o
    0x08001750   0x08001750   0x0000002c   Code   RO         1258    i.DMA_SetConfig     stm32f1xx_hal_dma.o
    0x0800177c   0x0800177c   0x00000002   Code   RO          444    i.DebugMon_Handler  stm32f1xx_it.o
    0x0800177e   0x0800177e   0x00000002   PAD
    0x08001780   0x08001780   0x00000014   Code   RO         3793    i.EXTI3_IRQHandler  exti.o
    0x08001794   0x08001794   0x00000014   Code   RO         3794    i.EXTI4_IRQHandler  exti.o
    0x080017a8   0x080017a8   0x00000104   Code   RO         3484    i.HAL_ADCEx_Calibration_Start  stm32f1xx_hal_adc_ex.o
    0x080018ac   0x080018ac   0x00000160   Code   RO         3310    i.HAL_ADC_ConfigChannel  stm32f1xx_hal_adc.o
    0x08001a0c   0x08001a0c   0x00000002   Code   RO         3311    i.HAL_ADC_ConvCpltCallback  stm32f1xx_hal_adc.o
    0x08001a0e   0x08001a0e   0x00000002   Code   RO         3312    i.HAL_ADC_ConvHalfCpltCallback  stm32f1xx_hal_adc.o
    0x08001a10   0x08001a10   0x00000002   Code   RO         3314    i.HAL_ADC_ErrorCallback  stm32f1xx_hal_adc.o
    0x08001a12   0x08001a12   0x00000002   PAD
    0x08001a14   0x08001a14   0x00000160   Code   RO         3319    i.HAL_ADC_Init      stm32f1xx_hal_adc.o
    0x08001b74   0x08001b74   0x00000002   Code   RO         3322    i.HAL_ADC_MspInit   stm32f1xx_hal_adc.o
    0x08001b76   0x08001b76   0x00000002   PAD
    0x08001b78   0x08001b78   0x00000180   Code   RO         3326    i.HAL_ADC_Start_DMA  stm32f1xx_hal_adc.o
    0x08001cf8   0x08001cf8   0x000001a8   Code   RO         1260    i.HAL_DMA_Abort_IT  stm32f1xx_hal_dma.o
    0x08001ea0   0x08001ea0   0x0000008c   Code   RO         1265    i.HAL_DMA_Init      stm32f1xx_hal_dma.o
    0x08001f2c   0x08001f2c   0x0000009c   Code   RO         1269    i.HAL_DMA_Start_IT  stm32f1xx_hal_dma.o
    0x08001fc8   0x08001fc8   0x000000c4   Code   RO         3795    i.HAL_GPIO_EXTI_Callback  exti.o
    0x0800208c   0x0800208c   0x0000001c   Code   RO         1355    i.HAL_GPIO_EXTI_IRQHandler  stm32f1xx_hal_gpio.o
    0x080020a8   0x080020a8   0x00000340   Code   RO         1356    i.HAL_GPIO_Init     stm32f1xx_hal_gpio.o
    0x080023e8   0x080023e8   0x00000010   Code   RO         1358    i.HAL_GPIO_ReadPin  stm32f1xx_hal_gpio.o
    0x080023f8   0x080023f8   0x00000014   Code   RO         1359    i.HAL_GPIO_TogglePin  stm32f1xx_hal_gpio.o
    0x0800240c   0x0800240c   0x0000000c   Code   RO         1360    i.HAL_GPIO_WritePin  stm32f1xx_hal_gpio.o
    0x08002418   0x08002418   0x0000000c   Code   RO          973    i.HAL_GetTick       stm32f1xx_hal.o
    0x08002424   0x08002424   0x00000018   Code   RO          979    i.HAL_IncTick       stm32f1xx_hal.o
    0x0800243c   0x0800243c   0x00000028   Code   RO          980    i.HAL_Init          stm32f1xx_hal.o
    0x08002464   0x08002464   0x0000004c   Code   RO          981    i.HAL_InitTick      stm32f1xx_hal.o
    0x080024b0   0x080024b0   0x00000002   Code   RO          983    i.HAL_MspInit       stm32f1xx_hal.o
    0x080024b2   0x080024b2   0x00000020   Code   RO         1138    i.HAL_NVIC_EnableIRQ  stm32f1xx_hal_cortex.o
    0x080024d2   0x080024d2   0x0000007c   Code   RO         1144    i.HAL_NVIC_SetPriority  stm32f1xx_hal_cortex.o
    0x0800254e   0x0800254e   0x00000002   PAD
    0x08002550   0x08002550   0x00000028   Code   RO         1145    i.HAL_NVIC_SetPriorityGrouping  stm32f1xx_hal_cortex.o
    0x08002578   0x08002578   0x00000134   Code   RO         1688    i.HAL_RCCEx_GetPeriphCLKFreq  stm32f1xx_hal_rcc_ex.o
    0x080026ac   0x080026ac   0x00000130   Code   RO         1689    i.HAL_RCCEx_PeriphCLKConfig  stm32f1xx_hal_rcc_ex.o
    0x080027dc   0x080027dc   0x0000018c   Code   RO         1581    i.HAL_RCC_ClockConfig  stm32f1xx_hal_rcc.o
    0x08002968   0x08002968   0x0000000c   Code   RO         1586    i.HAL_RCC_GetHCLKFreq  stm32f1xx_hal_rcc.o
    0x08002974   0x08002974   0x00000020   Code   RO         1588    i.HAL_RCC_GetPCLK1Freq  stm32f1xx_hal_rcc.o
    0x08002994   0x08002994   0x00000020   Code   RO         1589    i.HAL_RCC_GetPCLK2Freq  stm32f1xx_hal_rcc.o
    0x080029b4   0x080029b4   0x00000094   Code   RO         1590    i.HAL_RCC_GetSysClockFreq  stm32f1xx_hal_rcc.o
    0x08002a48   0x08002a48   0x00000464   Code   RO         1593    i.HAL_RCC_OscConfig  stm32f1xx_hal_rcc.o
    0x08002eac   0x08002eac   0x00000028   Code   RO         1147    i.HAL_SYSTICK_CLKSourceConfig  stm32f1xx_hal_cortex.o
    0x08002ed4   0x08002ed4   0x00000034   Code   RO         1149    i.HAL_SYSTICK_Config  stm32f1xx_hal_cortex.o
    0x08002f08   0x08002f08   0x00000074   Code   RO         3040    i.HAL_TIMEx_ConfigBreakDeadTime  stm32f1xx_hal_tim_ex.o
    0x08002f7c   0x08002f7c   0x000000dc   Code   RO         3067    i.HAL_TIMEx_PWMN_Start  stm32f1xx_hal_tim_ex.o
    0x08003058   0x08003058   0x000000fc   Code   RO         2394    i.HAL_TIM_PWM_ConfigChannel  stm32f1xx_hal_tim.o
    0x08003154   0x08003154   0x00000066   Code   RO         2397    i.HAL_TIM_PWM_Init  stm32f1xx_hal_tim.o
    0x080031ba   0x080031ba   0x00000002   Code   RO         2399    i.HAL_TIM_PWM_MspInit  stm32f1xx_hal_tim.o
    0x080031bc   0x080031bc   0x000000f4   Code   RO         2402    i.HAL_TIM_PWM_Start  stm32f1xx_hal_tim.o
    0x080032b0   0x080032b0   0x00000002   Code   RO         1744    i.HAL_UART_ErrorCallback  stm32f1xx_hal_uart.o
    0x080032b2   0x080032b2   0x00000002   PAD
    0x080032b4   0x080032b4   0x00000154   Code   RO         1747    i.HAL_UART_IRQHandler  stm32f1xx_hal_uart.o
    0x08003408   0x08003408   0x00000072   Code   RO         1748    i.HAL_UART_Init     stm32f1xx_hal_uart.o
    0x0800347a   0x0800347a   0x00000002   PAD
    0x0800347c   0x0800347c   0x000000a4   Code   RO          885    i.HAL_UART_MspInit  usart.o
    0x08003520   0x08003520   0x00000070   Code   RO         1753    i.HAL_UART_Receive_IT  stm32f1xx_hal_uart.o
    0x08003590   0x08003590   0x0000009c   Code   RO          886    i.HAL_UART_RxCpltCallback  usart.o
    0x0800362c   0x0800362c   0x00000002   Code   RO         1759    i.HAL_UART_TxCpltCallback  stm32f1xx_hal_uart.o
    0x0800362e   0x0800362e   0x00000004   Code   RO          445    i.HardFault_Handler  stm32f1xx_it.o
    0x08003632   0x08003632   0x00000004   Code   RO          446    i.MemManage_Handler  stm32f1xx_it.o
    0x08003636   0x08003636   0x00000002   Code   RO          447    i.NMI_Handler       stm32f1xx_it.o
    0x08003638   0x08003638   0x00000028   Code   RO         1594    i.RCC_Delay         stm32f1xx_hal_rcc.o
    0x08003660   0x08003660   0x00000014   Code   RO          734    i.SysTick_Handler   delay.o
    0x08003674   0x08003674   0x00000002   Code   RO          243    i.SystemInit        system_stm32f1xx.o
    0x08003676   0x08003676   0x00000002   PAD
    0x08003678   0x08003678   0x0000009c   Code   RO         2415    i.TIM_Base_SetConfig  stm32f1xx_hal_tim.o
    0x08003714   0x08003714   0x00000022   Code   RO         2416    i.TIM_CCxChannelCmd  stm32f1xx_hal_tim.o
    0x08003736   0x08003736   0x00000022   Code   RO         3076    i.TIM_CCxNChannelCmd  stm32f1xx_hal_tim_ex.o
    0x08003758   0x08003758   0x00000070   Code   RO         2428    i.TIM_OC1_SetConfig  stm32f1xx_hal_tim.o
    0x080037c8   0x080037c8   0x0000007c   Code   RO         2429    i.TIM_OC2_SetConfig  stm32f1xx_hal_tim.o
    0x08003844   0x08003844   0x00000078   Code   RO         2430    i.TIM_OC3_SetConfig  stm32f1xx_hal_tim.o
    0x080038bc   0x080038bc   0x00000054   Code   RO         2431    i.TIM_OC4_SetConfig  stm32f1xx_hal_tim.o
    0x08003910   0x08003910   0x00000014   Code   RO         1761    i.UART_DMAAbortOnError  stm32f1xx_hal_uart.o
    0x08003924   0x08003924   0x00000020   Code   RO         1771    i.UART_EndRxTransfer  stm32f1xx_hal_uart.o
    0x08003944   0x08003944   0x00000020   Code   RO         1772    i.UART_EndTransmit_IT  stm32f1xx_hal_uart.o
    0x08003964   0x08003964   0x000000a0   Code   RO         1774    i.UART_Receive_IT   stm32f1xx_hal_uart.o
    0x08003a04   0x08003a04   0x000000fc   Code   RO         1775    i.UART_SetConfig    stm32f1xx_hal_uart.o
    0x08003b00   0x08003b00   0x00000060   Code   RO         1776    i.UART_Transmit_IT  stm32f1xx_hal_uart.o
    0x08003b60   0x08003b60   0x00000010   Code   RO          887    i.USART1_IRQHandler  usart.o
    0x08003b70   0x08003b70   0x00000004   Code   RO          448    i.UsageFault_Handler  stm32f1xx_it.o
    0x08003b74   0x08003b74   0x00000028   Code   RO         5528    i.__ARM_fpclassify  m_ws.l(fpclassify.o)
    0x08003b9c   0x08003b9c   0x00000010   Code   RO         1151    i.__NVIC_GetPriorityGrouping  stm32f1xx_hal_cortex.o
    0x08003bac   0x08003bac   0x00000028   Code   RO         1152    i.__NVIC_SetPriority  stm32f1xx_hal_cortex.o
    0x08003bd4   0x08003bd4   0x00000004   Code   RO          889    i._sys_exit         usart.o
    0x08003bd8   0x08003bd8   0x00000054   Code   RO         3637    i.adc_dma_enable    adc.o
    0x08003c2c   0x08003c2c   0x00000168   Code   RO         3638    i.adc_nch_dma_init  adc.o
    0x08003d94   0x08003d94   0x0000011c   Code   RO         3853    i.atim_timx_cplm_pwm_init  atim.o
    0x08003eb0   0x08003eb0   0x00000034   Code   RO         3854    i.atim_timx_cplm_pwm_set  atim.o
    0x08003ee4   0x08003ee4   0x00000050   Code   RO          735    i.delay_init        delay.o
    0x08003f34   0x08003f34   0x00000018   Code   RO          736    i.delay_ms          delay.o
    0x08003f4c   0x08003f4c   0x00000048   Code   RO          737    i.delay_us          delay.o
    0x08003f94   0x08003f94   0x0000009c   Code   RO         3796    i.exti_init         exti.o
    0x08004030   0x08004030   0x0000001c   Code   RO          891    i.fputc             usart.o
    0x0800404c   0x0800404c   0x0000011c   Code   RO          635    i.freertos_demo     freertos_demo.o
    0x08004168   0x08004168   0x00000080   Code   RO         3604    i.key_init          key.o
    0x080041e8   0x080041e8   0x000000c4   Code   RO         3580    i.led_init          led.o
    0x080042ac   0x080042ac   0x00000044   Code   RO           13    i.main              main.o
    0x080042f0   0x080042f0   0x000000cc   Code   RO         4607    i.prvAddCurrentTaskToDelayedList  tasks.o
    0x080043bc   0x080043bc   0x000000ec   Code   RO         4608    i.prvAddNewTaskToReadyList  tasks.o
    0x080044a8   0x080044a8   0x00000064   Code   RO         5032    i.prvCheckForValidListAndQueue  timers.o
    0x0800450c   0x0800450c   0x00000048   Code   RO         4609    i.prvCheckTasksWaitingTermination  tasks.o
    0x08004554   0x08004554   0x0000002a   Code   RO         4167    i.prvCopyDataFromQueue  queue.o
    0x0800457e   0x0800457e   0x0000007e   Code   RO         4168    i.prvCopyDataToQueue  queue.o
    0x080045fc   0x080045fc   0x00000012   Code   RO         4610    i.prvDeleteTCB      tasks.o
    0x0800460e   0x0800460e   0x00000002   PAD
    0x08004610   0x08004610   0x00000028   Code   RO         5033    i.prvGetNextExpireTime  timers.o
    0x08004638   0x08004638   0x0000007c   Code   RO         5206    i.prvHeapInit       heap_4.o
    0x080046b4   0x080046b4   0x00000028   Code   RO         4611    i.prvIdleTask       tasks.o
    0x080046dc   0x080046dc   0x0000002e   Code   RO         4171    i.prvInitialiseNewQueue  queue.o
    0x0800470a   0x0800470a   0x00000002   PAD
    0x0800470c   0x0800470c   0x00000104   Code   RO         4612    i.prvInitialiseNewTask  tasks.o
    0x08004810   0x08004810   0x00000068   Code   RO         4613    i.prvInitialiseTaskLists  tasks.o
    0x08004878   0x08004878   0x00000068   Code   RO         5207    i.prvInsertBlockIntoFreeList  heap_4.o
    0x080048e0   0x080048e0   0x00000058   Code   RO         5035    i.prvInsertTimerInActiveList  timers.o
    0x08004938   0x08004938   0x0000001a   Code   RO         4172    i.prvIsQueueEmpty   queue.o
    0x08004952   0x08004952   0x0000001e   Code   RO         4173    i.prvIsQueueFull    queue.o
    0x08004970   0x08004970   0x000000c4   Code   RO         4174    i.prvNotifyQueueSetContainer  queue.o
    0x08004a34   0x08004a34   0x00000044   Code   RO         5036    i.prvProcessExpiredTimer  timers.o
    0x08004a78   0x08004a78   0x0000016c   Code   RO         5037    i.prvProcessReceivedCommands  timers.o
    0x08004be4   0x08004be4   0x00000074   Code   RO         5038    i.prvProcessTimerOrBlockTask  timers.o
    0x08004c58   0x08004c58   0x00000028   Code   RO         5039    i.prvReloadTimer    timers.o
    0x08004c80   0x08004c80   0x00000030   Code   RO         4615    i.prvResetNextTaskUnblockTime  tasks.o
    0x08004cb0   0x08004cb0   0x0000002c   Code   RO         5040    i.prvSampleTimeNow  timers.o
    0x08004cdc   0x08004cdc   0x00000044   Code   RO         5041    i.prvSwitchTimerLists  timers.o
    0x08004d20   0x08004d20   0x0000007c   Code   RO         5274    i.prvTaskExitError  port.o
    0x08004d9c   0x08004d9c   0x0000001a   Code   RO         5042    i.prvTimerTask      timers.o
    0x08004db6   0x08004db6   0x00000090   Code   RO         4175    i.prvUnlockQueue    queue.o
    0x08004e46   0x08004e46   0x00000002   PAD
    0x08004e48   0x08004e48   0x00000194   Code   RO         5208    i.pvPortMalloc      heap_4.o
    0x08004fdc   0x08004fdc   0x00000024   Code   RO         5275    i.pxPortInitialiseStack  port.o
    0x08005000   0x08005000   0x000000b0   Code   RO          636    i.start_task        freertos_demo.o
    0x080050b0   0x080050b0   0x00000056   Code   RO          818    i.sys_stm32_clock_init  sys.o
    0x08005106   0x08005106   0x00000002   PAD
    0x08005108   0x08005108   0x00000068   Code   RO          637    i.task1             freertos_demo.o
    0x08005170   0x08005170   0x000001a8   Code   RO          638    i.task2             freertos_demo.o
    0x08005318   0x08005318   0x000000f4   Code   RO          639    i.task3             freertos_demo.o
    0x0800540c   0x0800540c   0x00000002   Code   RO          640    i.test_task         freertos_demo.o
    0x0800540e   0x0800540e   0x00000002   PAD
    0x08005410   0x08005410   0x00000048   Code   RO          892    i.usart_init        usart.o
    0x08005458   0x08005458   0x00000028   Code   RO         4115    i.uxListRemove      list.o
    0x08005480   0x08005480   0x0000001a   Code   RO         4116    i.vListInitialise   list.o
    0x0800549a   0x0800549a   0x00000006   Code   RO         4117    i.vListInitialiseItem  list.o
    0x080054a0   0x080054a0   0x00000034   Code   RO         4118    i.vListInsert       list.o
    0x080054d4   0x080054d4   0x00000018   Code   RO         4119    i.vListInsertEnd    list.o
    0x080054ec   0x080054ec   0x00000094   Code   RO         5277    i.vPortEnterCritical  port.o
    0x08005580   0x08005580   0x0000007c   Code   RO         5278    i.vPortExitCritical  port.o
    0x080055fc   0x080055fc   0x000000d8   Code   RO         5209    i.vPortFree         heap_4.o
    0x080056d4   0x080056d4   0x0000002c   Code   RO         5279    i.vPortSetupTimerInterrupt  port.o
    0x08005700   0x08005700   0x0000008c   Code   RO         4181    i.vQueueAddToRegistry  queue.o
    0x0800578c   0x0800578c   0x0000004a   Code   RO         4185    i.vQueueWaitForMessageRestricted  queue.o
    0x080057d6   0x080057d6   0x00000002   PAD
    0x080057d8   0x080057d8   0x00000084   Code   RO         4630    i.vTaskDelay        tasks.o
    0x0800585c   0x0800585c   0x00000124   Code   RO         4631    i.vTaskDelete       tasks.o
    0x08005980   0x08005980   0x00000018   Code   RO         4635    i.vTaskInternalSetTimeOutState  tasks.o
    0x08005998   0x08005998   0x0000000c   Code   RO         4637    i.vTaskMissedYield  tasks.o
    0x080059a4   0x080059a4   0x00000064   Code   RO         4638    i.vTaskPlaceOnEventList  tasks.o
    0x08005a08   0x08005a08   0x0000008c   Code   RO         4639    i.vTaskPlaceOnEventListRestricted  tasks.o
    0x08005a94   0x08005a94   0x000000c4   Code   RO         4647    i.vTaskStartScheduler  tasks.o
    0x08005b58   0x08005b58   0x00000010   Code   RO         4649    i.vTaskSuspendAll   tasks.o
    0x08005b68   0x08005b68   0x000000b8   Code   RO         4650    i.vTaskSwitchContext  tasks.o
    0x08005c20   0x08005c20   0x0000014c   Code   RO         5281    i.xPortStartScheduler  port.o
    0x08005d6c   0x08005d6c   0x00000034   Code   RO         5282    i.xPortSysTickHandler  port.o
    0x08005da0   0x08005da0   0x00000090   Code   RO         4190    i.xQueueGenericCreate  queue.o
    0x08005e30   0x08005e30   0x000000fc   Code   RO         4191    i.xQueueGenericReset  queue.o
    0x08005f2c   0x08005f2c   0x000001e4   Code   RO         4192    i.xQueueGenericSend  queue.o
    0x08006110   0x08006110   0x00000180   Code   RO         4200    i.xQueueReceive     queue.o
    0x08006290   0x08006290   0x000000cc   Code   RO         4653    i.xTaskCheckForTimeOut  tasks.o
    0x0800635c   0x0800635c   0x00000060   Code   RO         4654    i.xTaskCreate       tasks.o
    0x080063bc   0x080063bc   0x00000020   Code   RO         4663    i.xTaskGetSchedulerState  tasks.o
    0x080063dc   0x080063dc   0x0000000c   Code   RO         4664    i.xTaskGetTickCount  tasks.o
    0x080063e8   0x080063e8   0x000001e8   Code   RO         4666    i.xTaskIncrementTick  tasks.o
    0x080065d0   0x080065d0   0x00000110   Code   RO         4667    i.xTaskPriorityDisinherit  tasks.o
    0x080066e0   0x080066e0   0x0000014c   Code   RO         4669    i.xTaskRemoveFromEventList  tasks.o
    0x0800682c   0x0800682c   0x000001a0   Code   RO         4670    i.xTaskResumeAll    tasks.o
    0x080069cc   0x080069cc   0x00000080   Code   RO         5050    i.xTimerCreateTimerTask  timers.o
    0x08006a4c   0x08006a4c   0x0000002c   Code   RO         5524    locale$$code        c_w.l(lc_numeric_c.o)
    0x08006a78   0x08006a78   0x00000062   Code   RO         5419    x$fpl$d2f           fz_ws.l(d2f.o)
    0x08006ada   0x08006ada   0x00000002   PAD
    0x08006adc   0x08006adc   0x000002b0   Code   RO         5422    x$fpl$ddiv          fz_ws.l(ddiv.o)
    0x08006d8c   0x08006d8c   0x00000154   Code   RO         5425    x$fpl$dmul          fz_ws.l(dmul.o)
    0x08006ee0   0x08006ee0   0x0000009c   Code   RO         5459    x$fpl$dnaninf       fz_ws.l(dnaninf.o)
    0x08006f7c   0x08006f7c   0x0000000c   Code   RO         5461    x$fpl$dretinf       fz_ws.l(dretinf.o)
    0x08006f88   0x08006f88   0x00000056   Code   RO         5427    x$fpl$f2d           fz_ws.l(f2d.o)
    0x08006fde   0x08006fde   0x00000002   PAD
    0x08006fe0   0x08006fe0   0x00000026   Code   RO         5429    x$fpl$ffltu         fz_ws.l(fflt_clz.o)
    0x08007006   0x08007006   0x00000002   PAD
    0x08007008   0x08007008   0x00000102   Code   RO         5435    x$fpl$fmul          fz_ws.l(fmul.o)
    0x0800710a   0x0800710a   0x0000008c   Code   RO         5463    x$fpl$fnaninf       fz_ws.l(fnaninf.o)
    0x08007196   0x08007196   0x0000000a   Code   RO         5465    x$fpl$fretinf       fz_ws.l(fretinf.o)
    0x080071a0   0x080071a0   0x00000004   Code   RO         5437    x$fpl$printf1       fz_ws.l(printf1.o)
    0x080071a4   0x080071a4   0x00000000   Code   RO         5467    x$fpl$usenofp       fz_ws.l(usenofp.o)
    0x080071a4   0x080071a4   0x00000018   Data   RO          244    .constdata          system_stm32f1xx.o
    0x080071bc   0x080071bc   0x00000094   Data   RO         5495    .constdata          c_w.l(bigflt0.o)
    0x08007250   0x08007250   0x00000020   Data   RO         5662    Region$$Table       anon$$obj.o
    0x08007270   0x08007270   0x0000001c   Data   RO         5523    locale$$data        c_w.l(lc_numeric_c.o)


    Execution Region RW_IRAM1 (Exec base: 0x20000000, Load base: 0x0800728c, Size: 0x00003490, Max: 0x0000c000, ABSOLUTE)

    Exec Addr    Load Addr    Size         Type   Attr      Idx    E Section Name        Object

    0x20000000   0x0800728c   0x00000004   Data   RW          245    .data               system_stm32f1xx.o
    0x20000004   0x08007290   0x00000024   Data   RW          642    .data               freertos_demo.o
    0x20000028   0x080072b4   0x00000002   Data   RW          738    .data               delay.o
    0x2000002a   0x080072b6   0x00000002   PAD
    0x2000002c   0x080072b8   0x00000007   Data   RW          894    .data               usart.o
    0x20000033   0x080072bf   0x00000001   PAD
    0x20000034   0x080072c0   0x00000009   Data   RW          987    .data               stm32f1xx_hal.o
    0x2000003d   0x080072c9   0x00000001   Data   RW         3640    .data               adc.o
    0x2000003e   0x080072ca   0x00000002   Data   RW         3797    .data               exti.o
    0x20000040   0x080072cc   0x00000040   Data   RW         4673    .data               tasks.o
    0x20000080   0x0800730c   0x00000014   Data   RW         5059    .data               timers.o
    0x20000094   0x08007320   0x00000020   Data   RW         5215    .data               heap_4.o
    0x200000b4   0x08007340   0x0000000c   Data   RW         5283    .data               port.o
    0x200000c0        -       0x0000003c   Zero   RW          641    .bss                freertos_demo.o
    0x200000fc        -       0x00000108   Zero   RW          893    .bss                usart.o
    0x20000204        -       0x00000074   Zero   RW         3639    .bss                adc.o
    0x20000278        -       0x00000068   Zero   RW         3855    .bss                atim.o
    0x200002e0        -       0x00000040   Zero   RW         4207    .bss                queue.o
    0x20000320        -       0x000002e4   Zero   RW         4672    .bss                tasks.o
    0x20000604        -       0x00000028   Zero   RW         5058    .bss                timers.o
    0x2000062c        -       0x00002800   Zero   RW         5214    .bss                heap_4.o
    0x20002e2c        -       0x00000060   Zero   RW         5531    .bss                c_w.l(libspace.o)
    0x20002e8c   0x0800734c   0x00000004   PAD
    0x20002e90        -       0x00000200   Zero   RW            2    HEAP                startup_stm32f103xe.o
    0x20003090        -       0x00000400   Zero   RW            1    STACK               startup_stm32f103xe.o


==============================================================================

Image component sizes


      Code (inc. data)   RO Data    RW Data    ZI Data      Debug   Object Name

       576         52          0          1        116       3016   adc.o
       336         36          0          0        104       2187   atim.o
       196         10          0          2          0       2329   delay.o
         0          0          0          0          0      13116   event_groups.o
       392         84          0          2          0       2587   exti.o
      1234        502          0         36         60      21419   freertos_demo.o
       848        218          0         32      10240       3975   heap_4.o
       128         10          0          0          0        899   key.o
       196          8          0          0          0        911   led.o
       148          0          0          0          0       3146   list.o
        68          0          0          0          0     459519   main.o
         0          0          0          0          0       1476   oled.o
      1010        354          0         12          0       9488   port.o
      2088        336          0          0         64      14131   queue.o
        64         26        304          0       1536        912   startup_stm32f103xe.o
       154         32          0          9          0       6227   stm32f1xx_hal.o
      1436         58          0          0          0       8640   stm32f1xx_hal_adc.o
       260          4          0          0          0       1422   stm32f1xx_hal_adc_ex.o
       344         22          0          0          0      29869   stm32f1xx_hal_cortex.o
       764         18          0          0          0       3389   stm32f1xx_hal_dma.o
       908         44          0          0          0       4459   stm32f1xx_hal_gpio.o
      1784        110          0          0          0       5888   stm32f1xx_hal_rcc.o
       612         46          0          0          0       2377   stm32f1xx_hal_rcc_ex.o
      1230         80          0          0          0       7378   stm32f1xx_hal_tim.o
       370         22          0          0          0       2615   stm32f1xx_hal_tim_ex.o
      1162         10          0          0          0       7511   stm32f1xx_hal_uart.o
        20          0          0          0          0       2461   stm32f1xx_it.o
        86          0          0          0          0        695   sys.o
         2          0         24          4          0     495607   system_stm32f1xx.o
      3930       1024          0         64        740      32594   tasks.o
      1082        214          0         20         40      10772   timers.o
       440         56          0          7        264       5234   usart.o

    ----------------------------------------------------------------------
     21896       3376        360        192      13164    1166249   Object Totals
         0          0         32          0          0          0   (incl. Generated)
        28          0          0          3          0          0   (incl. Padding)

    ----------------------------------------------------------------------

      Code (inc. data)   RO Data    RW Data    ZI Data      Debug   Library Member Name

         8          0          0          0          0         68   __main.o
       104          0          0          0          0         84   __printf.o
         0          0          0          0          0          0   __rtentry.o
        12          0          0          0          0          0   __rtentry2.o
         6          0          0          0          0          0   __rtentry4.o
        52          8          0          0          0          0   __scatter.o
        26          0          0          0          0          0   __scatter_copy.o
        28          0          0          0          0          0   __scatter_zi.o
        44          0          0          0          0        108   _printf_char.o
        48          6          0          0          0         96   _printf_char_common.o
        36          4          0          0          0         80   _printf_char_file.o
         6          0          0          0          0          0   _printf_d.o
       120         16          0          0          0         92   _printf_dec.o
         6          0          0          0          0          0   _printf_f.o
      1054          0          0          0          0        216   _printf_fp_dec.o
       128         16          0          0          0         84   _printf_fp_infnan.o
       178          0          0          0          0         88   _printf_intcommon.o
         0          0          0          0          0          0   _printf_percent.o
         4          0          0          0          0          0   _printf_percent_end.o
         6          0          0          0          0          0   _printf_s.o
        82          0          0          0          0         80   _printf_str.o
        16          0          0          0          0         68   aeabi_memset.o
       228          4        148          0          0         96   bigflt0.o
      1936        128          0          0          0        672   btod.o
        18          0          0          0          0         80   exit.o
         8          0          0          0          0         68   ferror.o
         6          0          0          0          0        152   heapauxi.o
        44         10         28          0          0         76   lc_numeric_c.o
         2          0          0          0          0          0   libinit.o
        18          0          0          0          0          0   libinit2.o
         2          0          0          0          0          0   libshutdown.o
         2          0          0          0          0          0   libshutdown2.o
         8          4          0          0         96         68   libspace.o
       138          0          0          0          0         80   lludiv10.o
        24          4          0          0          0         84   noretval__2printf.o
         8          4          0          0          0         68   rt_locale_intlibspace.o
        68          0          0          0          0         68   rt_memclr.o
        78          0          0          0          0         80   rt_memclr_w.o
       138          0          0          0          0         68   rt_memcpy_v6.o
       100          0          0          0          0         80   rt_memcpy_w.o
         2          0          0          0          0          0   rtexit.o
        10          0          0          0          0          0   rtexit2.o
       128          0          0          0          0         68   strcmpv7m.o
        74          0          0          0          0         80   sys_stackheap_outer.o
         2          0          0          0          0         68   use_no_semi.o
         2          0          0          0          0         68   use_no_semi_2.o
        98          4          0          0          0         92   d2f.o
       688        140          0          0          0        208   ddiv.o
       340         12          0          0          0        104   dmul.o
       156          4          0          0          0         92   dnaninf.o
        12          0          0          0          0         68   dretinf.o
        86          4          0          0          0         84   f2d.o
        38          0          0          0          0         68   fflt_clz.o
       258          4          0          0          0         84   fmul.o
       140          4          0          0          0         84   fnaninf.o
        10          0          0          0          0         68   fretinf.o
         4          0          0          0          0         68   printf1.o
         0          0          0          0          0          0   usenofp.o
        40          0          0          0          0         68   fpclassify.o

    ----------------------------------------------------------------------
      6892        376        176          0        100       4176   Library Totals
        14          0          0          0          4          0   (incl. Padding)

    ----------------------------------------------------------------------

      Code (inc. data)   RO Data    RW Data    ZI Data      Debug   Library Name

      5008        204        176          0         96       3088   c_w.l
      1830        172          0          0          0       1020   fz_ws.l
        40          0          0          0          0         68   m_ws.l

    ----------------------------------------------------------------------
      6892        376        176          0        100       4176   Library Totals

    ----------------------------------------------------------------------

==============================================================================


      Code (inc. data)   RO Data    RW Data    ZI Data      Debug   

     28788       3752        536        192      13264    1159501   Grand Totals
     28788       3752        536        192      13264    1159501   ELF Image Totals
     28788       3752        536        192          0          0   ROM Totals

==============================================================================

    Total RO  Size (Code + RO Data)                29324 (  28.64kB)
    Total RW  Size (RW Data + ZI Data)             13456 (  13.14kB)
    Total ROM Size (Code + RO Data + RW Data)      29516 (  28.82kB)

==============================================================================

