Component: ARM Compiler 5.06 update 7 (build 960) Tool: armlink [4d3601]

==============================================================================

Section Cross References

    startup_stm32f103xe.o(STACK) refers (Special) to heapauxi.o(.text) for __use_two_region_memory
    startup_stm32f103xe.o(HEAP) refers (Special) to heapauxi.o(.text) for __use_two_region_memory
    startup_stm32f103xe.o(RESET) refers (Special) to heapauxi.o(.text) for __use_two_region_memory
    startup_stm32f103xe.o(RESET) refers to startup_stm32f103xe.o(STACK) for __initial_sp
    startup_stm32f103xe.o(RESET) refers to startup_stm32f103xe.o(.text) for Reset_Handler
    startup_stm32f103xe.o(RESET) refers to stm32f1xx_it.o(i.NMI_Handler) for NMI_Handler
    startup_stm32f103xe.o(RESET) refers to stm32f1xx_it.o(i.HardFault_Handler) for HardFault_Handler
    startup_stm32f103xe.o(RESET) refers to stm32f1xx_it.o(i.MemManage_Handler) for MemManage_Handler
    startup_stm32f103xe.o(RESET) refers to stm32f1xx_it.o(i.BusFault_Handler) for BusFault_Handler
    startup_stm32f103xe.o(RESET) refers to stm32f1xx_it.o(i.UsageFault_Handler) for UsageFault_Handler
    startup_stm32f103xe.o(RESET) refers to port.o(.emb_text) for SVC_Handler
    startup_stm32f103xe.o(RESET) refers to stm32f1xx_it.o(i.DebugMon_Handler) for DebugMon_Handler
    startup_stm32f103xe.o(RESET) refers to delay.o(i.SysTick_Handler) for SysTick_Handler
    startup_stm32f103xe.o(RESET) refers to exti.o(i.EXTI3_IRQHandler) for EXTI3_IRQHandler
    startup_stm32f103xe.o(RESET) refers to exti.o(i.EXTI4_IRQHandler) for EXTI4_IRQHandler
    startup_stm32f103xe.o(RESET) refers to adc.o(i.DMA1_Channel1_IRQHandler) for DMA1_Channel1_IRQHandler
    startup_stm32f103xe.o(RESET) refers to usart.o(i.USART1_IRQHandler) for USART1_IRQHandler
    startup_stm32f103xe.o(RESET) refers to atim.o(i.TIM8_UP_IRQHandler) for TIM8_UP_IRQHandler
    startup_stm32f103xe.o(RESET) refers to atim.o(i.TIM8_CC_IRQHandler) for TIM8_CC_IRQHandler
    startup_stm32f103xe.o(.text) refers (Special) to heapauxi.o(.text) for __use_two_region_memory
    startup_stm32f103xe.o(.text) refers to system_stm32f1xx.o(i.SystemInit) for SystemInit
    startup_stm32f103xe.o(.text) refers to __main.o(!!!main) for __main
    startup_stm32f103xe.o(.text) refers to startup_stm32f103xe.o(HEAP) for Heap_Mem
    startup_stm32f103xe.o(.text) refers to startup_stm32f103xe.o(STACK) for Stack_Mem
    main.o(i.main) refers to stm32f1xx_hal.o(i.HAL_Init) for HAL_Init
    main.o(i.main) refers to sys.o(i.sys_stm32_clock_init) for sys_stm32_clock_init
    main.o(i.main) refers to delay.o(i.delay_init) for delay_init
    main.o(i.main) refers to usart.o(i.usart_init) for usart_init
    main.o(i.main) refers to led.o(i.led_init) for led_init
    main.o(i.main) refers to key.o(i.key_init) for key_init
    main.o(i.main) refers to exti.o(i.exti_init) for exti_init
    main.o(i.main) refers to freertos_demo.o(i.freertos_demo) for freertos_demo
    system_stm32f1xx.o(i.SystemCoreClockUpdate) refers to system_stm32f1xx.o(.data) for SystemCoreClock
    system_stm32f1xx.o(i.SystemCoreClockUpdate) refers to system_stm32f1xx.o(.constdata) for AHBPrescTable
    freertos_demo.o(i.freertos_demo) refers to queue.o(i.xQueueGenericCreate) for xQueueGenericCreate
    freertos_demo.o(i.freertos_demo) refers to noretval__2printf.o(.text) for __2printf
    freertos_demo.o(i.freertos_demo) refers to tasks.o(i.xTaskCreate) for xTaskCreate
    freertos_demo.o(i.freertos_demo) refers to tasks.o(i.vTaskStartScheduler) for vTaskStartScheduler
    freertos_demo.o(i.freertos_demo) refers to freertos_demo.o(.data) for AD0_queue
    freertos_demo.o(i.freertos_demo) refers to freertos_demo.o(i.start_task) for start_task
    freertos_demo.o(i.start_task) refers to port.o(i.vPortEnterCritical) for vPortEnterCritical
    freertos_demo.o(i.start_task) refers to tasks.o(i.xTaskCreate) for xTaskCreate
    freertos_demo.o(i.start_task) refers to tasks.o(i.vTaskDelete) for vTaskDelete
    freertos_demo.o(i.start_task) refers to port.o(i.vPortExitCritical) for vPortExitCritical
    freertos_demo.o(i.start_task) refers to freertos_demo.o(.data) for Task1Task_Handler
    freertos_demo.o(i.start_task) refers to freertos_demo.o(i.task1) for task1
    freertos_demo.o(i.start_task) refers to freertos_demo.o(i.task2) for task2
    freertos_demo.o(i.start_task) refers to freertos_demo.o(i.task3) for task3
    freertos_demo.o(i.start_task) refers to freertos_demo.o(i.test_task) for test_task
    freertos_demo.o(i.task1) refers to stm32f1xx_hal_gpio.o(i.HAL_GPIO_WritePin) for HAL_GPIO_WritePin
    freertos_demo.o(i.task1) refers to stm32f1xx_hal_gpio.o(i.HAL_GPIO_TogglePin) for HAL_GPIO_TogglePin
    freertos_demo.o(i.task1) refers to tasks.o(i.vTaskDelay) for vTaskDelay
    freertos_demo.o(i.task1) refers to freertos_demo.o(.data) for work_flag
    freertos_demo.o(i.task2) refers to tasks.o(i.vTaskDelay) for vTaskDelay
[...]
    i.UART_EndRxTransfer                     0x08002610   Section        0  stm32f1xx_hal_uart.o(i.UART_EndRxTransfer)
    UART_EndRxTransfer                       0x08002611   Thumb Code    32  stm32f1xx_hal_uart.o(i.UART_EndRxTransfer)
    i.UART_EndTransmit_IT                    0x08002630   Section        0  stm32f1xx_hal_uart.o(i.UART_EndTransmit_IT)
    UART_EndTransmit_IT                      0x08002631   Thumb Code    32  stm32f1xx_hal_uart.o(i.UART_EndTransmit_IT)
    i.UART_Receive_IT                        0x08002650   Section        0  stm32f1xx_hal_uart.o(i.UART_Receive_IT)
    UART_Receive_IT                          0x08002651   Thumb Code   160  stm32f1xx_hal_uart.o(i.UART_Receive_IT)
    i.UART_SetConfig                         0x080026f0   Section        0  stm32f1xx_hal_uart.o(i.UART_SetConfig)
    UART_SetConfig                           0x080026f1   Thumb Code   248  stm32f1xx_hal_uart.o(i.UART_SetConfig)
    i.UART_Transmit_IT                       0x080027ec   Section        0  stm32f1xx_hal_uart.o(i.UART_Transmit_IT)
    UART_Transmit_IT                         0x080027ed   Thumb Code    96  stm32f1xx_hal_uart.o(i.UART_Transmit_IT)
    i.USART1_IRQHandler                      0x0800284c   Section        0  usart.o(i.USART1_IRQHandler)
    i.UsageFault_Handler                     0x0800285c   Section        0  stm32f1xx_it.o(i.UsageFault_Handler)
    i.__NVIC_GetPriorityGrouping             0x08002860   Section        0  stm32f1xx_hal_cortex.o(i.__NVIC_GetPriorityGrouping)
    __NVIC_GetPriorityGrouping               0x08002861   Thumb Code    10  stm32f1xx_hal_cortex.o(i.__NVIC_GetPriorityGrouping)
    i.__NVIC_SetPriority                     0x08002870   Section        0  stm32f1xx_hal_cortex.o(i.__NVIC_SetPriority)
    __NVIC_SetPriority                       0x08002871   Thumb Code    32  stm32f1xx_hal_cortex.o(i.__NVIC_SetPriority)
    i._sys_exit                              0x08002898   Section        0  usart.o(i._sys_exit)
    i.adc_dma_enable                         0x0800289c   Section        0  adc.o(i.adc_dma_enable)
    i.adc_nch_dma_init                       0x080028f0   Section        0  adc.o(i.adc_nch_dma_init)
    i.delay_init                             0x08002a58   Section        0  delay.o(i.delay_init)
    i.delay_ms                               0x08002aa8   Section        0  delay.o(i.delay_ms)
    i.delay_us                               0x08002ac0   Section        0  delay.o(i.delay_us)
    i.exti_init                              0x08002b08   Section        0  exti.o(i.exti_init)
    i.fputc                                  0x08002ba4   Section        0  usart.o(i.fputc)
    i.freertos_demo                          0x08002bc0   Section        0  freertos_demo.o(i.freertos_demo)
    i.key_init                               0x08002cdc   Section        0  key.o(i.key_init)
    i.led_init                               0x08002d5c   Section        0  led.o(i.led_init)
    i.main                                   0x08002e20   Section        0  main.o(i.main)
    i.prvAddCurrentTaskToDelayedList         0x08002e50   Section        0  tasks.o(i.prvAddCurrentTaskToDelayedList)
    prvAddCurrentTaskToDelayedList           0x08002e51   Thumb Code   174  tasks.o(i.prvAddCurrentTaskToDelayedList)
    i.prvAddNewTaskToReadyList               0x08002f1c   Section        0  tasks.o(i.prvAddNewTaskToReadyList)
    prvAddNewTaskToReadyList                 0x08002f1d   Thumb Code   206  tasks.o(i.prvAddNewTaskToReadyList)
    i.prvCheckForValidListAndQueue           0x08003008   Section        0  timers.o(i.prvCheckForValidListAndQueue)
    prvCheckForValidListAndQueue             0x08003009   Thumb Code    72  timers.o(i.prvCheckForValidListAndQueue)
    i.prvCheckTasksWaitingTermination        0x0800306c   Section        0  tasks.o(i.prvCheckTasksWaitingTermination)
    prvCheckTasksWaitingTermination          0x0800306d   Thumb Code    60  tasks.o(i.prvCheckTasksWaitingTermination)
    i.prvCopyDataFromQueue                   0x080030b4   Section        0  queue.o(i.prvCopyDataFromQueue)
    prvCopyDataFromQueue                     0x080030b5   Thumb Code    42  queue.o(i.prvCopyDataFromQueue)
    i.prvCopyDataToQueue                     0x080030de   Section        0  queue.o(i.prvCopyDataToQueue)
    prvCopyDataToQueue                       0x080030df   Thumb Code   126  queue.o(i.prvCopyDataToQueue)
    i.prvDeleteTCB                           0x0800315c   Section        0  tasks.o(i.prvDeleteTCB)
    prvDeleteTCB                             0x0800315d   Thumb Code    18  tasks.o(i.prvDeleteTCB)
    i.prvGetNextExpireTime                   0x08003170   Section        0  timers.o(i.prvGetNextExpireTime)
    prvGetNextExpireTime                     0x08003171   Thumb Code    36  timers.o(i.prvGetNextExpireTime)
    i.prvHeapInit                            0x08003198   Section        0  heap_4.o(i.prvHeapInit)
    prvHeapInit                              0x08003199   Thumb Code    98  heap_4.o(i.prvHeapInit)
    i.prvIdleTask                            0x08003214   Section        0  tasks.o(i.prvIdleTask)
    prvIdleTask                              0x08003215   Thumb Code    32  tasks.o(i.prvIdleTask)
    i.prvInitialiseNewQueue                  0x0800323c   Section        0  queue.o(i.prvInitialiseNewQueue)
    prvInitialiseNewQueue                    0x0800323d   Thumb Code    46  queue.o(i.prvInitialiseNewQueue)
    i.prvInitialiseNewTask                   0x0800326c   Section        0  tasks.o(i.prvInitialiseNewTask)
    prvInitialiseNewTask                     0x0800326d   Thumb Code   208  tasks.o(i.prvInitialiseNewTask)
    i.prvInitialiseTaskLists                 0x08003370   Section        0  tasks.o(i.prvInitialiseTaskLists)
    prvInitialiseTaskLists                   0x08003371   Thumb Code    70  tasks.o(i.prvInitialiseTaskLists)
    i.prvInsertBlockIntoFreeList             0x080033d8   Section        0  heap_4.o(i.prvInsertBlockIntoFreeList)
    prvInsertBlockIntoFreeList               0x080033d9   Thumb Code    96  heap_4.o(i.prvInsertBlockIntoFreeList)
    i.prvInsertTimerInActiveList             0x08003440   Section        0  timers.o(i.prvInsertTimerInActiveList)
    prvInsertTimerInActiveList               0x08003441   Thumb Code    80  timers.o(i.prvInsertTimerInActiveList)
    i.prvIsQueueEmpty                        0x08003498   Section        0  queue.o(i.prvIsQueueEmpty)
    prvIsQueueEmpty                          0x08003499   Thumb Code    26  queue.o(i.prvIsQueueEmpty)
    i.prvIsQueueFull                         0x080034b2   Section        0  queue.o(i.prvIsQueueFull)
    prvIsQueueFull                           0x080034b3   Thumb Code    30  queue.o(i.prvIsQueueFull)
    i.prvNotifyQueueSetContainer             0x080034d0   Section        0  queue.o(i.prvNotifyQueueSetContainer)
    prvNotifyQueueSetContainer               0x080034d1   Thumb Code   142  queue.o(i.prvNotifyQueueSetContainer)
    i.prvProcessExpiredTimer                 0x08003594   Section        0  timers.o(i.prvProcessExpiredTimer)
    prvProcessExpiredTimer                   0x08003595   Thumb Code    62  timers.o(i.prvProcessExpiredTimer)
    i.prvProcessReceivedCommands             0x080035d8   Section        0  timers.o(i.prvProcessReceivedCommands)
    prvProcessReceivedCommands               0x080035d9   Thumb Code   306  timers.o(i.prvProcessReceivedCommands)
    i.prvProcessTimerOrBlockTask             0x08003744   Section        0  timers.o(i.prvProcessTimerOrBlockTask)
    prvProcessTimerOrBlockTask               0x08003745   Thumb Code   102  timers.o(i.prvProcessTimerOrBlockTask)
    i.prvReloadTimer                         0x080037b8   Section        0  timers.o(i.prvReloadTimer)
    prvReloadTimer                           0x080037b9   Thumb Code    40  timers.o(i.prvReloadTimer)
    i.prvResetNextTaskUnblockTime            0x080037e0   Section        0  tasks.o(i.prvResetNextTaskUnblockTime)
    prvResetNextTaskUnblockTime              0x080037e1   Thumb Code    40  tasks.o(i.prvResetNextTaskUnblockTime)
    i.prvSampleTimeNow                       0x08003810   Section        0  timers.o(i.prvSampleTimeNow)
    prvSampleTimeNow                         0x08003811   Thumb Code    40  timers.o(i.prvSampleTimeNow)
    i.prvSwitchTimerLists                    0x0800383c   Section        0  timers.o(i.prvSwitchTimerLists)
    prvSwitchTimerLists                      0x0800383d   Thumb Code    58  timers.o(i.prvSwitchTimerLists)
    i.prvTaskExitError                       0x08003880   Section        0  port.o(i.prvTaskExitError)
    prvTaskExitError                         0x08003881   Thumb Code    48  port.o(i.prvTaskExitError)
    i.prvTimerTask                           0x080038fc   Section        0  timers.o(i.prvTimerTask)
    prvTimerTask                             0x080038fd   Thumb Code    26  timers.o(i.prvTimerTask)
    i.prvUnlockQueue                         0x08003916   Section        0  queue.o(i.prvUnlockQueue)
    prvUnlockQueue                           0x08003917   Thumb Code   144  queue.o(i.prvUnlockQueue)
    i.pvPortMalloc                           0x080039a8   Section        0  heap_4.o(i.pvPortMalloc)
    i.pxPortInitialiseStack                  0x08003b3c   Section        0  port.o(i.pxPortInitialiseStack)
    i.start_task                             0x08003b60   Section        0  freertos_demo.o(i.start_task)
    i.sys_stm32_clock_init                   0x08003c10   Section        0  sys.o(i.sys_stm32_clock_init)
    i.task1                                  0x08003c68   Section        0  freertos_demo.o(i.task1)
    i.task2                                  0x08003cd0   Section        0  freertos_demo.o(i.task2)
    i.task3                                  0x08003cdc   Section        0  freertos_demo.o(i.task3)
    i.test_task                              0x08003dd0   Section        0  freertos_demo.o(i.test_task)
    i.usart_init                             0x08003dd4   Section        0  usart.o(i.usart_init)
    i.uxListRemove                           0x08003e1c   Section        0  list.o(i.uxListRemove)
    i.vListInitialise                        0x08003e44   Section        0  list.o(i.vListInitialise)
    i.vListInitialiseItem                    0x08003e5e   Section        0  list.o(i.vListInitialiseItem)
    i.vListInsert                            0x08003e64   Section        0  list.o(i.vListInsert)
    i.vListInsertEnd                         0x08003e98   Section        0  list.o(i.vListInsertEnd)
    i.vPortEnterCritical                     0x08003eb0   Section        0  port.o(i.vPortEnterCritical)
    i.vPortExitCritical                      0x08003f44   Section        0  port.o(i.vPortExitCritical)
    i.vPortFree                              0x08003fc0   Section        0  heap_4.o(i.vPortFree)
    i.vPortSetupTimerInterrupt               0x08004098   Section        0  port.o(i.vPortSetupTimerInterrupt)
    i.vQueueAddToRegistry                    0x080040c4   Section        0  queue.o(i.vQueueAddToRegistry)
    i.vQueueWaitForMessageRestricted         0x08004150   Section        0  queue.o(i.vQueueWaitForMessageRestricted)
    i.vTaskDelay                             0x0800419c   Section        0  tasks.o(i.vTaskDelay)
    i.vTaskDelete                            0x08004220   Section        0  tasks.o(i.vTaskDelete)
    i.vTaskInternalSetTimeOutState           0x08004344   Section        0  tasks.o(i.vTaskInternalSetTimeOutState)
    i.vTaskMissedYield                       0x0800435c   Section        0  tasks.o(i.vTaskMissedYield)
    i.vTaskPlaceOnEventList                  0x08004368   Section        0  tasks.o(i.vTaskPlaceOnEventList)
    i.vTaskPlaceOnEventListRestricted        0x080043cc   Section        0  tasks.o(i.vTaskPlaceOnEventListRestricted)
    i.vTaskStartScheduler                    0x08004458   Section        0  tasks.o(i.vTaskStartScheduler)
    i.vTaskSuspendAll                        0x0800451c   Section        0  tasks.o(i.vTaskSuspendAll)
    i.vTaskSwitchContext                     0x0800452c   Section        0  tasks.o(i.vTaskSwitchContext)
    i.xPortStartScheduler                    0x080045e4   Section        0  port.o(i.xPortStartScheduler)
    i.xPortSysTickHandler                    0x08004730   Section        0  port.o(i.xPortSysTickHandler)
    i.xQueueGenericCreate                    0x08004764   Section        0  queue.o(i.xQueueGenericCreate)
    i.xQueueGenericReset                     0x080047f4   Section        0  queue.o(i.xQueueGenericReset)
    i.xQueueGenericSend                      0x080048f0   Section        0  queue.o(i.xQueueGenericSend)
    i.xQueueReceive                          0x08004ad4   Section        0  queue.o(i.xQueueReceive)
    i.xTaskCheckForTimeOut                   0x08004c54   Section        0  tasks.o(i.xTaskCheckForTimeOut)
    i.xTaskCreate                            0x08004d20   Section        0  tasks.o(i.xTaskCreate)
    i.xTaskGetSchedulerState                 0x08004d80   Section        0  tasks.o(i.xTaskGetSchedulerState)
    i.xTaskGetTickCount                      0x08004da0   Section        0  tasks.o(i.xTaskGetTickCount)
    i.xTaskIncrementTick                     0x08004dac   Section        0  tasks.o(i.xTaskIncrementTick)
    i.xTaskPriorityDisinherit                0x08004f94   Section        0  tasks.o(i.xTaskPriorityDisinherit)
    i.xTaskRemoveFromEventList               0x080050a4   Section        0  tasks.o(i.xTaskRemoveFromEventList)
    i.xTaskResumeAll                         0x080051f0   Section        0  tasks.o(i.xTaskResumeAll)
    i.xTimerCreateTimerTask                  0x08005390   Section        0  timers.o(i.xTimerCreateTimerTask)
    .constdata                               0x08005410   Section       24  system_stm32f1xx.o(.constdata)
    .data                                    0x20000000   Section        4  system_stm32f1xx.o(.data)
    .data                                    0x20000004   Section       36  freertos_demo.o(.data)
    .data                                    0x20000028   Section        2  delay.o(.data)
    g_fac_us                                 0x20000028   Data           2  delay.o(.data)
    .data                                    0x2000002c   Section        7  usart.o(.data)
    .data                                    0x20000034   Section        9  stm32f1xx_hal.o(.data)
    .data                                    0x2000003d   Section        1  adc.o(.data)
    .data                                    0x20000040   Section       12  atim.o(.data)
    .data                                    0x2000004c   Section       64  tasks.o(.data)
    pxDelayedTaskList                        0x20000050   Data           4  tasks.o(.data)
    pxOverflowDelayedTaskList                0x20000054   Data           4  tasks.o(.data)
    uxDeletedTasksWaitingCleanUp             0x20000058   Data           4  tasks.o(.data)
    uxCurrentNumberOfTasks                   0x2000005c   Data           4  tasks.o(.data)
    xTickCount                               0x20000060   Data           4  tasks.o(.data)
    uxTopReadyPriority                       0x20000064   Data           4  tasks.o(.data)
    xSchedulerRunning                        0x20000068   Data           4  tasks.o(.data)
    xPendedTicks                             0x2000006c   Data           4  tasks.o(.data)
    xYieldPending                            0x20000070   Data           4  tasks.o(.data)
    xNumOfOverflows                          0x20000074   Data           4  tasks.o(.data)
    uxTaskNumber                             0x20000078   Data           4  tasks.o(.data)
    xNextTaskUnblockTime                     0x2000007c   Data           4  tasks.o(.data)
    xIdleTaskHandle                          0x20000080   Data           4  tasks.o(.data)
    uxSchedulerSuspended                     0x20000088   Data           4  tasks.o(.data)
    .data                                    0x2000008c   Section       20  timers.o(.data)
    pxCurrentTimerList                       0x2000008c   Data           4  timers.o(.data)
    pxOverflowTimerList                      0x20000090   Data           4  timers.o(.data)
    xTimerQueue                              0x20000094   Data           4  timers.o(.data)
    xTimerTaskHandle                         0x20000098   Data           4  timers.o(.data)
    xLastTime                                0x2000009c   Data           4  timers.o(.data)
    .data                                    0x200000a0   Section       32  heap_4.o(.data)
    xStart                                   0x200000a0   Data           8  heap_4.o(.data)
    pxEnd                                    0x200000a8   Data           4  heap_4.o(.data)
    xFreeBytesRemaining                      0x200000ac   Data           4  heap_4.o(.data)
    xMinimumEverFreeBytesRemaining           0x200000b0   Data           4  heap_4.o(.data)
    xNumberOfSuccessfulAllocations           0x200000b4   Data           4  heap_4.o(.data)
    xNumberOfSuccessfulFrees                 0x200000b8   Data           4  heap_4.o(.data)
    xBlockAllocatedBit                       0x200000bc   Data           4  heap_4.o(.data)
    .data                                    0x200000c0   Section       12  port.o(.data)
    uxCriticalNesting                        0x200000c0   Data           4  port.o(.data)
    ucMaxSysCallPriority                     0x200000c4   Data           1  port.o(.data)
    ulMaxPRIGROUPValue                       0x200000c8   Data           4  port.o(.data)
    .bss                                     0x200000cc   Section       60  freertos_demo.o(.bss)
    .bss                                     0x20000108   Section      264  usart.o(.bss)
    .bss                                     0x20000210   Section      116  adc.o(.bss)
    .bss                                     0x20000284   Section      248  atim.o(.bss)
    g_timx_comp_pwm_handle                   0x20000284   Data          72  atim.o(.bss)
    g_timx_cplm_pwm_handle                   0x200002cc   Data          72  atim.o(.bss)
    sBreakDeadTimeConfig                     0x20000314   Data          32  atim.o(.bss)
    g_timx_pwmin_chy_handle                  0x20000334   Data          72  atim.o(.bss)
    .bss                                     0x2000037c   Section       64  queue.o(.bss)
    .bss                                     0x200003bc   Section      740  tasks.o(.bss)
    pxReadyTasksLists                        0x200003bc   Data         640  tasks.o(.bss)
    xDelayedTaskList1                        0x2000063c   Data          20  tasks.o(.bss)
    xDelayedTaskList2                        0x20000650   Data          20  tasks.o(.bss)
    xPendingReadyList                        0x20000664   Data          20  tasks.o(.bss)
    xTasksWaitingTermination                 0x20000678   Data          20  tasks.o(.bss)
    xSuspendedTaskList                       0x2000068c   Data          20  tasks.o(.bss)
    .bss                                     0x200006a0   Section       40  timers.o(.bss)
    xActiveTimerList1                        0x200006a0   Data          20  timers.o(.bss)
    xActiveTimerList2                        0x200006b4   Data          20  timers.o(.bss)
    .bss                                     0x200006c8   Section    10240  heap_4.o(.bss)
    ucHeap                                   0x200006c8   Data       10240  heap_4.o(.bss)
    .bss                                     0x20002ec8   Section       96  libspace.o(.bss)
    HEAP                                     0x20002f28   Section      512  startup_stm32f103xe.o(HEAP)
    Heap_Mem                                 0x20002f28   Data         512  startup_stm32f103xe.o(HEAP)
    STACK                                    0x20003128   Section     1024  startup_stm32f103xe.o(STACK)
    Stack_Mem                                0x20003128   Data        1024  startup_stm32f103xe.o(STACK)
    __initial_sp                             0x20003528   Data           0  startup_stm32f103xe.o(STACK)

    Global Symbols

    Symbol Name                              Value     Ov Type        Size  Object(Section)

    BuildAttributes$$THM_ISAv4$P$D$K$B$S$PE$A:L22UL41UL21$X:L11$S22US41US21$IEEE1$IW$USESV6$~STKCKD$USESV7$~SHL$OSPACE$ROPI$EBA8$UX$STANDARDLIB$REQ8$PRES8$EABIv2 0x00000000   Number         0  anon$$obj.o ABSOLUTE
    __ARM_use_no_argv                        0x00000000   Number         0  main.o ABSOLUTE
    __ARM_exceptions_init                     - Undefined Weak Reference
    __alloca_initialize                       - Undefined Weak Reference
    __arm_fini_                               - Undefined Weak Reference
    __arm_preinit_                            - Undefined Weak Reference
    __cpp_initialize__aeabi_                  - Undefined Weak Reference
    __cxa_finalize                            - Undefined Weak Reference
    __rt_locale                               - Undefined Weak Reference
    __sigvec_lookup                           - Undefined Weak Reference
    _atexit_init                              - Undefined Weak Reference
    _call_atexit_fns                          - Undefined Weak Reference
    _clock_init                               - Undefined Weak Reference
    _fp_trap_init                             - Undefined Weak Reference
    _fp_trap_shutdown                         - Undefined Weak Reference
    _get_lc_collate                           - Undefined Weak Reference
    _get_lc_ctype                             - Undefined Weak Reference
    _get_lc_monetary                          - Undefined Weak Reference
    _get_lc_numeric                           - Undefined Weak Reference
    _get_lc_time                              - Undefined Weak Reference
    _getenv_init                              - Undefined Weak Reference
    _handle_redirection                       - Undefined Weak Reference
    _init_alloc                               - Undefined Weak Reference
    _init_user_alloc                          - Undefined Weak Reference
    _initio                                   - Undefined Weak Reference
    _mutex_acquire                            - Undefined Weak Reference
    _mutex_release                            - Undefined Weak Reference
    _printf_mbtowc                            - Undefined Weak Reference
    _printf_post_padding                      - Undefined Weak Reference
    _printf_pre_padding                       - Undefined Weak Reference
    _printf_truncate_signed                   - Undefined Weak Reference
    _printf_truncate_unsigned                 - Undefined Weak Reference
    _rand_init                                - Undefined Weak Reference
    _signal_finish                            - Undefined Weak Reference
    _signal_init                              - Undefined Weak Reference
    _terminate_alloc                          - Undefined Weak Reference
    _terminate_user_alloc                     - Undefined Weak Reference
    _terminateio                              - Undefined Weak Reference
    __Vectors_Size                           0x00000130   Number         0  startup_stm32f103xe.o ABSOLUTE
    __Vectors                                0x08000000   Data           4  startup_stm32f103xe.o(RESET)
    __Vectors_End                            0x08000130   Data           0  startup_stm32f103xe.o(RESET)
    __main                                   0x08000131   Thumb Code     8  __main.o(!!!main)
    __scatterload                            0x08000139   Thumb Code     0  __scatter.o(!!!scatter)
    __scatterload_rt2                        0x08000139   Thumb Code    44  __scatter.o(!!!scatter)
    __scatterload_rt2_thumb_only             0x08000139   Thumb Code     0  __scatter.o(!!!scatter)
    __scatterload_null                       0x08000147   Thumb Code     0  __scatter.o(!!!scatter)
    __scatterload_copy                       0x0800016d   Thumb Code    26  __scatter_copy.o(!!handler_copy)
    __scatterload_zeroinit                   0x08000189   Thumb Code    28  __scatter_zi.o(!!handler_zi)
    _printf_d                                0x080001a5   Thumb Code     0  _printf_d.o(.ARM.Collect$$_printf_percent$$00000009)
    _printf_percent                          0x080001a5   Thumb Code     0  _printf_percent.o(.ARM.Collect$$_printf_percent$$00000000)
    _printf_s                                0x080001ab   Thumb Code     0  _printf_s.o(.ARM.Collect$$_printf_percent$$00000014)
    _printf_percent_end                      0x080001b1   Thumb Code     0  _printf_percent_end.o(.ARM.Collect$$_printf_percent$$00000017)
    __rt_lib_init                            0x080001b5   Thumb Code     0  libinit.o(.ARM.Collect$$libinit$$00000000)
    __rt_lib_init_alloca_1                   0x080001b7   Thumb Code     0  libinit2.o(.ARM.Collect$$libinit$$0000002E)
    __rt_lib_init_argv_1                     0x080001b7   Thumb Code     0  libinit2.o(.ARM.Collect$$libinit$$0000002C)
    __rt_lib_init_atexit_1                   0x080001b7   Thumb Code     0  libinit2.o(.ARM.Collect$$libinit$$0000001B)
    __rt_lib_init_clock_1                    0x080001b7   Thumb Code     0  libinit2.o(.ARM.Collect$$libinit$$00000021)
    __rt_lib_init_cpp_1                      0x080001b7   Thumb Code     0  libinit2.o(.ARM.Collect$$libinit$$00000032)
    __rt_lib_init_exceptions_1               0x080001b7   Thumb Code     0  libinit2.o(.ARM.Collect$$libinit$$00000030)
    __rt_lib_init_fp_1                       0x080001b7   Thumb Code     0  libinit2.o(.ARM.Collect$$libinit$$00000002)
    __rt_lib_init_fp_trap_1                  0x080001b7   Thumb Code     0  libinit2.o(.ARM.Collect$$libinit$$0000001F)
    __rt_lib_init_getenv_1                   0x080001b7   Thumb Code     0  libinit2.o(.ARM.Collect$$libinit$$00000023)
    __rt_lib_init_heap_1                     0x080001b7   Thumb Code     0  libinit2.o(.ARM.Collect$$libinit$$0000000A)
    __rt_lib_init_lc_collate_1               0x080001b7   Thumb Code     0  libinit2.o(.ARM.Collect$$libinit$$00000011)
    __rt_lib_init_lc_ctype_1                 0x080001b7   Thumb Code     0  libinit2.o(.ARM.Collect$$libinit$$00000013)
    __rt_lib_init_lc_monetary_1              0x080001b7   Thumb Code     0  libinit2.o(.ARM.Collect$$libinit$$00000015)
    __rt_lib_init_lc_numeric_1               0x080001b7   Thumb Code     0  libinit2.o(.ARM.Collect$$libinit$$00000017)
    __rt_lib_init_lc_time_1                  0x080001b7   Thumb Code     0  libinit2.o(.ARM.Collect$$libinit$$00000019)
    __rt_lib_init_preinit_1                  0x080001b7   Thumb Code     0  libinit2.o(.ARM.Collect$$libinit$$00000004)
    __rt_lib_init_rand_1                     0x080001b7   Thumb Code     0  libinit2.o(.ARM.Collect$$libinit$$0000000E)
    __rt_lib_init_return                     0x080001b7   Thumb Code     0  libinit2.o(.ARM.Collect$$libinit$$00000033)
    __rt_lib_init_signal_1                   0x080001b7   Thumb Code     0  libinit2.o(.ARM.Collect$$libinit$$0000001D)
    __rt_lib_init_stdio_1                    0x080001b7   Thumb Code     0  libinit2.o(.ARM.Collect$$libinit$$00000025)
    __rt_lib_init_user_alloc_1               0x080001b7   Thumb Code     0  libinit2.o(.ARM.Collect$$libinit$$0000000C)
    __rt_lib_shutdown                        0x080001b9   Thumb Code     0  libshutdown.o(.ARM.Collect$$libshutdown$$00000000)
    __rt_lib_shutdown_cpp_1                  0x080001bb   Thumb Code     0  libshutdown2.o(.ARM.Collect$$libshutdown$$00000004)
    __rt_lib_shutdown_fini_1                 0x080001bb   Thumb Code     0  libshutdown2.o(.ARM.Collect$$libshutdown$$00000002)
    __rt_lib_shutdown_fp_trap_1              0x080001bb   Thumb Code     0  libshutdown2.o(.ARM.Collect$$libshutdown$$00000009)
    __rt_lib_shutdown_heap_1                 0x080001bb   Thumb Code     0  libshutdown2.o(.ARM.Collect$$libshutdown$$00000011)
    __rt_lib_shutdown_return                 0x080001bb   Thumb Code     0  libshutdown2.o(.ARM.Collect$$libshutdown$$00000012)
    __rt_lib_shutdown_signal_1               0x080001bb   Thumb Code     0  libshutdown2.o(.ARM.Collect$$libshutdown$$0000000C)
    __rt_lib_shutdown_stdio_1                0x080001bb   Thumb Code     0  libshutdown2.o(.ARM.Collect$$libshutdown$$00000006)
    __rt_lib_shutdown_user_alloc_1           0x080001bb   Thumb Code     0  libshutdown2.o(.ARM.Collect$$libshutdown$$0000000E)
    __rt_entry                               0x080001bd   Thumb Code     0  __rtentry.o(.ARM.Collect$$rtentry$$00000000)
    __rt_entry_presh_1                       0x080001bd   Thumb Code     0  __rtentry2.o(.ARM.Collect$$rtentry$$00000002)
    __rt_entry_sh                            0x080001bd   Thumb Code     0  __rtentry4.o(.ARM.Collect$$rtentry$$00000004)
    __rt_entry_li                            0x080001c3   Thumb Code     0  __rtentry2.o(.ARM.Collect$$rtentry$$0000000A)
    __rt_entry_postsh_1                      0x080001c3   Thumb Code     0  __rtentry2.o(.ARM.Collect$$rtentry$$00000009)
    __rt_entry_main                          0x080001c7   Thumb Code     0  __rtentry2.o(.ARM.Collect$$rtentry$$0000000D)
    __rt_entry_postli_1                      0x080001c7   Thumb Code     0  __rtentry2.o(.ARM.Collect$$rtentry$$0000000C)
    __rt_exit                                0x080001cf   Thumb Code     0  rtexit.o(.ARM.Collect$$rtexit$$00000000)
    __rt_exit_ls                             0x080001d1   Thumb Code     0  rtexit2.o(.ARM.Collect$$rtexit$$00000003)
    __rt_exit_prels_1                        0x080001d1   Thumb Code     0  rtexit2.o(.ARM.Collect$$rtexit$$00000002)
    __rt_exit_exit                           0x080001d5   Thumb Code     0  rtexit2.o(.ARM.Collect$$rtexit$$00000004)
    SVC_Handler                              0x080001dd   Thumb Code    32  port.o(.emb_text)
    __asm___6_port_c_39a90d8d__prvStartFirstTask 0x08000201   Thumb Code    28  port.o(.emb_text)
    PendSV_Handler                           0x08000221   Thumb Code    72  port.o(.emb_text)
    vPortGetIPSR                             0x0800026d   Thumb Code     6  port.o(.emb_text)
    Reset_Handler                            0x08000275   Thumb Code     8  startup_stm32f103xe.o(.text)
    ADC1_2_IRQHandler                        0x0800028f   Thumb Code     0  startup_stm32f103xe.o(.text)
    ADC3_IRQHandler                          0x0800028f   Thumb Code     0  startup_stm32f103xe.o(.text)
    CAN1_RX1_IRQHandler                      0x0800028f   Thumb Code     0  startup_stm32f103xe.o(.text)
    CAN1_SCE_IRQHandler                      0x0800028f   Thumb Code     0  startup_stm32f103xe.o(.text)
    DMA1_Channel2_IRQHandler                 0x0800028f   Thumb Code     0  startup_stm32f103xe.o(.text)
    DMA1_Channel3_IRQHandler                 0x0800028f   Thumb Code     0  startup_stm32f103xe.o(.text)
    DMA1_Channel4_IRQHandler                 0x0800028f   Thumb Code     0  startup_stm32f103xe.o(.text)
    DMA1_Channel5_IRQHandler                 0x0800028f   Thumb Code     0  startup_stm32f103xe.o(.text)
    DMA1_Channel6_IRQHandler                 0x0800028f   Thumb Code     0  startup_stm32f103xe.o(.text)
    DMA1_Channel7_IRQHandler                 0x0800028f   Thumb Code     0  startup_stm32f103xe.o(.text)
    DMA2_Channel1_IRQHandler                 0x0800028f   Thumb Code     0  startup_stm32f103xe.o(.text)
    DMA2_Channel2_IRQHandler                 0x0800028f   Thumb Code     0  startup_stm32f103xe.o(.text)
    DMA2_Channel3_IRQHandler                 0x0800028f   Thumb Code     0  startup_stm32f103xe.o(.text)
    DMA2_Channel4_5_IRQHandler               0x0800028f   Thumb Code     0  startup_stm32f103xe.o(.text)
    EXTI0_IRQHandler                         0x0800028f   Thumb Code     0  startup_stm32f103xe.o(.text)
    EXTI15_10_IRQHandler                     0x0800028f   Thumb Code     0  startup_stm32f103xe.o(.text)
    EXTI1_IRQHandler                         0x0800028f   Thumb Code     0  startup_stm32f103xe.o(.text)
    EXTI2_IRQHandler                         0x0800028f   Thumb Code     0  startup_stm32f103xe.o(.text)
    EXTI9_5_IRQHandler                       0x0800028f   Thumb Code     0  startup_stm32f103xe.o(.text)
    FLASH_IRQHandler                         0x0800028f   Thumb Code     0  startup_stm32f103xe.o(.text)
    FSMC_IRQHandler                          0x0800028f   Thumb Code     0  startup_stm32f103xe.o(.text)
    I2C1_ER_IRQHandler                       0x0800028f   Thumb Code     0  startup_stm32f103xe.o(.text)
    I2C1_EV_IRQHandler                       0x0800028f   Thumb Code     0  startup_stm32f103xe.o(.text)
    I2C2_ER_IRQHandler                       0x0800028f   Thumb Code     0  startup_stm32f103xe.o(.text)
    I2C2_EV_IRQHandler                       0x0800028f   Thumb Code     0  startup_stm32f103xe.o(.text)
    PVD_IRQHandler                           0x0800028f   Thumb Code     0  startup_stm32f103xe.o(.text)
    RCC_IRQHandler                           0x0800028f   Thumb Code     0  startup_stm32f103xe.o(.text)
    RTC_Alarm_IRQHandler                     0x0800028f   Thumb Code     0  startup_stm32f103xe.o(.text)
    RTC_IRQHandler                           0x0800028f   Thumb Code     0  startup_stm32f103xe.o(.text)
    SDIO_IRQHandler                          0x0800028f   Thumb Code     0  startup_stm32f103xe.o(.text)
    SPI1_IRQHandler                          0x0800028f   Thumb Code     0  startup_stm32f103xe.o(.text)
    SPI2_IRQHandler                          0x0800028f   Thumb Code     0  startup_stm32f103xe.o(.text)
    SPI3_IRQHandler                          0x0800028f   Thumb Code     0  startup_stm32f103xe.o(.text)
    TAMPER_IRQHandler                        0x0800028f   Thumb Code     0  startup_stm32f103xe.o(.text)
    TIM1_BRK_IRQHandler                      0x0800028f   Thumb Code     0  startup_stm32f103xe.o(.text)
    TIM1_CC_IRQHandler                       0x0800028f   Thumb Code     0  startup_stm32f103xe.o(.text)
    TIM1_TRG_COM_IRQHandler                  0x0800028f   Thumb Code     0  startup_stm32f103xe.o(.text)
    TIM1_UP_IRQHandler                       0x0800028f   Thumb Code     0  startup_stm32f103xe.o(.text)
    TIM2_IRQHandler                          0x0800028f   Thumb Code     0  startup_stm32f103xe.o(.text)
    TIM3_IRQHandler                          0x0800028f   Thumb Code     0  startup_stm32f103xe.o(.text)
    TIM4_IRQHandler                          0x0800028f   Thumb Code     0  startup_stm32f103xe.o(.text)
    TIM5_IRQHandler                          0x0800028f   Thumb Code     0  startup_stm32f103xe.o(.text)
    TIM6_IRQHandler                          0x0800028f   Thumb Code     0  startup_stm32f103xe.o(.text)
    TIM7_IRQHandler                          0x0800028f   Thumb Code     0  startup_stm32f103xe.o(.text)
    TIM8_BRK_IRQHandler                      0x0800028f   Thumb Code     0  startup_stm32f103xe.o(.text)
    TIM8_TRG_COM_IRQHandler                  0x0800028f   Thumb Code     0  startup_stm32f103xe.o(.text)
    UART4_IRQHandler                         0x0800028f   Thumb Code     0  startup_stm32f103xe.o(.text)
    UART5_IRQHandler                         0x0800028f   Thumb Code     0  startup_stm32f103xe.o(.text)
    USART2_IRQHandler                        0x0800028f   Thumb Code     0  startup_stm32f103xe.o(.text)
    USART3_IRQHandler                        0x0800028f   Thumb Code     0  startup_stm32f103xe.o(.text)
    USBWakeUp_IRQHandler                     0x0800028f   Thumb Code     0  startup_stm32f103xe.o(.text)
    USB_HP_CAN1_TX_IRQHandler                0x0800028f   Thumb Code     0  startup_stm32f103xe.o(.text)
    USB_LP_CAN1_RX0_IRQHandler               0x0800028f   Thumb Code     0  startup_stm32f103xe.o(.text)
    WWDG_IRQHandler                          0x0800028f   Thumb Code     0  startup_stm32f103xe.o(.text)
    __user_initial_stackheap                 0x08000291   Thumb Code     0  startup_stm32f103xe.o(.text)
    __use_no_semihosting                     0x080002b5   Thumb Code     2  use_no_semi_2.o(.text)
    __2printf                                0x080002b9   Thumb Code    20  noretval__2printf.o(.text)
    __printf                                 0x080002d1   Thumb Code   104  __printf.o(.text)
    _printf_str                              0x08000339   Thumb Code    82  _printf_str.o(.text)
    _printf_int_dec                          0x0800038d   Thumb Code   104  _printf_dec.o(.text)
    __aeabi_memcpy                           0x08000405   Thumb Code     0  rt_memcpy_v6.o(.text)
    __rt_memcpy                              0x08000405   Thumb Code   138  rt_memcpy_v6.o(.text)
    _memcpy_lastbytes                        0x0800046b   Thumb Code     0  rt_memcpy_v6.o(.text)
    __aeabi_memset                           0x0800048f   Thumb Code    16  aeabi_memset.o(.text)
    __aeabi_memclr4                          0x0800049f   Thumb Code     0  rt_memclr_w.o(.text)
    __aeabi_memclr8                          0x0800049f   Thumb Code     0  rt_memclr_w.o(.text)
    __rt_memclr_w                            0x0800049f   Thumb Code    78  rt_memclr_w.o(.text)
    _memset_w                                0x080004a3   Thumb Code     0  rt_memclr_w.o(.text)
    __use_two_region_memory                  0x080004ed   Thumb Code     2  heapauxi.o(.text)
    __rt_heap_escrow$2region                 0x080004ef   Thumb Code     2  heapauxi.o(.text)
    __rt_heap_expand$2region                 0x080004f1   Thumb Code     2  heapauxi.o(.text)
    __semihosting$guard                      0x080004f3   Thumb Code     0  use_no_semi.o(.text)
    __use_no_semihosting_swi                 0x080004f3   Thumb Code     2  use_no_semi.o(.text)
    _printf_int_common                       0x080004f5   Thumb Code   178  _printf_intcommon.o(.text)
    _printf_char_common                      0x080005b3   Thumb Code    32  _printf_char_common.o(.text)
    _printf_cs_common                        0x080005d9   Thumb Code    20  _printf_char.o(.text)
    _printf_char                             0x080005ed   Thumb Code    16  _printf_char.o(.text)
    _printf_string                           0x080005fd   Thumb Code     8  _printf_char.o(.text)
    _printf_char_file                        0x08000605   Thumb Code    32  _printf_char_file.o(.text)
    __aeabi_memcpy4                          0x08000629   Thumb Code     0  rt_memcpy_w.o(.text)
    __aeabi_memcpy8                          0x08000629   Thumb Code     0  rt_memcpy_w.o(.text)
    __rt_memcpy_w                            0x08000629   Thumb Code   100  rt_memcpy_w.o(.text)
    _memcpy_lastbytes_aligned                0x08000671   Thumb Code     0  rt_memcpy_w.o(.text)
    __aeabi_memclr                           0x0800068d   Thumb Code     0  rt_memclr.o(.text)
    __rt_memclr                              0x0800068d   Thumb Code    68  rt_memclr.o(.text)
    _memset                                  0x08000691   Thumb Code     0  rt_memclr.o(.text)
    ferror                                   0x080006d1   Thumb Code     8  ferror.o(.text)
    __user_setup_stackheap                   0x080006d9   Thumb Code    74  sys_stackheap_outer.o(.text)
    exit                                     0x08000723   Thumb Code    18  exit.o(.text)
    __user_libspace                          0x08000735   Thumb Code     8  libspace.o(.text)
    __user_perproc_libspace                  0x08000735   Thumb Code     0  libspace.o(.text)
    __user_perthread_libspace                0x08000735   Thumb Code     0  libspace.o(.text)
    ADC_ConversionStop_Disable               0x0800073d   Thumb Code    82  stm32f1xx_hal_adc.o(i.ADC_ConversionStop_Disable)
    ADC_DMAConvCplt                          0x0800078f   Thumb Code    82  stm32f1xx_hal_adc.o(i.ADC_DMAConvCplt)
    ADC_DMAError                             0x080007e1   Thumb Code    30  stm32f1xx_hal_adc.o(i.ADC_DMAError)
    ADC_DMAHalfConvCplt                      0x080007ff   Thumb Code    14  stm32f1xx_hal_adc.o(i.ADC_DMAHalfConvCplt)
    ADC_Enable                               0x0800080d   Thumb Code   122  stm32f1xx_hal_adc.o(i.ADC_Enable)
    BusFault_Handler                         0x08000891   Thumb Code     4  stm32f1xx_it.o(i.BusFault_Handler)
    DMA1_Channel1_IRQHandler                 0x08000895   Thumb Code    34  adc.o(i.DMA1_Channel1_IRQHandler)
    DebugMon_Handler                         0x080008ed   Thumb Code     2  stm32f1xx_it.o(i.DebugMon_Handler)
    EXTI3_IRQHandler                         0x080008f1   Thumb Code    16  exti.o(i.EXTI3_IRQHandler)
    EXTI4_IRQHandler                         0x08000905   Thumb Code    16  exti.o(i.EXTI4_IRQHandler)
    HAL_ADCEx_Calibration_Start              0x08000919   Thumb Code   256  stm32f1xx_hal_adc_ex.o(i.HAL_ADCEx_Calibration_Start)
    HAL_ADC_ConfigChannel                    0x08000a1d   Thumb Code   338  stm32f1xx_hal_adc.o(i.HAL_ADC_ConfigChannel)
    HAL_ADC_ConvCpltCallback                 0x08000b7d   Thumb Code     2  stm32f1xx_hal_adc.o(i.HAL_ADC_ConvCpltCallback)
    HAL_ADC_ConvHalfCpltCallback             0x08000b7f   Thumb Code     2  stm32f1xx_hal_adc.o(i.HAL_ADC_ConvHalfCpltCallback)
    HAL_ADC_ErrorCallback                    0x08000b81   Thumb Code     2  stm32f1xx_hal_adc.o(i.HAL_ADC_ErrorCallback)
    HAL_ADC_Init                             0x08000b85   Thumb Code   340  stm32f1xx_hal_adc.o(i.HAL_ADC_Init)
    HAL_ADC_MspInit                          0x08000ce5   Thumb Code     2  stm32f1xx_hal_adc.o(i.HAL_ADC_MspInit)
    HAL_ADC_Start_DMA                        0x08000ce9   Thumb Code   362  stm32f1xx_hal_adc.o(i.HAL_ADC_Start_DMA)
    HAL_DMA_Abort_IT                         0x08000e69   Thumb Code   414  stm32f1xx_hal_dma.o(i.HAL_DMA_Abort_IT)
    HAL_DMA_Init                             0x08001011   Thumb Code   132  stm32f1xx_hal_dma.o(i.HAL_DMA_Init)
    HAL_DMA_Start_IT                         0x0800109d   Thumb Code   156  stm32f1xx_hal_dma.o(i.HAL_DMA_Start_IT)
    HAL_GPIO_EXTI_Callback                   0x08001139   Thumb Code    64  exti.o(i.HAL_GPIO_EXTI_Callback)
    HAL_GPIO_EXTI_IRQHandler                 0x08001181   Thumb Code    24  stm32f1xx_hal_gpio.o(i.HAL_GPIO_EXTI_IRQHandler)
    HAL_GPIO_Init                            0x0800119d   Thumb Code   792  stm32f1xx_hal_gpio.o(i.HAL_GPIO_Init)
    HAL_GPIO_ReadPin                         0x080014dd   Thumb Code    16  stm32f1xx_hal_gpio.o(i.HAL_GPIO_ReadPin)
    HAL_GPIO_TogglePin                       0x080014ed   Thumb Code    20  stm32f1xx_hal_gpio.o(i.HAL_GPIO_TogglePin)
    HAL_GPIO_WritePin                        0x08001501   Thumb Code    12  stm32f1xx_hal_gpio.o(i.HAL_GPIO_WritePin)
    HAL_GetTick                              0x0800150d   Thumb Code     6  stm32f1xx_hal.o(i.HAL_GetTick)
    HAL_IncTick                              0x08001519   Thumb Code    16  stm32f1xx_hal.o(i.HAL_IncTick)
    HAL_Init                                 0x08001531   Thumb Code    34  stm32f1xx_hal.o(i.HAL_Init)
    HAL_InitTick                             0x08001559   Thumb Code    64  stm32f1xx_hal.o(i.HAL_InitTick)
    HAL_MspInit                              0x080015a5   Thumb Code     2  stm32f1xx_hal.o(i.HAL_MspInit)
    HAL_NVIC_EnableIRQ                       0x080015a7   Thumb Code    32  stm32f1xx_hal_cortex.o(i.HAL_NVIC_EnableIRQ)
    HAL_NVIC_SetPriority                     0x080015c7   Thumb Code   124  stm32f1xx_hal_cortex.o(i.HAL_NVIC_SetPriority)
    HAL_NVIC_SetPriorityGrouping             0x08001645   Thumb Code    32  stm32f1xx_hal_cortex.o(i.HAL_NVIC_SetPriorityGrouping)
    HAL_RCCEx_GetPeriphCLKFreq               0x0800166d   Thumb Code   276  stm32f1xx_hal_rcc_ex.o(i.HAL_RCCEx_GetPeriphCLKFreq)
    HAL_RCCEx_PeriphCLKConfig                0x080017a1   Thumb Code   290  stm32f1xx_hal_rcc_ex.o(i.HAL_RCCEx_PeriphCLKConfig)
    HAL_RCC_ClockConfig                      0x080018d1   Thumb Code   376  stm32f1xx_hal_rcc.o(i.HAL_RCC_ClockConfig)
    HAL_RCC_GetHCLKFreq                      0x08001a5d   Thumb Code     6  stm32f1xx_hal_rcc.o(i.HAL_RCC_GetHCLKFreq)
    HAL_RCC_GetPCLK1Freq                     0x08001a69   Thumb Code    22  stm32f1xx_hal_rcc.o(i.HAL_RCC_GetPCLK1Freq)
    HAL_RCC_GetPCLK2Freq                     0x08001a89   Thumb Code    22  stm32f1xx_hal_rcc.o(i.HAL_RCC_GetPCLK2Freq)
    HAL_RCC_GetSysClockFreq                  0x08001aa9   Thumb Code   116  stm32f1xx_hal_rcc.o(i.HAL_RCC_GetSysClockFreq)
    HAL_RCC_OscConfig                        0x08001b3d   Thumb Code  1114  stm32f1xx_hal_rcc.o(i.HAL_RCC_OscConfig)
    HAL_SYSTICK_CLKSourceConfig              0x08001fa1   Thumb Code    40  stm32f1xx_hal_cortex.o(i.HAL_SYSTICK_CLKSourceConfig)
    HAL_SYSTICK_Config                       0x08001fc9   Thumb Code    52  stm32f1xx_hal_cortex.o(i.HAL_SYSTICK_Config)
    HAL_TIMEx_BreakCallback                  0x08001ffd   Thumb Code     2  stm32f1xx_hal_tim_ex.o(i.HAL_TIMEx_BreakCallback)
    HAL_TIMEx_CommutCallback                 0x08001fff   Thumb Code     2  stm32f1xx_hal_tim_ex.o(i.HAL_TIMEx_CommutCallback)
    HAL_TIM_IC_CaptureCallback               0x08002001   Thumb Code    52  atim.o(i.HAL_TIM_IC_CaptureCallback)
    HAL_TIM_IRQHandler                       0x08002045   Thumb Code   406  stm32f1xx_hal_tim.o(i.HAL_TIM_IRQHandler)
    HAL_TIM_OC_DelayElapsedCallback          0x080021db   Thumb Code     2  stm32f1xx_hal_tim.o(i.HAL_TIM_OC_DelayElapsedCallback)
    HAL_TIM_PWM_PulseFinishedCallback        0x080021dd   Thumb Code     2  stm32f1xx_hal_tim.o(i.HAL_TIM_PWM_PulseFinishedCallback)
    HAL_TIM_PeriodElapsedCallback            0x080021df   Thumb Code     2  stm32f1xx_hal_tim.o(i.HAL_TIM_PeriodElapsedCallback)
    HAL_TIM_ReadCapturedValue                0x080021e1   Thumb Code    50  stm32f1xx_hal_tim.o(i.HAL_TIM_ReadCapturedValue)
    HAL_TIM_TriggerCallback                  0x08002213   Thumb Code     2  stm32f1xx_hal_tim.o(i.HAL_TIM_TriggerCallback)
    HAL_UART_ErrorCallback                   0x08002215   Thumb Code     2  stm32f1xx_hal_uart.o(i.HAL_UART_ErrorCallback)
    HAL_UART_IRQHandler                      0x08002219   Thumb Code   334  stm32f1xx_hal_uart.o(i.HAL_UART_IRQHandler)
    HAL_UART_Init                            0x0800236d   Thumb Code   114  stm32f1xx_hal_uart.o(i.HAL_UART_Init)
    HAL_UART_MspInit                         0x080023e1   Thumb Code   152  usart.o(i.HAL_UART_MspInit)
    HAL_UART_Receive_IT                      0x08002485   Thumb Code   112  stm32f1xx_hal_uart.o(i.HAL_UART_Receive_IT)
    HAL_UART_RxCpltCallback                  0x080024f5   Thumb Code   134  usart.o(i.HAL_UART_RxCpltCallback)
    HAL_UART_TxCpltCallback                  0x08002591   Thumb Code     2  stm32f1xx_hal_uart.o(i.HAL_UART_TxCpltCallback)
    HardFault_Handler                        0x08002593   Thumb Code     4  stm32f1xx_it.o(i.HardFault_Handler)
    MemManage_Handler                        0x08002597   Thumb Code     4  stm32f1xx_it.o(i.MemManage_Handler)
    NMI_Handler                              0x0800259b   Thumb Code     2  stm32f1xx_it.o(i.NMI_Handler)
    SysTick_Handler                          0x080025c5   Thumb Code    20  delay.o(i.SysTick_Handler)
    SystemInit                               0x080025d9   Thumb Code     2  system_stm32f1xx.o(i.SystemInit)
    TIM8_CC_IRQHandler                       0x080025dd   Thumb Code    10  atim.o(i.TIM8_CC_IRQHandler)
    TIM8_UP_IRQHandler                       0x080025ed   Thumb Code    10  atim.o(i.TIM8_UP_IRQHandler)
    USART1_IRQHandler                        0x0800284d   Thumb Code    10  usart.o(i.USART1_IRQHandler)
    UsageFault_Handler                       0x0800285d   Thumb Code     4  stm32f1xx_it.o(i.UsageFault_Handler)
    _sys_exit                                0x08002899   Thumb Code     4  usart.o(i._sys_exit)
    adc_dma_enable                           0x0800289d   Thumb Code    76  adc.o(i.adc_dma_enable)
    adc_nch_dma_init                         0x080028f1   Thumb Code   336  adc.o(i.adc_nch_dma_init)
    delay_init                               0x08002a59   Thumb Code    74  delay.o(i.delay_init)
    delay_ms                                 0x08002aa9   Thumb Code    24  delay.o(i.delay_ms)
    delay_us                                 0x08002ac1   Thumb Code    68  delay.o(i.delay_us)
    exti_init                                0x08002b09   Thumb Code   142  exti.o(i.exti_init)
    fputc                                    0x08002ba5   Thumb Code    24  usart.o(i.fputc)
    freertos_demo                            0x08002bc1   Thumb Code   130  freertos_demo.o(i.freertos_demo)
    key_init                                 0x08002cdd   Thumb Code   118  key.o(i.key_init)
    led_init                                 0x08002d5d   Thumb Code   188  led.o(i.led_init)
    main                                     0x08002e21   Thumb Code    48  main.o(i.main)
    pvPortMalloc                             0x080039a9   Thumb Code   306  heap_4.o(i.pvPortMalloc)
    pxPortInitialiseStack                    0x08003b3d   Thumb Code    30  port.o(i.pxPortInitialiseStack)
    start_task                               0x08003b61   Thumb Code   102  freertos_demo.o(i.start_task)
    sys_stm32_clock_init                     0x08003c11   Thumb Code    86  sys.o(i.sys_stm32_clock_init)
    task1                                    0x08003c69   Thumb Code    94  freertos_demo.o(i.task1)
    task2                                    0x08003cd1   Thumb Code    12  freertos_demo.o(i.task2)
    task3                                    0x08003cdd   Thumb Code   188  freertos_demo.o(i.task3)
    test_task                                0x08003dd1   Thumb Code     2  freertos_demo.o(i.test_task)
    usart_init                               0x08003dd5   Thumb Code    60  usart.o(i.usart_init)
    uxListRemove                             0x08003e1d   Thumb Code    40  list.o(i.uxListRemove)
    vListInitialise                          0x08003e45   Thumb Code    26  list.o(i.vListInitialise)
    vListInitialiseItem                      0x08003e5f   Thumb Code     6  list.o(i.vListInitialiseItem)
    vListInsert                              0x08003e65   Thumb Code    52  list.o(i.vListInsert)
    vListInsertEnd                           0x08003e99   Thumb Code    24  list.o(i.vListInsertEnd)
    vPortEnterCritical                       0x08003eb1   Thumb Code    68  port.o(i.vPortEnterCritical)
    vPortExitCritical                        0x08003f45   Thumb Code    48  port.o(i.vPortExitCritical)
    vPortFree                                0x08003fc1   Thumb Code   130  heap_4.o(i.vPortFree)
    vPortSetupTimerInterrupt                 0x08004099   Thumb Code    38  port.o(i.vPortSetupTimerInterrupt)
    vQueueAddToRegistry                      0x080040c5   Thumb Code    84  queue.o(i.vQueueAddToRegistry)
    vQueueWaitForMessageRestricted           0x08004151   Thumb Code    74  queue.o(i.vQueueWaitForMessageRestricted)
    vTaskDelay                               0x0800419d   Thumb Code    72  tasks.o(i.vTaskDelay)
    vTaskDelete                              0x08004221   Thumb Code   200  tasks.o(i.vTaskDelete)
    vTaskInternalSetTimeOutState             0x08004345   Thumb Code    14  tasks.o(i.vTaskInternalSetTimeOutState)
    vTaskMissedYield                         0x0800435d   Thumb Code     8  tasks.o(i.vTaskMissedYield)
    vTaskPlaceOnEventList                    0x08004369   Thumb Code    42  tasks.o(i.vTaskPlaceOnEventList)
    vTaskPlaceOnEventListRestricted          0x080043cd   Thumb Code    84  tasks.o(i.vTaskPlaceOnEventListRestricted)
    vTaskStartScheduler                      0x08004459   Thumb Code   112  tasks.o(i.vTaskStartScheduler)
    vTaskSuspendAll                          0x0800451d   Thumb Code    12  tasks.o(i.vTaskSuspendAll)
    vTaskSwitchContext                       0x0800452d   Thumb Code   110  tasks.o(i.vTaskSwitchContext)
    xPortStartScheduler                      0x080045e5   Thumb Code   240  port.o(i.xPortStartScheduler)
    xPortSysTickHandler                      0x08004731   Thumb Code    46  port.o(i.xPortSysTickHandler)
    xQueueGenericCreate                      0x08004765   Thumb Code    92  queue.o(i.xQueueGenericCreate)
    xQueueGenericReset                       0x080047f5   Thumb Code   194  queue.o(i.xQueueGenericReset)
    xQueueGenericSend                        0x080048f1   Thumb Code   426  queue.o(i.xQueueGenericSend)
    xQueueReceive                            0x08004ad5   Thumb Code   326  queue.o(i.xQueueReceive)
    xTaskCheckForTimeOut                     0x08004c55   Thumb Code   140  tasks.o(i.xTaskCheckForTimeOut)
    xTaskCreate                              0x08004d21   Thumb Code    96  tasks.o(i.xTaskCreate)
    xTaskGetSchedulerState                   0x08004d81   Thumb Code    24  tasks.o(i.xTaskGetSchedulerState)
    xTaskGetTickCount                        0x08004da1   Thumb Code     6  tasks.o(i.xTaskGetTickCount)
    xTaskIncrementTick                       0x08004dad   Thumb Code   390  tasks.o(i.xTaskIncrementTick)
    xTaskPriorityDisinherit                  0x08004f95   Thumb Code   206  tasks.o(i.xTaskPriorityDisinherit)
    xTaskRemoveFromEventList                 0x080050a5   Thumb Code   254  tasks.o(i.xTaskRemoveFromEventList)
    xTaskResumeAll                           0x080051f1   Thumb Code   328  tasks.o(i.xTaskResumeAll)
    xTimerCreateTimerTask                    0x08005391   Thumb Code    56  timers.o(i.xTimerCreateTimerTask)
    AHBPrescTable                            0x08005410   Data          16  system_stm32f1xx.o(.constdata)
    APBPrescTable                            0x08005420   Data           8  system_stm32f1xx.o(.constdata)
    Region$$Table$$Base                      0x08005428   Number         0  anon$$obj.o(Region$$Table)
    Region$$Table$$Limit                     0x08005448   Number         0  anon$$obj.o(Region$$Table)
    SystemCoreClock                          0x20000000   Data           4  system_stm32f1xx.o(.data)
    StartTask_Handler                        0x20000004   Data           4  freertos_demo.o(.data)
    Task1Task_Handler                        0x20000008   Data           4  freertos_demo.o(.data)
    Task2Task_Handler                        0x2000000c   Data           4  freertos_demo.o(.data)
    Task3Task_Handler                        0x20000010   Data           4  freertos_demo.o(.data)
    Test_Task_Handler                        0x20000014   Data           4  freertos_demo.o(.data)
    work_flag                                0x20000018   Data           1  freertos_demo.o(.data)
    AD0_queue                                0x2000001c   Data           4  freertos_demo.o(.data)
    AD1_queue                                0x20000020   Data           4  freertos_demo.o(.data)
    AD2_queue                                0x20000024   Data           4  freertos_demo.o(.data)
    __stdout                                 0x2000002c   Data           4  usart.o(.data)
    g_usart_rx_sta                           0x20000030   Data           2  usart.o(.data)
    aRxBuffer                                0x20000032   Data           1  usart.o(.data)
    uwTick                                   0x20000034   Data           4  stm32f1xx_hal.o(.data)
    uwTickPrio                               0x20000038   Data           4  stm32f1xx_hal.o(.data)
    uwTickFreq                               0x2000003c   Data           1  stm32f1xx_hal.o(.data)
    g_adc_dma_sta                            0x2000003d   Data           1  adc.o(.data)
    g_timxchy_pwmin_sta                      0x20000040   Data           1  atim.o(.data)
    g_timxchy_pwmin_psc                      0x20000042   Data           2  atim.o(.data)
    g_timxchy_pwmin_hval                     0x20000044   Data           4  atim.o(.data)
    g_timxchy_pwmin_cval                     0x20000048   Data           4  atim.o(.data)
    pxCurrentTCB                             0x2000004c   Data           4  tasks.o(.data)
    uxTopUsedPriority                        0x20000084   Data           4  tasks.o(.data)
    g_adc_dma_buf                            0x200000cc   Data          60  freertos_demo.o(.bss)
    g_usart_rx_buf                           0x20000108   Data         200  usart.o(.bss)
    uartx_handler                            0x200001d0   Data          64  usart.o(.bss)
    g_dma_nch_adc_handle                     0x20000210   Data          68  adc.o(.bss)
    g_adc_nch_dma_handle                     0x20000254   Data          48  adc.o(.bss)
    xQueueRegistry                           0x2000037c   Data          64  queue.o(.bss)
    __libspace_start                         0x20002ec8   Data          96  libspace.o(.bss)
    __temporary_stack_top$libspace           0x20002f28   Data           0  libspace.o(.bss)



==============================================================================

Memory Map of the image

  Image Entry point : 0x08000131

  Load Region LR_IROM1 (Base: 0x08000000, Size: 0x00005514, Max: 0x00040000, ABSOLUTE)

    Execution Region ER_IROM1 (Exec base: 0x08000000, Load base: 0x08000000, Size: 0x00005448, Max: 0x00040000, ABSOLUTE)

    Exec Addr    Load Addr    Size         Type   Attr      Idx    E Section Name        Object

    0x08000000   0x08000000   0x00000130   Data   RO            3    RESET               startup_stm32f103xe.o
    0x08000130   0x08000130   0x00000008   Code   RO         5416  * !!!main             c_w.l(__main.o)
    0x08000138   0x08000138   0x00000034   Code   RO         5616    !!!scatter          c_w.l(__scatter.o)
    0x0800016c   0x0800016c   0x0000001a   Code   RO         5618    !!handler_copy      c_w.l(__scatter_copy.o)
    0x08000186   0x08000186   0x00000002   PAD
    0x08000188   0x08000188   0x0000001c   Code   RO         5620    !!handler_zi        c_w.l(__scatter_zi.o)
    0x080001a4   0x080001a4   0x00000000   Code   RO         5401    .ARM.Collect$$_printf_percent$$00000000  c_w.l(_printf_percent.o)
    0x080001a4   0x080001a4   0x00000006   Code   RO         5399    .ARM.Collect$$_printf_percent$$00000009  c_w.l(_printf_d.o)
    0x080001aa   0x080001aa   0x00000006   Code   RO         5398    .ARM.Collect$$_printf_percent$$00000014  c_w.l(_printf_s.o)
    0x080001b0   0x080001b0   0x00000004   Code   RO         5449    .ARM.Collect$$_printf_percent$$00000017  c_w.l(_printf_percent_end.o)
    0x080001b4   0x080001b4   0x00000002   Code   RO         5493    .ARM.Collect$$libinit$$00000000  c_w.l(libinit.o)
    0x080001b6   0x080001b6   0x00000000   Code   RO         5500    .ARM.Collect$$libinit$$00000002  c_w.l(libinit2.o)
    0x080001b6   0x080001b6   0x00000000   Code   RO         5502    .ARM.Collect$$libinit$$00000004  c_w.l(libinit2.o)
    0x080001b6   0x080001b6   0x00000000   Code   RO         5505    .ARM.Collect$$libinit$$0000000A  c_w.l(libinit2.o)
    0x080001b6   0x080001b6   0x00000000   Code   RO         5507    .ARM.Collect$$libinit$$0000000C  c_w.l(libinit2.o)
    0x080001b6   0x080001b6   0x00000000   Code   RO         5509    .ARM.Collect$$libinit$$0000000E  c_w.l(libinit2.o)
    0x080001b6   0x080001b6   0x00000000   Code   RO         5512    .ARM.Collect$$libinit$$00000011  c_w.l(libinit2.o)
    0x080001b6   0x080001b6   0x00000000   Code   RO         5514    .ARM.Collect$$libinit$$00000013  c_w.l(libinit2.o)
    0x080001b6   0x080001b6   0x00000000   Code   RO         5516    .ARM.Collect$$libinit$$00000015  c_w.l(libinit2.o)
    0x080001b6   0x080001b6   0x00000000   Code   RO         5518    .ARM.Collect$$libinit$$00000017  c_w.l(libinit2.o)
    0x080001b6   0x080001b6   0x00000000   Code   RO         5520    .ARM.Collect$$libinit$$00000019  c_w.l(libinit2.o)
    0x080001b6   0x080001b6   0x00000000   Code   RO         5522    .ARM.Collect$$libinit$$0000001B  c_w.l(libinit2.o)
    0x080001b6   0x080001b6   0x00000000   Code   RO         5524    .ARM.Collect$$libinit$$0000001D  c_w.l(libinit2.o)
    0x080001b6   0x080001b6   0x00000000   Code   RO         5526    .ARM.Collect$$libinit$$0000001F  c_w.l(libinit2.o)
    0x080001b6   0x080001b6   0x00000000   Code   RO         5528    .ARM.Collect$$libinit$$00000021  c_w.l(libinit2.o)
    0x080001b6   0x080001b6   0x00000000   Code   RO         5530    .ARM.Collect$$libinit$$00000023  c_w.l(libinit2.o)
    0x080001b6   0x080001b6   0x00000000   Code   RO         5532    .ARM.Collect$$libinit$$00000025  c_w.l(libinit2.o)
    0x080001b6   0x080001b6   0x00000000   Code   RO         5536    .ARM.Collect$$libinit$$0000002C  c_w.l(libinit2.o)
    0x080001b6   0x080001b6   0x00000000   Code   RO         5538    .ARM.Collect$$libinit$$0000002E  c_w.l(libinit2.o)
    0x080001b6   0x080001b6   0x00000000   Code   RO         5540    .ARM.Collect$$libinit$$00000030  c_w.l(libinit2.o)
    0x080001b6   0x080001b6   0x00000000   Code   RO         5542    .ARM.Collect$$libinit$$00000032  c_w.l(libinit2.o)
    0x080001b6   0x080001b6   0x00000002   Code   RO         5543    .ARM.Collect$$libinit$$00000033  c_w.l(libinit2.o)
    0x080001b8   0x080001b8   0x00000002   Code   RO         5561    .ARM.Collect$$libshutdown$$00000000  c_w.l(libshutdown.o)
    0x080001ba   0x080001ba   0x00000000   Code   RO         5569    .ARM.Collect$$libshutdown$$00000002  c_w.l(libshutdown2.o)
    0x080001ba   0x080001ba   0x00000000   Code   RO         5571    .ARM.Collect$$libshutdown$$00000004  c_w.l(libshutdown2.o)
    0x080001ba   0x080001ba   0x00000000   Code   RO         5573    .ARM.Collect$$libshutdown$$00000006  c_w.l(libshutdown2.o)
    0x080001ba   0x080001ba   0x00000000   Code   RO         5576    .ARM.Collect$$libshutdown$$00000009  c_w.l(libshutdown2.o)
    0x080001ba   0x080001ba   0x00000000   Code   RO         5579    .ARM.Collect$$libshutdown$$0000000C  c_w.l(libshutdown2.o)
    0x080001ba   0x080001ba   0x00000000   Code   RO         5581    .ARM.Collect$$libshutdown$$0000000E  c_w.l(libshutdown2.o)
    0x080001ba   0x080001ba   0x00000000   Code   RO         5584    .ARM.Collect$$libshutdown$$00000011  c_w.l(libshutdown2.o)
    0x080001ba   0x080001ba   0x00000002   Code   RO         5585    .ARM.Collect$$libshutdown$$00000012  c_w.l(libshutdown2.o)
    0x080001bc   0x080001bc   0x00000000   Code   RO         5438    .ARM.Collect$$rtentry$$00000000  c_w.l(__rtentry.o)
    0x080001bc   0x080001bc   0x00000000   Code   RO         5464    .ARM.Collect$$rtentry$$00000002  c_w.l(__rtentry2.o)
    0x080001bc   0x080001bc   0x00000006   Code   RO         5476    .ARM.Collect$$rtentry$$00000004  c_w.l(__rtentry4.o)
    0x080001c2   0x080001c2   0x00000000   Code   RO         5466    .ARM.Collect$$rtentry$$00000009  c_w.l(__rtentry2.o)
    0x080001c2   0x080001c2   0x00000004   Code   RO         5467    .ARM.Collect$$rtentry$$0000000A  c_w.l(__rtentry2.o)
    0x080001c6   0x080001c6   0x00000000   Code   RO         5469    .ARM.Collect$$rtentry$$0000000C  c_w.l(__rtentry2.o)
    0x080001c6   0x080001c6   0x00000008   Code   RO         5470    .ARM.Collect$$rtentry$$0000000D  c_w.l(__rtentry2.o)
    0x080001ce   0x080001ce   0x00000002   Code   RO         5497    .ARM.Collect$$rtexit$$00000000  c_w.l(rtexit.o)
    0x080001d0   0x080001d0   0x00000000   Code   RO         5545    .ARM.Collect$$rtexit$$00000002  c_w.l(rtexit2.o)
    0x080001d0   0x080001d0   0x00000004   Code   RO         5546    .ARM.Collect$$rtexit$$00000003  c_w.l(rtexit2.o)
    0x080001d4   0x080001d4   0x00000006   Code   RO         5547    .ARM.Collect$$rtexit$$00000004  c_w.l(rtexit2.o)
    0x080001da   0x080001da   0x00000002   PAD
    0x080001dc   0x080001dc   0x00000096   Code   RO         5273    .emb_text           port.o
    0x08000272   0x08000272   0x00000002   PAD
    0x08000274   0x08000274   0x00000040   Code   RO            4    .text               startup_stm32f103xe.o
    0x080002b4   0x080002b4   0x00000002   Code   RO         5361    .text               c_w.l(use_no_semi_2.o)
    0x080002b6   0x080002b6   0x00000002   PAD
    0x080002b8   0x080002b8   0x00000018   Code   RO         5367    .text               c_w.l(noretval__2printf.o)
    0x080002d0   0x080002d0   0x00000068   Code   RO         5371    .text               c_w.l(__printf.o)
    0x08000338   0x08000338   0x00000052   Code   RO         5373    .text               c_w.l(_printf_str.o)
    0x0800038a   0x0800038a   0x00000002   PAD
    0x0800038c   0x0800038c   0x00000078   Code   RO         5375    .text               c_w.l(_printf_dec.o)
    0x08000404   0x08000404   0x0000008a   Code   RO         5406    .text               c_w.l(rt_memcpy_v6.o)
    0x0800048e   0x0800048e   0x00000010   Code   RO         5410    .text               c_w.l(aeabi_memset.o)
    0x0800049e   0x0800049e   0x0000004e   Code   RO         5412    .text               c_w.l(rt_memclr_w.o)
    0x080004ec   0x080004ec   0x00000006   Code   RO         5414    .text               c_w.l(heapauxi.o)
    0x080004f2   0x080004f2   0x00000002   Code   RO         5436    .text               c_w.l(use_no_semi.o)
    0x080004f4   0x080004f4   0x000000b2   Code   RO         5439    .text               c_w.l(_printf_intcommon.o)
    0x080005a6   0x080005a6   0x00000002   PAD
    0x080005a8   0x080005a8   0x00000030   Code   RO         5441    .text               c_w.l(_printf_char_common.o)
    0x080005d8   0x080005d8   0x0000002c   Code   RO         5445    .text               c_w.l(_printf_char.o)
    0x08000604   0x08000604   0x00000024   Code   RO         5447    .text               c_w.l(_printf_char_file.o)
    0x08000628   0x08000628   0x00000064   Code   RO         5450    .text               c_w.l(rt_memcpy_w.o)
    0x0800068c   0x0800068c   0x00000044   Code   RO         5452    .text               c_w.l(rt_memclr.o)
    0x080006d0   0x080006d0   0x00000008   Code   RO         5480    .text               c_w.l(ferror.o)
    0x080006d8   0x080006d8   0x0000004a   Code   RO         5484    .text               c_w.l(sys_stackheap_outer.o)
    0x08000722   0x08000722   0x00000012   Code   RO         5486    .text               c_w.l(exit.o)
    0x08000734   0x08000734   0x00000008   Code   RO         5494    .text               c_w.l(libspace.o)
    0x0800073c   0x0800073c   0x00000052   Code   RO         3263    i.ADC_ConversionStop_Disable  stm32f1xx_hal_adc.o
    0x0800078e   0x0800078e   0x00000052   Code   RO         3264    i.ADC_DMAConvCplt   stm32f1xx_hal_adc.o
    0x080007e0   0x080007e0   0x0000001e   Code   RO         3265    i.ADC_DMAError      stm32f1xx_hal_adc.o
    0x080007fe   0x080007fe   0x0000000e   Code   RO         3266    i.ADC_DMAHalfConvCplt  stm32f1xx_hal_adc.o
    0x0800080c   0x0800080c   0x00000084   Code   RO         3267    i.ADC_Enable        stm32f1xx_hal_adc.o
    0x08000890   0x08000890   0x00000004   Code   RO          279    i.BusFault_Handler  stm32f1xx_it.o
    0x08000894   0x08000894   0x0000002c   Code   RO         3611    i.DMA1_Channel1_IRQHandler  adc.o
    0x080008c0   0x080008c0   0x0000002c   Code   RO         1217    i.DMA_SetConfig     stm32f1xx_hal_dma.o
    0x080008ec   0x080008ec   0x00000002   Code   RO          280    i.DebugMon_Handler  stm32f1xx_it.o
    0x080008ee   0x080008ee   0x00000002   PAD
    0x080008f0   0x080008f0   0x00000014   Code   RO         3844    i.EXTI3_IRQHandler  exti.o
    0x08000904   0x08000904   0x00000014   Code   RO         3845    i.EXTI4_IRQHandler  exti.o
    0x08000918   0x08000918   0x00000104   Code   RO         3447    i.HAL_ADCEx_Calibration_Start  stm32f1xx_hal_adc_ex.o
    0x08000a1c   0x08000a1c   0x00000160   Code   RO         3269    i.HAL_ADC_ConfigChannel  stm32f1xx_hal_adc.o
    0x08000b7c   0x08000b7c   0x00000002   Code   RO         3270    i.HAL_ADC_ConvCpltCallback  stm32f1xx_hal_adc.o
    0x08000b7e   0x08000b7e   0x00000002   Code   RO         3271    i.HAL_ADC_ConvHalfCpltCallback  stm32f1xx_hal_adc.o
    0x08000b80   0x08000b80   0x00000002   Code   RO         3273    i.HAL_ADC_ErrorCallback  stm32f1xx_hal_adc.o
    0x08000b82   0x08000b82   0x00000002   PAD
    0x08000b84   0x08000b84   0x00000160   Code   RO         3278    i.HAL_ADC_Init      stm32f1xx_hal_adc.o
    0x08000ce4   0x08000ce4   0x00000002   Code   RO         3281    i.HAL_ADC_MspInit   stm32f1xx_hal_adc.o
    0x08000ce6   0x08000ce6   0x00000002   PAD
    0x08000ce8   0x08000ce8   0x00000180   Code   RO         3285    i.HAL_ADC_Start_DMA  stm32f1xx_hal_adc.o
    0x08000e68   0x08000e68   0x000001a8   Code   RO         1219    i.HAL_DMA_Abort_IT  stm32f1xx_hal_dma.o
    0x08001010   0x08001010   0x0000008c   Code   RO         1224    i.HAL_DMA_Init      stm32f1xx_hal_dma.o
    0x0800109c   0x0800109c   0x0000009c   Code   RO         1228    i.HAL_DMA_Start_IT  stm32f1xx_hal_dma.o
    0x08001138   0x08001138   0x00000048   Code   RO         3846    i.HAL_GPIO_EXTI_Callback  exti.o
    0x08001180   0x08001180   0x0000001c   Code   RO         1314    i.HAL_GPIO_EXTI_IRQHandler  stm32f1xx_hal_gpio.o
    0x0800119c   0x0800119c   0x00000340   Code   RO         1315    i.HAL_GPIO_Init     stm32f1xx_hal_gpio.o
    0x080014dc   0x080014dc   0x00000010   Code   RO         1317    i.HAL_GPIO_ReadPin  stm32f1xx_hal_gpio.o
    0x080014ec   0x080014ec   0x00000014   Code   RO         1318    i.HAL_GPIO_TogglePin  stm32f1xx_hal_gpio.o
    0x08001500   0x08001500   0x0000000c   Code   RO         1319    i.HAL_GPIO_WritePin  stm32f1xx_hal_gpio.o
    0x0800150c   0x0800150c   0x0000000c   Code   RO          768    i.HAL_GetTick       stm32f1xx_hal.o
    0x08001518   0x08001518   0x00000018   Code   RO          774    i.HAL_IncTick       stm32f1xx_hal.o
    0x08001530   0x08001530   0x00000028   Code   RO          775    i.HAL_Init          stm32f1xx_hal.o
    0x08001558   0x08001558   0x0000004c   Code   RO          776    i.HAL_InitTick      stm32f1xx_hal.o
    0x080015a4   0x080015a4   0x00000002   Code   RO          778    i.HAL_MspInit       stm32f1xx_hal.o
    0x080015a6   0x080015a6   0x00000020   Code   RO          933    i.HAL_NVIC_EnableIRQ  stm32f1xx_hal_cortex.o
    0x080015c6   0x080015c6   0x0000007c   Code   RO          939    i.HAL_NVIC_SetPriority  stm32f1xx_hal_cortex.o
    0x08001642   0x08001642   0x00000002   PAD
    0x08001644   0x08001644   0x00000028   Code   RO          940    i.HAL_NVIC_SetPriorityGrouping  stm32f1xx_hal_cortex.o
    0x0800166c   0x0800166c   0x00000134   Code   RO         1647    i.HAL_RCCEx_GetPeriphCLKFreq  stm32f1xx_hal_rcc_ex.o
    0x080017a0   0x080017a0   0x00000130   Code   RO         1648    i.HAL_RCCEx_PeriphCLKConfig  stm32f1xx_hal_rcc_ex.o
    0x080018d0   0x080018d0   0x0000018c   Code   RO         1540    i.HAL_RCC_ClockConfig  stm32f1xx_hal_rcc.o
    0x08001a5c   0x08001a5c   0x0000000c   Code   RO         1545    i.HAL_RCC_GetHCLKFreq  stm32f1xx_hal_rcc.o
    0x08001a68   0x08001a68   0x00000020   Code   RO         1547    i.HAL_RCC_GetPCLK1Freq  stm32f1xx_hal_rcc.o
    0x08001a88   0x08001a88   0x00000020   Code   RO         1548    i.HAL_RCC_GetPCLK2Freq  stm32f1xx_hal_rcc.o
    0x08001aa8   0x08001aa8   0x00000094   Code   RO         1549    i.HAL_RCC_GetSysClockFreq  stm32f1xx_hal_rcc.o
    0x08001b3c   0x08001b3c   0x00000464   Code   RO         1552    i.HAL_RCC_OscConfig  stm32f1xx_hal_rcc.o
    0x08001fa0   0x08001fa0   0x00000028   Code   RO          942    i.HAL_SYSTICK_CLKSourceConfig  stm32f1xx_hal_cortex.o
    0x08001fc8   0x08001fc8   0x00000034   Code   RO          944    i.HAL_SYSTICK_Config  stm32f1xx_hal_cortex.o
    0x08001ffc   0x08001ffc   0x00000002   Code   RO         2996    i.HAL_TIMEx_BreakCallback  stm32f1xx_hal_tim_ex.o
    0x08001ffe   0x08001ffe   0x00000002   Code   RO         2997    i.HAL_TIMEx_CommutCallback  stm32f1xx_hal_tim_ex.o
    0x08002000   0x08002000   0x00000044   Code   RO         3765    i.HAL_TIM_IC_CaptureCallback  atim.o
    0x08002044   0x08002044   0x00000196   Code   RO         2329    i.HAL_TIM_IRQHandler  stm32f1xx_hal_tim.o
    0x080021da   0x080021da   0x00000002   Code   RO         2332    i.HAL_TIM_OC_DelayElapsedCallback  stm32f1xx_hal_tim.o
    0x080021dc   0x080021dc   0x00000002   Code   RO         2359    i.HAL_TIM_PWM_PulseFinishedCallback  stm32f1xx_hal_tim.o
    0x080021de   0x080021de   0x00000002   Code   RO         2367    i.HAL_TIM_PeriodElapsedCallback  stm32f1xx_hal_tim.o
    0x080021e0   0x080021e0   0x00000032   Code   RO         2369    i.HAL_TIM_ReadCapturedValue  stm32f1xx_hal_tim.o
    0x08002212   0x08002212   0x00000002   Code   RO         2372    i.HAL_TIM_TriggerCallback  stm32f1xx_hal_tim.o
    0x08002214   0x08002214   0x00000002   Code   RO         1703    i.HAL_UART_ErrorCallback  stm32f1xx_hal_uart.o
    0x08002216   0x08002216   0x00000002   PAD
    0x08002218   0x08002218   0x00000154   Code   RO         1706    i.HAL_UART_IRQHandler  stm32f1xx_hal_uart.o
    0x0800236c   0x0800236c   0x00000072   Code   RO         1707    i.HAL_UART_Init     stm32f1xx_hal_uart.o
    0x080023de   0x080023de   0x00000002   PAD
    0x080023e0   0x080023e0   0x000000a4   Code   RO          680    i.HAL_UART_MspInit  usart.o
    0x08002484   0x08002484   0x00000070   Code   RO         1712    i.HAL_UART_Receive_IT  stm32f1xx_hal_uart.o
    0x080024f4   0x080024f4   0x0000009c   Code   RO          681    i.HAL_UART_RxCpltCallback  usart.o
    0x08002590   0x08002590   0x00000002   Code   RO         1718    i.HAL_UART_TxCpltCallback  stm32f1xx_hal_uart.o
    0x08002592   0x08002592   0x00000004   Code   RO          281    i.HardFault_Handler  stm32f1xx_it.o
    0x08002596   0x08002596   0x00000004   Code   RO          282    i.MemManage_Handler  stm32f1xx_it.o
    0x0800259a   0x0800259a   0x00000002   Code   RO          283    i.NMI_Handler       stm32f1xx_it.o
    0x0800259c   0x0800259c   0x00000028   Code   RO         1553    i.RCC_Delay         stm32f1xx_hal_rcc.o
    0x080025c4   0x080025c4   0x00000014   Code   RO          563    i.SysTick_Handler   delay.o
    0x080025d8   0x080025d8   0x00000002   Code   RO          243    i.SystemInit        system_stm32f1xx.o
    0x080025da   0x080025da   0x00000002   PAD
    0x080025dc   0x080025dc   0x00000010   Code   RO         3767    i.TIM8_CC_IRQHandler  atim.o
    0x080025ec   0x080025ec   0x00000010   Code   RO         3768    i.TIM8_UP_IRQHandler  atim.o
    0x080025fc   0x080025fc   0x00000014   Code   RO         1720    i.UART_DMAAbortOnError  stm32f1xx_hal_uart.o
    0x08002610   0x08002610   0x00000020   Code   RO         1730    i.UART_EndRxTransfer  stm32f1xx_hal_uart.o
    0x08002630   0x08002630   0x00000020   Code   RO         1731    i.UART_EndTransmit_IT  stm32f1xx_hal_uart.o
    0x08002650   0x08002650   0x000000a0   Code   RO         1733    i.UART_Receive_IT   stm32f1xx_hal_uart.o
    0x080026f0   0x080026f0   0x000000fc   Code   RO         1734    i.UART_SetConfig    stm32f1xx_hal_uart.o
    0x080027ec   0x080027ec   0x00000060   Code   RO         1735    i.UART_Transmit_IT  stm32f1xx_hal_uart.o
    0x0800284c   0x0800284c   0x00000010   Code   RO          682    i.USART1_IRQHandler  usart.o
    0x0800285c   0x0800285c   0x00000004   Code   RO          284    i.UsageFault_Handler  stm32f1xx_it.o
    0x08002860   0x08002860   0x00000010   Code   RO          946    i.__NVIC_GetPriorityGrouping  stm32f1xx_hal_cortex.o
    0x08002870   0x08002870   0x00000028   Code   RO          947    i.__NVIC_SetPriority  stm32f1xx_hal_cortex.o
    0x08002898   0x08002898   0x00000004   Code   RO          684    i._sys_exit         usart.o
    0x0800289c   0x0800289c   0x00000054   Code   RO         3612    i.adc_dma_enable    adc.o
    0x080028f0   0x080028f0   0x00000168   Code   RO         3613    i.adc_nch_dma_init  adc.o
    0x08002a58   0x08002a58   0x00000050   Code   RO          564    i.delay_init        delay.o
    0x08002aa8   0x08002aa8   0x00000018   Code   RO          565    i.delay_ms          delay.o
    0x08002ac0   0x08002ac0   0x00000048   Code   RO          566    i.delay_us          delay.o
    0x08002b08   0x08002b08   0x0000009c   Code   RO         3847    i.exti_init         exti.o
    0x08002ba4   0x08002ba4   0x0000001c   Code   RO          686    i.fputc             usart.o
    0x08002bc0   0x08002bc0   0x0000011c   Code   RO          464    i.freertos_demo     freertos_demo.o
    0x08002cdc   0x08002cdc   0x00000080   Code   RO         3573    i.key_init          key.o
    0x08002d5c   0x08002d5c   0x000000c4   Code   RO         3543    i.led_init          led.o
    0x08002e20   0x08002e20   0x00000030   Code   RO           13    i.main              main.o
    0x08002e50   0x08002e50   0x000000cc   Code   RO         4607    i.prvAddCurrentTaskToDelayedList  tasks.o
    0x08002f1c   0x08002f1c   0x000000ec   Code   RO         4608    i.prvAddNewTaskToReadyList  tasks.o
    0x08003008   0x08003008   0x00000064   Code   RO         5032    i.prvCheckForValidListAndQueue  timers.o
    0x0800306c   0x0800306c   0x00000048   Code   RO         4609    i.prvCheckTasksWaitingTermination  tasks.o
    0x080030b4   0x080030b4   0x0000002a   Code   RO         4167    i.prvCopyDataFromQueue  queue.o
    0x080030de   0x080030de   0x0000007e   Code   RO         4168    i.prvCopyDataToQueue  queue.o
    0x0800315c   0x0800315c   0x00000012   Code   RO         4610    i.prvDeleteTCB      tasks.o
    0x0800316e   0x0800316e   0x00000002   PAD
    0x08003170   0x08003170   0x00000028   Code   RO         5033    i.prvGetNextExpireTime  timers.o
    0x08003198   0x08003198   0x0000007c   Code   RO         5206    i.prvHeapInit       heap_4.o
    0x08003214   0x08003214   0x00000028   Code   RO         4611    i.prvIdleTask       tasks.o
    0x0800323c   0x0800323c   0x0000002e   Code   RO         4171    i.prvInitialiseNewQueue  queue.o
    0x0800326a   0x0800326a   0x00000002   PAD
    0x0800326c   0x0800326c   0x00000104   Code   RO         4612    i.prvInitialiseNewTask  tasks.o
    0x08003370   0x08003370   0x00000068   Code   RO         4613    i.prvInitialiseTaskLists  tasks.o
    0x080033d8   0x080033d8   0x00000068   Code   RO         5207    i.prvInsertBlockIntoFreeList  heap_4.o
    0x08003440   0x08003440   0x00000058   Code   RO         5035    i.prvInsertTimerInActiveList  timers.o
    0x08003498   0x08003498   0x0000001a   Code   RO         4172    i.prvIsQueueEmpty   queue.o
    0x080034b2   0x080034b2   0x0000001e   Code   RO         4173    i.prvIsQueueFull    queue.o
    0x080034d0   0x080034d0   0x000000c4   Code   RO         4174    i.prvNotifyQueueSetContainer  queue.o
    0x08003594   0x08003594   0x00000044   Code   RO         5036    i.prvProcessExpiredTimer  timers.o
    0x080035d8   0x080035d8   0x0000016c   Code   RO         5037    i.prvProcessReceivedCommands  timers.o
    0x08003744   0x08003744   0x00000074   Code   RO         5038    i.prvProcessTimerOrBlockTask  timers.o
    0x080037b8   0x080037b8   0x00000028   Code   RO         5039    i.prvReloadTimer    timers.o
    0x080037e0   0x080037e0   0x00000030   Code   RO         4615    i.prvResetNextTaskUnblockTime  tasks.o
    0x08003810   0x08003810   0x0000002c   Code   RO         5040    i.prvSampleTimeNow  timers.o
    0x0800383c   0x0800383c   0x00000044   Code   RO         5041    i.prvSwitchTimerLists  timers.o
    0x08003880   0x08003880   0x0000007c   Code   RO         5274    i.prvTaskExitError  port.o
    0x080038fc   0x080038fc   0x0000001a   Code   RO         5042    i.prvTimerTask      timers.o
    0x08003916   0x08003916   0x00000090   Code   RO         4175    i.prvUnlockQueue    queue.o
    0x080039a6   0x080039a6   0x00000002   PAD
    0x080039a8   0x080039a8   0x00000194   Code   RO         5208    i.pvPortMalloc      heap_4.o
    0x08003b3c   0x08003b3c   0x00000024   Code   RO         5275    i.pxPortInitialiseStack  port.o
    0x08003b60   0x08003b60   0x000000b0   Code   RO          465    i.start_task        freertos_demo.o
    0x08003c10   0x08003c10   0x00000056   Code   RO          613    i.sys_stm32_clock_init  sys.o
    0x08003c66   0x08003c66   0x00000002   PAD
    0x08003c68   0x08003c68   0x00000068   Code   RO          466    i.task1             freertos_demo.o
    0x08003cd0   0x08003cd0   0x0000000c   Code   RO          467    i.task2             freertos_demo.o
    0x08003cdc   0x08003cdc   0x000000f4   Code   RO          468    i.task3             freertos_demo.o
    0x08003dd0   0x08003dd0   0x00000002   Code   RO          469    i.test_task         freertos_demo.o
    0x08003dd2   0x08003dd2   0x00000002   PAD
    0x08003dd4   0x08003dd4   0x00000048   Code   RO          687    i.usart_init        usart.o
    0x08003e1c   0x08003e1c   0x00000028   Code   RO         4115    i.uxListRemove      list.o
    0x08003e44   0x08003e44   0x0000001a   Code   RO         4116    i.vListInitialise   list.o
    0x08003e5e   0x08003e5e   0x00000006   Code   RO         4117    i.vListInitialiseItem  list.o
    0x08003e64   0x08003e64   0x00000034   Code   RO         4118    i.vListInsert       list.o
    0x08003e98   0x08003e98   0x00000018   Code   RO         4119    i.vListInsertEnd    list.o
    0x08003eb0   0x08003eb0   0x00000094   Code   RO         5277    i.vPortEnterCritical  port.o
    0x08003f44   0x08003f44   0x0000007c   Code   RO         5278    i.vPortExitCritical  port.o
    0x08003fc0   0x08003fc0   0x000000d8   Code   RO         5209    i.vPortFree         heap_4.o
    0x08004098   0x08004098   0x0000002c   Code   RO         5279    i.vPortSetupTimerInterrupt  port.o
    0x080040c4   0x080040c4   0x0000008c   Code   RO         4181    i.vQueueAddToRegistry  queue.o
    0x08004150   0x08004150   0x0000004a   Code   RO         4185    i.vQueueWaitForMessageRestricted  queue.o
    0x0800419a   0x0800419a   0x00000002   PAD
    0x0800419c   0x0800419c   0x00000084   Code   RO         4630    i.vTaskDelay        tasks.o
    0x08004220   0x08004220   0x00000124   Code   RO         4631    i.vTaskDelete       tasks.o
    0x08004344   0x08004344   0x00000018   Code   RO         4635    i.vTaskInternalSetTimeOutState  tasks.o
    0x0800435c   0x0800435c   0x0000000c   Code   RO         4637    i.vTaskMissedYield  tasks.o
    0x08004368   0x08004368   0x00000064   Code   RO         4638    i.vTaskPlaceOnEventList  tasks.o
    0x080043cc   0x080043cc   0x0000008c   Code   RO         4639    i.vTaskPlaceOnEventListRestricted  tasks.o
    0x08004458   0x08004458   0x000000c4   Code   RO         4647    i.vTaskStartScheduler  tasks.o
    0x0800451c   0x0800451c   0x00000010   Code   RO         4649    i.vTaskSuspendAll   tasks.o
    0x0800452c   0x0800452c   0x000000b8   Code   RO         4650    i.vTaskSwitchContext  tasks.o
    0x080045e4   0x080045e4   0x0000014c   Code   RO         5281    i.xPortStartScheduler  port.o
    0x08004730   0x08004730   0x00000034   Code   RO         5282    i.xPortSysTickHandler  port.o
    0x08004764   0x08004764   0x00000090   Code   RO         4190    i.xQueueGenericCreate  queue.o
    0x080047f4   0x080047f4   0x000000fc   Code   RO         4191    i.xQueueGenericReset  queue.o
    0x080048f0   0x080048f0   0x000001e4   Code   RO         4192    i.xQueueGenericSend  queue.o
    0x08004ad4   0x08004ad4   0x00000180   Code   RO         4200    i.xQueueReceive     queue.o
    0x08004c54   0x08004c54   0x000000cc   Code   RO         4653    i.xTaskCheckForTimeOut  tasks.o
    0x08004d20   0x08004d20   0x00000060   Code   RO         4654    i.xTaskCreate       tasks.o
    0x08004d80   0x08004d80   0x00000020   Code   RO         4663    i.xTaskGetSchedulerState  tasks.o
    0x08004da0   0x08004da0   0x0000000c   Code   RO         4664    i.xTaskGetTickCount  tasks.o
    0x08004dac   0x08004dac   0x000001e8   Code   RO         4666    i.xTaskIncrementTick  tasks.o
    0x08004f94   0x08004f94   0x00000110   Code   RO         4667    i.xTaskPriorityDisinherit  tasks.o
    0x080050a4   0x080050a4   0x0000014c   Code   RO         4669    i.xTaskRemoveFromEventList  tasks.o
    0x080051f0   0x080051f0   0x000001a0   Code   RO         4670    i.xTaskResumeAll    tasks.o
    0x08005390   0x08005390   0x00000080   Code   RO         5050    i.xTimerCreateTimerTask  timers.o
    0x08005410   0x08005410   0x00000018   Data   RO          244    .constdata          system_stm32f1xx.o
    0x08005428   0x08005428   0x00000020   Data   RO         5614    Region$$Table       anon$$obj.o


    Execution Region RW_IRAM1 (Exec base: 0x20000000, Load base: 0x08005448, Size: 0x00003528, Max: 0x0000c000, ABSOLUTE)

    Exec Addr    Load Addr    Size         Type   Attr      Idx    E Section Name        Object

    0x20000000   0x08005448   0x00000004   Data   RW          245    .data               system_stm32f1xx.o
    0x20000004   0x0800544c   0x00000024   Data   RW          471    .data               freertos_demo.o
    0x20000028   0x08005470   0x00000002   Data   RW          567    .data               delay.o
    0x2000002a   0x08005472   0x00000002   PAD
    0x2000002c   0x08005474   0x00000007   Data   RW          689    .data               usart.o
    0x20000033   0x0800547b   0x00000001   PAD
    0x20000034   0x0800547c   0x00000009   Data   RW          782    .data               stm32f1xx_hal.o
    0x2000003d   0x08005485   0x00000001   Data   RW         3615    .data               adc.o
    0x2000003e   0x08005486   0x00000002   PAD
    0x20000040   0x08005488   0x0000000c   Data   RW         3775    .data               atim.o
    0x2000004c   0x08005494   0x00000040   Data   RW         4673    .data               tasks.o
    0x2000008c   0x080054d4   0x00000014   Data   RW         5059    .data               timers.o
    0x200000a0   0x080054e8   0x00000020   Data   RW         5215    .data               heap_4.o
    0x200000c0   0x08005508   0x0000000c   Data   RW         5283    .data               port.o
    0x200000cc        -       0x0000003c   Zero   RW          470    .bss                freertos_demo.o
    0x20000108        -       0x00000108   Zero   RW          688    .bss                usart.o
    0x20000210        -       0x00000074   Zero   RW         3614    .bss                adc.o
    0x20000284        -       0x000000f8   Zero   RW         3774    .bss                atim.o
    0x2000037c        -       0x00000040   Zero   RW         4207    .bss                queue.o
    0x200003bc        -       0x000002e4   Zero   RW         4672    .bss                tasks.o
    0x200006a0        -       0x00000028   Zero   RW         5058    .bss                timers.o
    0x200006c8        -       0x00002800   Zero   RW         5214    .bss                heap_4.o
    0x20002ec8        -       0x00000060   Zero   RW         5495    .bss                c_w.l(libspace.o)
    0x20002f28        -       0x00000200   Zero   RW            2    HEAP                startup_stm32f103xe.o
    0x20003128        -       0x00000400   Zero   RW            1    STACK               startup_stm32f103xe.o


==============================================================================

Image component sizes


      Code (inc. data)   RO Data    RW Data    ZI Data      Debug   Object Name

       488         42          0          1        116       2437   adc.o
       100         28          0         12        248       2299   atim.o
       196         10          0          2          0       2329   delay.o
         0          0          0          0          0      13116   event_groups.o
       268         30          0          0          0       2479   exti.o
       822        294          0         36         60      21119   freertos_demo.o
       848        218          0         32      10240       3975   heap_4.o
       128         10          0          0          0        899   key.o
       196          8          0          0          0        911   led.o
       148          0          0          0          0       3146   list.o
        48          0          0          0          0     499287   main.o
         0          0          0          0          0       1476   oled.o
      1010        354          0         12          0       9488   port.o
      2088        336          0          0         64      14131   queue.o
        64         26        304          0       1536        912   startup_stm32f103xe.o
       154         32          0          9          0       6227   stm32f1xx_hal.o
      1436         58          0          0          0       8640   stm32f1xx_hal_adc.o
       260          4          0          0          0       1422   stm32f1xx_hal_adc_ex.o
       344         22          0          0          0     484421   stm32f1xx_hal_cortex.o
       764         18          0          0          0       3389   stm32f1xx_hal_dma.o
       908         44          0          0          0       4459   stm32f1xx_hal_gpio.o
      1784        110          0          0          0       5888   stm32f1xx_hal_rcc.o
       612         46          0          0          0       2377   stm32f1xx_hal_rcc_ex.o
       464          0          0          0          0       4065   stm32f1xx_hal_tim.o
         4          0          0          0          0       1469   stm32f1xx_hal_tim_ex.o
      1162         10          0          0          0       7511   stm32f1xx_hal_uart.o
        20          0          0          0          0       2461   stm32f1xx_it.o
        86          0          0          0          0        695   sys.o
         2          0         24          4          0       1279   system_stm32f1xx.o
      3930       1024          0         64        740      32594   tasks.o
      1082        214          0         20         40      10772   timers.o
       440         56          0          7        264       5234   usart.o

    ----------------------------------------------------------------------
     19884       2994        360        204      13308    1160907   Object Totals
         0          0         32          0          0          0   (incl. Generated)
        28          0          0          5          0          0   (incl. Padding)

    ----------------------------------------------------------------------

      Code (inc. data)   RO Data    RW Data    ZI Data      Debug   Library Member Name

         8          0          0          0          0         68   __main.o
       104          0          0          0          0         84   __printf.o
         0          0          0          0          0          0   __rtentry.o
        12          0          0          0          0          0   __rtentry2.o
         6          0          0          0          0          0   __rtentry4.o
        52          8          0          0          0          0   __scatter.o
        26          0          0          0          0          0   __scatter_copy.o
        28          0          0          0          0          0   __scatter_zi.o
        44          0          0          0          0        108   _printf_char.o
        48          6          0          0          0         96   _printf_char_common.o
        36          4          0          0          0         80   _printf_char_file.o
         6          0          0          0          0          0   _printf_d.o
       120         16          0          0          0         92   _printf_dec.o
       178          0          0          0          0         88   _printf_intcommon.o
         0          0          0          0          0          0   _printf_percent.o
         4          0          0          0          0          0   _printf_percent_end.o
         6          0          0          0          0          0   _printf_s.o
        82          0          0          0          0         80   _printf_str.o
        16          0          0          0          0         68   aeabi_memset.o
        18          0          0          0          0         80   exit.o
         8          0          0          0          0         68   ferror.o
         6          0          0          0          0        152   heapauxi.o
         2          0          0          0          0          0   libinit.o
         2          0          0          0          0          0   libinit2.o
         2          0          0          0          0          0   libshutdown.o
         2          0          0          0          0          0   libshutdown2.o
         8          4          0          0         96         68   libspace.o
        24          4          0          0          0         84   noretval__2printf.o
        68          0          0          0          0         68   rt_memclr.o
        78          0          0          0          0         80   rt_memclr_w.o
       138          0          0          0          0         68   rt_memcpy_v6.o
       100          0          0          0          0         80   rt_memcpy_w.o
         2          0          0          0          0          0   rtexit.o
        10          0          0          0          0          0   rtexit2.o
        74          0          0          0          0         80   sys_stackheap_outer.o
         2          0          0          0          0         68   use_no_semi.o
         2          0          0          0          0         68   use_no_semi_2.o

    ----------------------------------------------------------------------
      1332         42          0          0         96       1728   Library Totals
        10          0          0          0          0          0   (incl. Padding)

    ----------------------------------------------------------------------

      Code (inc. data)   RO Data    RW Data    ZI Data      Debug   Library Name

      1322         42          0          0         96       1728   c_w.l

    ----------------------------------------------------------------------
      1332         42          0          0         96       1728   Library Totals

    ----------------------------------------------------------------------

==============================================================================


      Code (inc. data)   RO Data    RW Data    ZI Data      Debug   

     21216       3036        360        204      13404    1153427   Grand Totals
     21216       3036        360        204      13404    1153427   ELF Image Totals
     21216       3036        360        204          0          0   ROM Totals

==============================================================================

    Total RO  Size (Code + RO Data)                21576 (  21.07kB)
    Total RW  Size (RW Data + ZI Data)             13608 (  13.29kB)
    Total ROM Size (Code + RO Data + RW Data)      21780 (  21.27kB)

==============================================================================

